1:strncmp:0x40003720
	(0.7324:f6f4dc5d1c6c1c1f2a01426a52e0db1b.sub_40003720)
1:sprintf:0x4000355c
	(0.6667:5787b1dd83ed58ba0bc9ea4d62f2d5a1.sub_4000355C)
1:strncat:0x400037e8
	(0.7718:32c7a1af66353a286db56356b078019c.sub_400037E8)
1:snprintf:0x40003d98
	(0.8333:34f3757fca0eac1c60bd9a48daaddc0b.sub_40003D98)
1:send:0x40002f78
	(0.8621:cfa0cf7a969ba27a4df8a7c0cb183fac.sub_40002F78)
1:strlen:0x40002b54
	(0.7357:fe7406645bfd756718b7ec467a7355b4.sub_40002B54)
1:sscanf:0x400013a0
	(0.9167:07953b6a99679484291a3a7f06c6764b.sub_400013A0)
1:recvfrom:0x40003114
	(0.8216:74d0b21d8bf9de599fc59477ff58dfeb.sub_40003114)
1:strrchr:0x40001444
	(0.7159:b502b1c12f0956b6a0d7021ed39cfabf.sub_40001444)
1:memset:0x400039a0
	(0.6896:9705721320680397343791df468a4513.sub_400039A0)
1:strnlen:0x40001000
	(0.7850:18fd9e7f3de9316861b3867af4e09068.sub_40001000)
1:getenv:0x40003c70
	(0.6693:6dcbcaaa27c6c009767c0f58562ae7fc.sub_40003C70)
1:sendto:0x400031c8
	(0.8216:81ab85495c5f6078e1779f1b2a449885.sub_400031C8)
1:recv:0x40002b14
	(0.7119:2c5459a7eadc4efff3f4cf8bc51c6359.sub_40002B14)
1:memcmp:0x400011ac
	(0.7866:5dba2779085570494231c0f9c0d0cf81.sub_400011AC)
2:recvfrom:0x10057308
	(0.8922:ac8c92496279b0563f8d2670cd99e0bc.sub_10057308)
2:strtol:0x100b0a68
	(0.7500:0dacad6e841081ab677c907f8295ea6d.sub_100B0A68)
2:memset:0x100ee024
	(0.8046:c77bdd18f9c77da497bc803635834f15.sub_100EE024)
2:strrchr:0x100b83c0
	(0.7704:1976ac737d5381ed0f93484715d1af13.sub_100B83C0)
2:sprintf:0x1002d7c8
	(0.7639:278f89903decaf926996598de93dc232.sub_1002D7C8)
2:strcpy:0x100ec06c
	(0.7418:993d50eed5cc5c39738ea7ab15e2d49f.sub_100EC06C)
2:atoi:0x10017498
	(0.7333:857258071d17b9bfe4f574d6ca7f0ccc.sub_10017498)
2:strnlen:0x10026118
	(0.8031:7dca238e17bb8f05415f6f747fe988a2.sub_10026118)
2:strtoul:0x1006b6d8
	(0.7500:c36a1c51b209ceb84a6d6bbca493b73f.sub_1006B6D8)
2:strncat:0x1000f6c8
	(0.8571:56cbf5d87dff639f62ad886c2a59993c.sub_1000F6C8)
2:strncpy:0x1003e160
	(0.8000:b646152685dee8332d6568952b7757c0.sub_1003E160)
2:memcmp:0x100eb790
	(0.8143:bb2faa28571dae04a75364045a43d51d.sub_100EB790)
2:strcat:0x100b1008
	(0.8000:f4d9de4a30d03e16de85137ef4d12285.sub_100B1008)
2:memmove:0x10074418
	(0.8031:1917d8b5b5cda9e20b5de5efa653a1b2.sub_10074418)
2:sscanf:0x100289c8
	(0.7639:7c5e572d11c26661fa7a8501a19badd2.sub_100289C8)
2:sendto:0x100f2b34
	(0.8000:52275e0ffa6ea4fc1693cc3d51e3923c.sub_100F2B34)
2:send:0x100b50a8
	(0.8253:aaabf0be204c75fc99da9fb5dd1c78ca.sub_100B50A8)
2:getenv:0x10043be8
	(1.0000:7c7dbcceac0148b5279384d8a9145b7b.sub_10043BE8)
2:recv:0x100294b8
	(0.8003:825929d471f24f336844a55d111c3355.sub_100294B8)
2:snprintf:0x100674c0
	(0.9615:93d16d56d10b726d4affa0ca251d150a.sub_100674C0)
2:memcpy:0x1003b100
	(1.0000:c0357e476b84e845a7127834a3a12a9e.memcpy)
2:strchr:0x1003cd60
	(1.0000:734f0d53cbf859139292df506a3ca166.strchr)
2:strlen:0x1003c028
	(1.0000:284a960055721ca67f6bd32998985a06.strlen)
2:strncmp:0x1003cba0
	(1.0000:6a7bd3394d8a4af1aa6b3a50ce31ed50.strncmp)
2:strcmp:0x1003ecf0
	(1.0000:ac4a6f05e4765396a5ae13c19073067f.strcmp)
3:strlen:0x3aa4c
	(0.6093:11d289e4b504137eaa71eca0a12976a9.sub_3AA4C)
3:strncat:0x4c2a4
	(0.7848:2d524944bd9c2c20d91b3f8ca5c4e13e.sub_4C2A4)
3:memcpy:0x36518
	(0.6667:073b141609274c005bc68d7f8b2c22a6.sub_36518)
3:strchr:0x4bc00
	(1.0000:b98eac1b4f7ecce64249db174f8e2b4f.sub_4BC00)
3:sendto:0x4f904
	(0.9648:163d5df91b60fdeccd2084e2055e43b5.sub_4F904)
3:recv:0x52994
	(0.9231:5e4c917fb2eec177c9579e7d7f1433d9.sub_52994)
3:sprintf:0x49678
	(0.9338:bcb12ed7158b7f32c98a7a2935a02b5e.sub_49678)
3:sscanf:0x2e85c
	(0.8571:6a2934a8e453b587402cc1d68e7f4474.sub_2E85C)
3:memmove:0x4c158
	(0.6667:6a101beae729147650dac8ca2a4e0e54.sub_4C158)
3:send:0x4f690
	(0.8257:b827e8dd877268e93268b6a83ab4036c.sub_4F690)
3:strtoul:0x2e838
	(0.8000:6e0ed3879c8574e9b585bdf6c9097514.sub_2E838)
3:strncpy:0x4be44
	(1.0000:708b2de1012b9b99bfd736234ddc0063.sub_4BE44)
3:strcpy:0x4bcf0
	(1.0000:57aa17badc67cffc6860cb959db069d4.sub_4BCF0)
3:strcmp:0x4ba70
	(1.0000:387dbc3ae92b51e42f087fe392ce16e2.sub_4BA70)
3:snprintf:0x2e894
	(0.8889:bdb9153874bbe68ab477f4493d073679.sub_2E894)
3:strncmp:0x4bd48
	(1.0000:1710738e05f26996a78393e8114f9ab9.sub_4BD48)
3:atoi:0x51a04
	(0.7692:bf422a6b06491a46a1343c631ccc26b8.sub_51A04)
3:recvfrom:0x45a60
	(0.7996:ccf6cb2fe51b8dfabe3d5ec42cc7f81d.sub_45A60)
3:strtol:0x2a230
	(0.9231:d4a7cf4fc88ae949b9342392e55993e8.sub_2A230)
3:memcmp:0x4b980
	(1.0000:ab6605c1f654561ffbc1197c390acf05.memcmp)
3:getenv:0x50fe4
	(1.0000:abbbc0c09189cd752e7459a0f7adfedf.getenv)
3:strrchr:0x4c014
	(1.0000:9a34018bea71dab3faaa713eec914f6e.strrchr)
3:strnlen:0x4bf3c
	(1.0000:c644e4cb6f9a38690d125cf97ebaf402.strnlen)
3:memset:0x4b9d0
	(1.0000:281c4a97ffa0cf9ec96302af558adee9.memset)
3:strcat:0x5c474
	(1.0000:173f8e2f765d1a8a4b9dee10cfe40da7.strcat)
4:strncmp:0x3752a
	(0.8556:8a2183c292972ade8170dbedafc9aac3.sub_3752A)
4:strncpy:0x64662
	(0.7498:f408cc39518adfce414bb4b3c874c132.sub_64662)
4:strcat:0x1693c
	(0.8000:88a796901b2de16ed66d6dd70f8fb770.sub_1693C)
4:memcpy:0x38222
	(0.9892:114a9903b1e1b43a4c6ea51b323238a5.sub_38222)
4:recvfrom:0x76206
	(0.9135:4c3a202a9c46d7237546661b844825de.sub_76206)
4:memmove:0x37ff2
	(0.9791:0ed72ab4369f8404c6f3d8043224e388.sub_37FF2)
4:getenv:0x20772
	(0.8978:88630f979044ddc92f6802ad3cf668d4.sub_20772)
4:strrchr:0x375bc
	(0.9281:9acf1e096aa1e1afd65717fa398ed79e.sub_375BC)
4:sprintf:0x1544e
	(0.5758:d6c75d38b0792fbc7e7496d9bbf714f1.sub_1544E)
4:strchr:0x370f2
	(0.9893:e1c197db46c3e816e43e09ff6ba054cf.sub_370F2)
4:strnlen:0x37460
	(0.8711:1004d54ba65fdf312cdf33e9d9857740.sub_37460)
4:sendto:0x77e76
	(0.9106:c79a94718d2831e80059ec81101d58f2.sub_77E76)
4:strlen:0x373b6
	(0.9901:9330fe7f529c5d604aff55e2b8a4eac1.sub_373B6)
4:recv:0x40010
	(0.8829:86f39f66935006a757acd0d68b9b105c.sub_40010)
4:strcmp:0x371c6
	(1.0000:8f19408e8c5f4a91a12a539f4a3daa7c.sub_371C6)
4:sscanf:0x2cce2
	(0.6222:3613c61951089486162e324a1163b0a3.sub_2CCE2)
4:send:0x400ac
	(0.8833:183819168cede842c8fa096b02c2f7f9.sub_400AC)
4:strncat:0x214a4
	(0.8571:68d08cfcf80a87ca22284e51bab9ba75.sub_214A4)
4:atoi:0x1c448
	(0.6667:4e9704d86546ab202880ebfdb58a4570.sub_1C448)
4:snprintf:0x14ce2
	(0.5758:930539a171f9ab752cc8feb50dcb3c4b.sub_14CE2)
4:memcmp:0x74bc8
	(0.7318:e4f0d2538a2d977799cb95fe9ff81350.sub_74BC8)
4:memset:0x38116
	(0.9418:c4ac19acd2e622291b76a87df473eb3c.sub_38116)
4:strcpy:0x39e72
	(0.7500:9cef158cc572de74a88a73eeeae1dc71.sub_39E72)
6:strnlen:0x802040b0
	(0.7143:e648344488d706589055e84c2a4df8a1.sub_802040B0)
6:recvfrom:0x80201c08
	(0.6667:f058a23bebed77568720f8d418d0a46e.sub_80201C08)
6:memset:0x80203b68
	(0.5233:8a7d4c314fb6f674c02a7d70ed5e928f.sub_80203B68)
6:sprintf:0x80202e5c
	(0.7143:f296c7656329dfbb9c2dfbb9c55dca3f.sub_80202E5C)
6:getenv:0x80203f80
	(0.6478:3aa38dd736155570962e59779967c6ee.sub_80203F80)
6:memcmp:0x80202db8
	(0.9034:79381a8d8d42f7153ff3f309b1339885.sub_80202DB8)
6:atoi:0x80203eb0
	(0.8000:d256ea3b8141f5cab8d20369d92291e2.sub_80203EB0)
6:snprintf:0x80204b48
	(0.7500:b38fb1e77a2d282089676ca339f8cb06.sub_80204B48)
6:strrchr:0x80201bd0
	(0.7500:b4204ab8331743c298db0cff841bbdc3.sub_80201BD0)
6:strtoul:0x80204314
	(0.9286:b34905c4d9ca89880eefbb5f065e7d4f.sub_80204314)
6:send:0x80202e08
	(0.6268:5193639f8afc0170de2ee6d7a26b1d83.sub_80202E08)
6:strcpy:0x802036f8
	(0.8000:e8669c0f07cdf158b3fda84fed58d122.sub_802036F8)
6:strncat:0x802045d0
	(0.7081:f59e7bc02bbb6d209e8f328720a2fed3.sub_802045D0)
6:strlen:0x80203500
	(0.6256:a142e7d1e6ea850ba70dafb93d1a55ac.sub_80203500)
6:recv:0x80202a18
	(0.6667:507dda9894df5efb9c312a1da25362a1.sub_80202A18)
6:strtol:0x80202b94
	(0.7500:5e93a75ef6758c6bfe1743a86e23ea60.sub_80202B94)
6:strcat:0x80203b08
	(0.7143:631891e52287828997b9e8b692a64462.sub_80203B08)
6:memmove:0x80201250
	(0.5988:0156662223464b3619621ba6d9ccb745.sub_80201250)
6:strchr:0x80201be4
	(1.0000:ba88b599541324d146b870ecec0da9c4.sub_80201BE4)
6:strcmp:0x802035d8
	(0.6089:40a14ce94f2d80a34eec348287d5759f.sub_802035D8)
6:strncmp:0x80203bf4
	(0.6415:3fcd10fb053b5fc2d7b9999e796e4ee3.sub_80203BF4)
6:strncpy:0x80204508
	(0.7500:ee4b96e10ab7db1ba9eaf003b5c5c805.sub_80204508)
6:sendto:0x802035f8
	(0.6667:5c635eaa315174c35f87aa174a86ea06.sub_802035F8)
7:strncmp:0x64ce
	(0.6081:710e97e46545434b23125db3a34c48a6.sub_64CE)
7:strcat:0x64e4
	(0.7511:6dbf7248271822f7e90c4302a7cccc6e.sub_64E4)
7:strncat:0x2200
	(0.8235:c6415350e4ee9bfc7b8e025fb6b04572.sub_2200)
7:getenv:0x139c
	(0.5811:77902061f1479642d3418eb99341f396.sub_139C)
7:snprintf:0x6a4c
	(0.8000:c1ad6e3b4402733de5412cf379aabc0c.sub_6A4C)
7:strtoul:0x637c
	(0.7143:0966048713158686b6c7d11af96a392c.sub_637C)
7:strncpy:0x1f30
	(0.9412:99ca71e8685200e1bf94de2ad2b8ba42.sub_1F30)
7:send:0x6638
	(0.6667:83bb77120e31da66616ae2f9ce869953.sub_6638)
7:recvfrom:0x2078
	(0.8333:ef232208ab6469959406c6cdfc7580f8.sub_2078)
7:strrchr:0x6376
	(0.8000:ff8f4f07eb313eae7b6f685d50a09519.sub_6376)
7:strcmp:0x4004
	(0.6275:d3ed400d2f6981beb2e697e957cdafa8.sub_4004)
7:sendto:0x1f44
	(0.5652:30c62d4a82f221513856abc7781f421d.sub_1F44)
7:strchr:0x6a36
	(0.9231:e93120ae67c834bce72936eacf76267d.sub_6A36)
7:atoi:0x7f4
	(0.5217:9c15106a70fcba5be79aaf702212846d.sub_7F4)
7:strnlen:0x55c8
	(0.9231:cd5805af14fde90ac9f571a3fcc5030a.sub_55C8)
7:memcpy:0x1b3c
	(1.0000:854b26e2a4a0a85684c765a889cd60fe.sub_1B3C)
7:sscanf:0x5cde
	(0.8000:28b20d7910ee90ce71760bf54b156f5a.sub_5CDE)
7:sprintf:0x64f6
	(0.7692:1430a3e59e6a4abb1bf3142eee3748ba.sub_64F6)
7:strcpy:0x29d4
	(0.8000:842a54332691f61f8f30f4b8de4d4978.sub_29D4)
7:memcmp:0x4f8
	(0.6749:03407b06753d204b3f1a3bbdb2d69697.sub_4F8)
7:strtol:0x1ba8
	(0.9231:c332598ed2b961c2bca2bb47337ce34f.sub_1BA8)
7:recv:0x6962
	(0.9231:39264c9bed4717342c43b3f2e3d3f41e.sub_6962)
7:memmove:0x53f0
	(0.6667:30850ebae5d06c55ae879c6231f15afb.sub_53F0)
7:strlen:0x2ef8
	(0.5837:996458f169f25519bf9ca6e0275e4a36.sub_2EF8)
8:recvfrom:0x20b860
	(0.7500:68365fb2f3b09bfac403b5ac71ab6cdc.sub_20B860)
8:sendto:0x2063dc
	(0.5881:480132c7316505bd586d6e81e39487b6.sub_2063DC)
8:sprintf:0x20640c
	(0.8571:76247b34836ee0ae28062d93da348b50.sub_20640C)
8:atoi:0x20ae92
	(0.5217:1706f048f296ffb829824fc9189bf608.sub_20AE92)
8:strtoul:0x20b2d8
	(0.8000:25769a5572498ace1bad28efc72ba1ea.sub_20B2D8)
8:strncpy:0x20627c
	(0.8235:d629be910ca990f3eb179e219a84dafe.sub_20627C)
8:strncmp:0x206ac8
	(0.6615:8e15c6555336ef8e80e3ade6cfa076ed.sub_206AC8)
8:strrchr:0x2096a0
	(0.9333:cced23dd6d1c75a8b1bb66c1d3b9cf05.sub_2096A0)
8:strcpy:0x2069f4
	(0.8516:9412c879598642121744860509c5a33b.sub_2069F4)
8:strncat:0x20b50e
	(0.9412:6036f82a5f0481d83e9ed55db0716183.sub_20B50E)
8:strtol:0x20b690
	(0.9231:c8ec242c2d0a1ddc301b05675fbe6670.sub_20B690)
8:strchr:0x2037b8
	(0.9231:b59a4ce742ebb0aa4d41df2ce4e9137c.sub_2037B8)
8:strcat:0x2064e4
	(0.8000:61cc8a6601ef6a2fd81972ed9bc405b7.sub_2064E4)
8:strnlen:0x20b8d2
	(0.9231:9836c5ccb98b61f3f46e106b8e610bac.sub_20B8D2)
8:send:0x206318
	(0.6667:c2f6123e99a7e1c2ac9993432f6fff1f.sub_206318)
8:getenv:0x203c50
	(0.5820:5d6bd7550cb96b492144b560f094c2b7.sub_203C50)
8:sscanf:0x20aec6
	(0.8000:7f808247e7d74c16bc8994219ad77d0b.sub_20AEC6)
8:strcmp:0x206394
	(0.6999:bf48ca42b4da6f52ee0a34dcb040c38a.sub_206394)
8:memcmp:0x20a5a4
	(0.6867:1c2bf5cc487ff2bbc9db48d61d9271eb.sub_20A5A4)
8:recv:0x204854
	(0.9231:fc7cf78a09e3df4dec8b4a415a974360.sub_204854)
8:snprintf:0x209188
	(0.8000:de4ed4a3fe03a81470be76d09fbb2340.sub_209188)
8:memset:0x20ace0
	(1.0000:b9457cb6625621d2294d28bcbbc4b5ae.memset)
8:memmove:0x20abe8
	(1.0000:f758c58b1292c9b2edbe87f46b86b71d.memmove)
8:memcpy:0x20aafc
	(1.0000:dcc02c345e09ee1c16aa7127b3ea44ed.memcpy)
8:strlen:0x20ad84
	(1.0000:9640a6ed6d08648b9335952efa00feaa.strlen)
10:strcat:0x4b1a40
	(0.9136:e29cddfb2ea91c442af5845d806ae343.sub_4B1A40)
10:atoi:0x4d7180
	(0.5217:408595409ec03db18938183eb7c8e5b5.sub_4D7180)
10:strrchr:0x432d60
	(0.8684:14f7feeaeabbf8e0bfdee9181b93c9f8.sub_432D60)
10:strncat:0x432f90
	(0.9136:4ee5d6875e1d41fe399eaf6922969710.sub_432F90)
10:strcpy:0x433170
	(0.8369:226566464534930177d78eb70ec5e995.sub_433170)
10:send:0x4bc740
	(0.7850:24a9cf35cc7dbea80e731770ce3fd5d2.sub_4BC740)
10:strchr:0x432f40
	(0.8763:cf9f8656cdec03ec6da1c6228ce39215.sub_432F40)
10:recv:0x4bc580
	(0.6974:aaf3fb784d107ab338474bc8ac2d09e8.sub_4BC580)
10:strlen:0x432ab0
	(0.8701:bba9e32ecc4dfc5f651ed0b6575eec90.sub_432AB0)
10:snprintf:0x471e00
	(0.7197:0c1a9bdf280b54f59cb3245bef0bdffa.sub_471E00)
10:strcmp:0x4321c0
	(0.8369:1262b09b3ff418aea89bb0a3ec707ff4.sub_4321C0)
10:memset:0x40c4d0
	(0.9221:8a86acdba8c219f768b1763eb1e27664.sub_40C4D0)
10:memcpy:0x4320b0
	(0.8599:66326b37b896261c05ea311b48fcd322.sub_4320B0)
10:memmove:0x4d81e0
	(0.8891:6694a52a7ba7a9f7db0dc73853ad8989.sub_4D81E0)
10:strncmp:0x44e800
	(0.8555:e2ad8fe0ced060a4a9040f20683152af.sub_44E800)
10:sscanf:0x418d70
	(0.6750:00b04e3e2b196b2c10b6bcece82cfaa2.sub_418D70)
10:memcmp:0x431e60
	(0.8833:cab11bd1080c884be0a81d0d0a7e7fe9.sub_431E60)
10:recvfrom:0x4e3910
	(0.7737:71c43bc081adbb5c30c1bacfad6686fb.sub_4E3910)
10:strnlen:0x432b50
	(0.8684:3fd9eaf5cfc0817b9c9b70882ebf67fc.sub_432B50)
10:strncpy:0x432ef0
	(0.9136:831a8498011254e0ba6d3aa83b5acab6.sub_432EF0)
10:sendto:0x4e6160
	(0.7738:96c9d3a488bc1558beb20756779a4bf0.sub_4E6160)
10:sprintf:0x4d6d20
	(1.0000:845a220ddb794b0d92f01a3eaaca3d39.sprintf)
10:getenv:0x417760
	(1.0000:92b7683f82e35839bdc26d0717532ac0.getenv)
11:strcpy:0x29a4
	(0.8000:842a54332691f61f8f30f4b8de4d4978.sub_29A4)
11:sendto:0x178dc
	(0.6127:5b64b809e911d9d19e0dbd42cc66e074.sub_178DC)
11:memcpy:0x1ae4
	(1.0000:854b26e2a4a0a85684c765a889cd60fe.sub_1AE4)
11:strcmp:0x26fb8
	(0.6551:a376c5f953a363a60352c79c46af9004.sub_26FB8)
11:sscanf:0x26666
	(0.8889:e114884153c9493d6d841e07f0f0d60c.sub_26666)
11:sprintf:0x1fa1a
	(0.8000:324c52eb6a0122d5045a598a416669a2.sub_1FA1A)
11:memcmp:0x23e78
	(0.6794:f90ebeadb03863a0548650b127bf95d9.sub_23E78)
11:memmove:0x13d0
	(1.0000:019285cdbed6dc5ad44d68e49c34fffe.sub_13D0)
11:strncmp:0x206d4
	(0.6081:710e97e46545434b23125db3a34c48a6.sub_206D4)
11:atoi:0x22974
	(0.9565:26bbc49882e8ff96a2555d99a8659810.sub_22974)
11:getenv:0x26a4e
	(0.6208:a9fd81b289ff333b8c38e76e398943b8.sub_26A4E)
11:strlen:0x31c4
	(0.5837:6842a083d3904c904462e31c0e0c404c.sub_31C4)
11:strchr:0x24e68
	(0.9231:b60cc229b8ff2112ee486506894a47ac.sub_24E68)
11:snprintf:0x2b2c8
	(0.8889:c0a9ff506bf76ec18b28bd92d6a9b3d5.sub_2B2C8)
11:recvfrom:0x2048
	(0.8333:ef232208ab6469959406c6cdfc7580f8.sub_2048)
11:send:0x2c826
	(0.6667:f5a8a6e7e8c8f9fbc595b7b176d7a333.sub_2C826)
11:memset:0x120e4
	(0.5153:36f307f2efe5fa7050a29ea8b96c281b.sub_120E4)
11:strrchr:0x1ad0
	(0.8000:fb8faca0caa2857f2b45aefabfa8b6c4.sub_1AD0)
11:strncpy:0x2c1a4
	(0.9412:78e3a081cf0f4060067ba1466e1b590e.sub_2C1A4)
11:strtoul:0x2b2b2
	(0.8000:507a9154da8047b3adde8e33b4e5bc82.sub_2B2B2)
11:recv:0x2c1bc
	(0.9231:f3c5e6813cccf28a00a1aae2ceafdab0.sub_2C1BC)
11:strcat:0x24d9e
	(0.8000:f29dc427f84e2f97af74beab66578a89.sub_24D9E)
11:strnlen:0x27a58
	(0.9231:cad4bfa689ca4ca3199905989b5193c3.sub_27A58)
11:strtol:0x2690e
	(0.9231:c1c0db7791fada549ed40525009e7b52.sub_2690E)
11:strncat:0x1ed8
	(0.9412:99ca71e8685200e1bf94de2ad2b8ba42.sub_1ED8)
12:recv:0xc096acc
	(0.9231:053a53127f667c43f4198ba9ca808594.sub_C096ACC)
12:snprintf:0xc0e1c4c
	(0.8889:752622fdc3cab0ce9e1427d6b625070d.sub_C0E1C4C)
12:strrchr:0xc0e2a5c
	(0.9333:5fb6c6268c961f2e77a762f83fe951ef.sub_C0E2A5C)
12:sendto:0xc0b82cc
	(0.6627:da39fa7467113ddb8463fbbb9b76ed40.sub_C0B82CC)
12:strcat:0xc068c04
	(0.8000:22d2af98a4e4f8631c1b4ef7d3012044.sub_C068C04)
12:memset:0x22551c
	(0.5054:1f928da39c660d50167cf9a55ce3700b.sub_22551C)
12:strtoul:0x204910
	(0.8889:dd6bb268f1b94733436ca60e7e7bd491.sub_204910)
12:sprintf:0xc0a2144
	(0.9231:8e5dfe9a916f05c3a9f9f334ea5715b1.sub_C0A2144)
12:atoi:0xc0e339c
	(0.9565:284634d835809338eda7f04ef7b432f4.sub_C0E339C)
12:sscanf:0x229b1c
	(0.8889:e782eea212411804dba0254f1e350b34.sub_229B1C)
12:strtol:0xc09d92c
	(0.9231:2895ebd1e390e5f5c1486d23649eaee2.sub_C09D92C)
12:strncpy:0xc0e2530
	(0.9412:e488dce432d7afdd8a4e7e272bf7836a.sub_C0E2530)
12:strchr:0xc0e1ad0
	(0.9231:22e7828f31be7db1f34ec0816c17e2fa.sub_C0E1AD0)
12:memcmp:0xc0689d8
	(0.7242:d9070f62ebe47edbce43b787d3b6066c.sub_C0689D8)
12:send:0xc0ecbb8
	(0.6667:1d52d6491a1b6992a4a5a5024294f918.sub_C0ECBB8)
12:getenv:0xc0bd0e4
	(0.6124:a067618e57bf7cb8c7364b10219c5e36.sub_C0BD0E4)
12:strnlen:0xc0742a0
	(0.9231:56ff93fb531353ec44f6a16b652950ff.sub_C0742A0)
12:recvfrom:0xc02aac8
	(0.7500:4622195300c90f833ce380868f8db084.sub_C02AAC8)
12:memmove:0xc0e39fc
	(0.6667:e436383c754708ea72be63ef2451c404.sub_C0E39FC)
12:strncat:0x20f040
	(0.9412:28a4a48586bd8cce70c7ef0617bcfd80.sub_20F040)
12:strncmp:0xc0bce8c
	(0.6438:03c75b05d2d207ee85dce426fd3f9972.sub_C0BCE8C)
12:strcpy:0xc0e543c
	(1.0000:2f68f65e9457164cdb47bf8363916b8c.strcpy)
12:memcpy:0x2001a8
	(1.0000:dcc02c345e09ee1c16aa7127b3ea44ed.memcpy)
12:strcmp:0xc0e5280
	(1.0000:d8a22399a9849f350edfee4563f910d3.strcmp)
12:strlen:0xc0e58e0
	(1.0000:9640a6ed6d08648b9335952efa00feaa.strlen)
13:getenv:0x800a4d8
	(0.5503:73166ec391be0069505b88a6cf393058.sub_800A4D8)
13:strtol:0x8002cbc
	(0.8000:8c4ee2bb386d0d36325df5c2fa3721f1.sub_8002CBC)
13:sprintf:0x8002c6c
	(0.8889:43ef235cec9967e1cf2336fff7740a5a.sub_8002C6C)
13:memcpy:0x8000710
	(0.6667:841c42d0c883797524a6299dd58a63d5.sub_8000710)
13:strrchr:0x800a038
	(0.6667:349af7f8d9f4978d19aca4920ce556e5.sub_800A038)
13:sendto:0x8000e6c
	(0.7500:68365fb2f3b09bfac403b5ac71ab6cdc.sub_8000E6C)
13:strcpy:0x8004098
	(0.7057:127bbb908855b5a82e3688fbbd7d0179.sub_8004098)
13:strncpy:0x80087b0
	(0.6669:ddefb0bb0ce8a392f475acf6dbaef389.sub_80087B0)
13:memset:0x8005894
	(0.6169:cdb3fb59c09998e939f0f6ddeebbce56.sub_8005894)
13:strnlen:0x80025cc
	(0.7692:91dae2e8b5b36efe3cb46587542e6c5c.sub_80025CC)
13:sscanf:0x8002020
	(0.8571:f1b96175ed753a3c536a5bb4e88a8e44.sub_8002020)
13:memcmp:0x8008ab0
	(0.5421:5f03612da55f1048760d9bf019673d40.sub_8008AB0)
13:strchr:0x8003d88
	(0.7692:0966048713158686b6c7d11af96a392c.sub_8003D88)
13:strcmp:0x8005944
	(0.6154:eab0889b0e1c0fb68806e888c04cb394.sub_8005944)
13:strlen:0x8000c1e
	(0.5572:f25b5e6f8fddd60d37419ac3f5b9c99b.sub_8000C1E)
13:strtoul:0x8000bb4
	(0.8000:25769a5572498ace1bad28efc72ba1ea.sub_8000BB4)
13:strcat:0x80012d0
	(0.8000:3d961ea7d5f16c1155ec7f4fd51a8a9c.sub_80012D0)
13:strncmp:0x8007b58
	(0.5956:6d169f3db60f1137a0480075c7f90e6b.sub_8007B58)
13:recvfrom:0x8007ecc
	(0.8333:26f4476e59e8d156897dd8929f6e87b8.sub_8007ECC)
13:atoi:0x8008a64
	(0.5217:19c299c178be32232c7fba40e7d0b322.sub_8008A64)
13:snprintf:0x8000bbc
	(0.8000:f1979d5348c9d3fcd048e6ae9ce6d3dc.sub_8000BBC)
13:strncat:0x80040d4
	(0.6419:715665c45f9ab24f1f72ee59a0d1ca73.sub_80040D4)
13:memmove:0x800b414
	(0.6667:6ef814d24b7d33b478211ec24f056538.sub_800B414)
13:send:0x8000738
	(0.6667:4565fdd5eef0ef94d4c0de32ae96399a.sub_8000738)
13:recv:0x800a140
	(0.7692:a5f21d123577b43b26db3c640578f63c.sub_800A140)
14:memmove:0xe13140de
	(1.0000:019285cdbed6dc5ad44d68e49c34fffe.sub_E13140DE)
14:sendto:0xe1314568
	(0.7500:68365fb2f3b09bfac403b5ac71ab6cdc.sub_E1314568)
14:memcpy:0xe1312400
	(0.6667:02006fc6797c9a174790290b370a0d3c.sub_E1312400)
14:memcmp:0xe1318448
	(0.6177:cc6efa3522aeadc54f7f3e925762ff4c.sub_E1318448)
14:strchr:0xe1318bfc
	(0.9231:560a351486014879dace243f3a51af05.sub_E1318BFC)
14:getenv:0xe1311840
	(0.6228:b098548c54f8c53d461d37bcec6f6655.sub_E1311840)
14:recvfrom:0xe131456a
	(0.7500:68365fb2f3b09bfac403b5ac71ab6cdc.sub_E131456A)
14:strlen:0xe131d5ec
	(0.5947:a795631b4728303ed262d30ba29bb369.sub_E131D5EC)
14:recv:0xe1315688
	(0.9231:dc18e275f1580c0b4962bb4789268f9e.sub_E1315688)
14:strcmp:0xe13136b4
	(0.5580:8f37a01f01a17837b435720e64f2247d.sub_E13136B4)
14:snprintf:0xe13143e8
	(0.8000:96de826a2c0d9859eb952be299e1d842.sub_E13143E8)
14:memset:0xe131ad82
	(0.5040:0be529081ef57960fb5f05e96fc9cb34.sub_E131AD82)
14:strncmp:0xe1311ab8
	(0.7021:5b2d25e2add2325abf925881f26674b7.sub_E1311AB8)
14:strrchr:0xe1315962
	(0.8000:ae8ec0e9d4f420f959dcf8424ed8dbaa.sub_E1315962)
14:sscanf:0xe1319f7a
	(0.8889:c251d6f8c77f8d14ce39a3921d14bd9a.sub_E1319F7A)
14:strtol:0xe13121e0
	(0.9231:84597b321913b0fa10462f2f96fde634.sub_E13121E0)
14:atoi:0xe1315aa8
	(0.5217:0e6f8b4ac366ad5d2561a33d97458ca9.sub_E1315AA8)
14:strncpy:0xe1313298
	(0.7619:04bb86fcd62067fd5e02d786ad19fc7e.sub_E1313298)
14:sprintf:0xe1313262
	(0.8000:42adee2ab47a86ce245ba909d3b12f2e.sub_E1313262)
14:strncat:0xe131b7f0
	(0.9412:5153e07e7c416a8cb3530bda43004c60.sub_E131B7F0)
14:send:0xe1311078
	(0.6667:188fed77d1ec54280620f4837ef20b9e.sub_E1311078)
14:strcat:0xe1311e70
	(0.8000:5e51b6d02966568f056ce2608a4c3469.sub_E1311E70)
14:strtoul:0xe131aef0
	(0.8889:40a34fbb5e3bf0342acabdbd991e93ec.sub_E131AEF0)
14:strcpy:0xe131b658
	(0.8235:080bff6dccd68cbc9cf40df2054fca5a.sub_E131B658)
14:strnlen:0xe13156a0
	(0.9231:089f303162f3dfc6bc715c6fa32ffe03.sub_E13156A0)
16:strcpy:0x40380fcc
	(0.7500:378362d5a4461210110f5fd1bd0dbbf1.sub_40380FCC)
16:strchr:0x42012728
	(0.5301:7a8a72dea39a2d0bea0351444a1b03be.sub_42012728)
16:memcpy:0x42012188
	(0.7037:99a469eb1a36e990388a029b97de9529.sub_42012188)
16:strncat:0x42010938
	(0.6667:838ad75634673f3953692728cc39a6e2.sub_42010938)
16:snprintf:0x420100e4
	(0.6667:efcc54e7e90f690b77b6d9c95ca26979.sub_420100E4)
16:sscanf:0x40380ed8
	(0.6667:0c1bdd7af7552697ec1e46a9c4523a7c.sub_40380ED8)
16:recvfrom:0x42011e24
	(0.6527:8afbcfb86f7ef65cb7da4b6e2a585884.sub_42011E24)
16:send:0x403827f8
	(0.5564:6ecb26626aaeff658d9900ea1cb96ca8.sub_403827F8)
16:memmove:0x42012be0
	(0.7112:cf5d02a91c79f69dcea886f193c40dad.sub_42012BE0)
16:sendto:0x42010104
	(0.6145:1b721b6e3b079db53838ba2bfebba304.sub_42010104)
16:strncpy:0x403805cc
	(0.8333:839aebf94ded89ce3c786cf94b09013a.sub_403805CC)
16:recv:0x420102cc
	(0.5769:8abc1eae529afb3cd6de9d9a51b81a46.sub_420102CC)
16:getenv:0x40380ccc
	(0.7020:3ace4fe91d54f2c388a56dcb07f6097b.sub_40380CCC)
16:sprintf:0x42012114
	(0.6667:10d31e90e5fcfc067bf92e4f9def5a5d.sub_42012114)
16:memset:0x42011a7c
	(0.6423:9757e91601c43fa3e665cdc312a3ae21.sub_42011A7C)
16:strcat:0x40381754
	(0.8000:a247dc49223c7b4f4aa7f6976c09def3.sub_40381754)
16:strncmp:0x42012a28
	(0.5652:505a92f48c9de29fd0da9938e98a2e57.sub_42012A28)
16:strrchr:0x40380dd4
	(0.6588:98233d85aedd9efd37a87e67f95f4159.sub_40380DD4)
16:atoi:0x403806a8
	(0.6667:643ced19f35bc3cf93ff8257c463a86f.sub_403806A8)
17:strchr:0x1a9c0
	(0.9231:e84e92730a9e87534bd30de0c28247fe.sub_1A9C0)
17:sprintf:0x1170
	(0.8889:334706f55e7d1b734ad03a81ee98e014.sub_1170)
17:strncpy:0x3b74
	(0.8235:d76b8c92c3d1f950dbab8eb1caba0dac.sub_3B74)
17:memset:0x1a7f4
	(0.8888:e9b4fa18ece6212b63359fde5508a5e9.sub_1A7F4)
17:atoi:0x19efc
	(0.9944:cd62f18406b4c10b90773cac1c34dc21.sub_19EFC)
17:strcat:0x1a994
	(0.8000:ec28c446b58e2737618a24af53d5a555.sub_1A994)
17:strrchr:0x1ae58
	(0.9453:b9314f336f1b1be06d717306d4090790.sub_1AE58)
17:recv:0x161f0
	(1.0000:1232bfa22f6f5a34cc0c18037eb6d51a.sub_161F0)
17:getenv:0x10914
	(0.9800:bf6950221b9f6578a659f9c6996473d4.sub_10914)
17:memcmp:0x1a4f8
	(0.7059:fc3a4008a63682be01cf4dbe8e13caea.sub_1A4F8)
17:memmove:0x11310
	(0.6667:927dcadbb588a39f2fe117064741a4cc.sub_11310)
17:strtoul:0x1a0d0
	(1.0000:458bc8bb553ebf89bfd8803e8f0f91c0.sub_1A0D0)
17:strnlen:0x1ae10
	(0.9231:f69900fac3398bef2681f53218e02705.sub_1AE10)
17:snprintf:0xc500
	(0.8571:1e647eaebb5bb6e8ba00bb1f6c715ea0.sub_C500)
17:strncmp:0x2455c
	(0.6156:33c119efd8d8f5234af8ad654c69dc76.sub_2455C)
17:send:0x1a10c
	(0.6667:7c3527a62f01c24ab49da26a4c5d54aa.sub_1A10C)
17:strtol:0x1a0ec
	(1.0000:33a5a6fac11258239fdab5a9b6cd1193.sub_1A0EC)
17:strcpy:0x108d4
	(0.9333:557a79e70308f1c0e92666826e22ea74.sub_108D4)
17:strlen:0x1ad6c
	(0.5736:630e18372cae8a72ee8f45ebb5542b61.sub_1AD6C)
17:sscanf:0x1ce30
	(0.8571:eae43b87819ebbe4b9f9f9495fca9bc6.sub_1CE30)
17:strncat:0x24e38
	(0.7059:3de283325991a611f3c8e04f7bf6d3e6.sub_24E38)
17:sendto:0x1620c
	(1.0000:f9d5a93fe8c03ee67c932c9798676c1b.sendto)
17:strcmp:0x1aab8
	(1.0000:c0f5f60884af5b0656ae77d0ac40c674.strcmp)
17:recvfrom:0x21bd8
	(1.0000:d5f6aa500797ebcb7656956d8e6f2bc2.recvfrom)
17:memcpy:0x1a110
	(1.0000:8330de00bc2a292dcc7d80af58c762bd.memcpy)
18:strcmp:0x80037dc
	(0.6097:c156c831a9f699167612d35e1f34a461.sub_80037DC)
18:strchr:0x8004aa4
	(0.9231:393db5bff28bc4c62682a35457b9ef27.sub_8004AA4)
18:strncpy:0x800a130
	(0.7059:4f6ebd2f014fac6ef7170b8463ae38f5.sub_800A130)
18:strncmp:0x8004020
	(0.6200:a4a7f2a176ef2dd9d5fdcd4ccb25f0b7.sub_8004020)
18:memcpy:0x8009278
	(0.6667:28d77d57dd8e08fafed78466eaceb734.sub_8009278)
18:send:0x8008c94
	(0.6667:40a7261e25379826c1ec37a661b4599e.sub_8008C94)
18:strnlen:0x80046d0
	(0.9231:bc69731711cae35b7bb03ea101f7e4e5.sub_80046D0)
18:atoi:0x800a2de
	(0.8696:be6d44b08a60dafab75de625111c869b.sub_800A2DE)
18:strtol:0x8002186
	(0.9231:b409b9a3a1870f9f6b7d55346347915e.sub_8002186)
18:memmove:0x8002fa4
	(0.6667:d201f1e1cc0990017289f3cb483ee032.sub_8002FA4)
18:sendto:0x8004104
	(0.6250:28abefb818f96b3851602392d3569ba1.sub_8004104)
18:strncat:0x80013b0
	(0.7059:667375d89ff86d496f3cfc285b89055b.sub_80013B0)
18:strrchr:0x8000c58
	(0.9333:8afc468bcc9673af566b0dd08b957818.sub_8000C58)
18:memset:0x8007628
	(0.5131:a471616fac8f40e9c9b94f3857b6cec1.sub_8007628)
18:recv:0x8001ea0
	(0.9231:c9f5c6e8342ee6f0824f3099da73297c.sub_8001EA0)
18:strlen:0x800d85c
	(0.6541:eb2d84e94acb2b7b4e5ab14598bbfbf0.sub_800D85C)
18:sprintf:0x800c194
	(0.8889:f936a34843b489861693acce4b449732.sub_800C194)
18:sscanf:0x800d554
	(0.8889:21ba07b4fd49074b03506d78e8b6bef0.sub_800D554)
18:strtoul:0x8003f76
	(0.8125:ed504e6cf9ceac80c726fa90459e0b4f.sub_8003F76)
18:memcmp:0x8002df4
	(0.6182:3400a16b59297b7c719b3f1a39cbd1d8.sub_8002DF4)
18:getenv:0x8008be0
	(0.5893:c55f3b98c84a131f7d7b210034abfba4.sub_8008BE0)
18:snprintf:0x8000c18
	(0.8889:daa7b1c60bb22cb2596388329a526199.sub_8000C18)
18:strcpy:0x8004036
	(0.9136:447a6b4240c9cec096b9180e23699406.sub_8004036)
18:recvfrom:0x800cc7a
	(0.6250:7442c3fc0f9ffeb702515424d1aef830.sub_800CC7A)
18:strcat:0x800d804
	(1.0000:648a6a2feb934f4e1f451ca74b373922.strcat)
19:recv:0x4000926c
	(0.9231:4297f04dbf427d5d93f02ccc9670562d.sub_4000926C)
19:sprintf:0x40001d54
	(0.8889:2d7aa20dd5b71fae11b3cd9dbd3c4db5.sub_40001D54)
19:recvfrom:0x40001b58
	(0.8333:50b1f744db78fd83de15ff5fd56e1ebf.sub_40001B58)
19:sscanf:0x400042cc
	(0.8889:6b4ed6d51059c47a6b64db1247a47384.sub_400042CC)
19:strlen:0x40006bd8
	(0.6149:5cf5fe9babc9f9983353a30ecdd67f1f.sub_40006BD8)
19:memset:0x4000b5f4
	(0.5358:05598f8d9a5ac4c6d25926ae00d65117.sub_4000B5F4)
19:strcmp:0x40006c5c
	(0.8888:8a3f957eccd41b4fb80cba03c25f5853.sub_40006C5C)
19:strnlen:0x4000a95c
	(0.9231:2e300beb6f023f4a93da54686da545ae.sub_4000A95C)
19:strncmp:0x4000fc04
	(0.5787:bf074899fcb19fea09901f374941f3a7.sub_4000FC04)
19:strncpy:0x4000e3a8
	(0.6667:c80753992cc8cdf48abca22b96b90521.sub_4000E3A8)
19:snprintf:0x40004510
	(0.8889:1d54736e0ec0cf85314518cc20566a68.sub_40004510)
19:sendto:0x4000fc4c
	(0.8333:385fc8247d08da7da1b226415ed656fe.sub_4000FC4C)
19:strchr:0x4000cc84
	(0.9231:4b61e62a703df27f4f0cfd3007e55946.sub_4000CC84)
19:strcpy:0x40004b64
	(0.8728:82b697c3616fc18689bbf5019037e87d.sub_40004B64)
19:getenv:0x40006a08
	(0.6128:b4f53569acd2109ed60057fca5f2e593.sub_40006A08)
19:memmove:0x40004e28
	(0.6667:eb23564cdc90add23842195c8c2070c6.sub_40004E28)
19:strncat:0x40006ad4
	(0.6329:dc58537085022548202de631e6157064.sub_40006AD4)
19:strtol:0x40002e70
	(0.9231:4701a297e52b3ca17ab0144c7b8bf754.sub_40002E70)
19:strcat:0x4000c4ac
	(0.8480:322fd754188512ae3c1e9c97194a9ef9.sub_4000C4AC)
19:memcpy:0x4000d718
	(0.6667:caa45b66c3e0576e659541170377d041.sub_4000D718)
19:memcmp:0x40006c38
	(0.5787:41d9a26de3f7162c3a0f455da31c8319.sub_40006C38)
19:send:0x40004b54
	(0.6667:5db7a6128bdc038137b3c04de735f66c.sub_40004B54)
19:strrchr:0x400075c8
	(0.6667:0f88f99a9a6242a536f1b0b1a06c6268.sub_400075C8)
19:atoi:0x4000731c
	(0.5217:bb63415b85538623df6a39b8e6b9eb12.sub_4000731C)
19:strtoul:0x400075f8
	(0.8000:d05ec1a337eaa9f805cbfeb031545c00.sub_400075F8)