9:getenv:0x400870d4
	(0.8544:b435056e6bd1e864a779539b61ae1933.sub_400870D4)
9:memset:0x40090048
	(1.0000:779a149b674ff70dcf6738945308ca74.sub_40090048)
9:memcpy:0x4008fe70
	(0.9865:d7ebad0113120977b4308f9834b72c80.sub_4008FE70)
9:strrchr:0x40086c90
	(0.8946:699e3020b03e17eccf77c995a952885d.sub_40086C90)
9:sscanf:0x400d0fc8
	(0.8952:496cbcb059fddc28540b7787f077ba2b.sub_400D0FC8)
9:strcat:0x400d1188
	(0.8234:8e3035513ebc8bca71286dcf599d8fd9.sub_400D1188)
9:strncat:0x400871d8
	(0.8325:2c8ce6c9096b085a3e13cf59e48f4704.sub_400871D8)
9:strncmp:0x40081084
	(0.8450:6da1e421f988c1449622732530f2ca2b.sub_40081084)
9:strtol:0x40082a50
	(0.9138:a024fc3c23abd392cc1d0ea697f44436.sub_40082A50)
9:snprintf:0x400d0688
	(0.8985:b0a8dfb331eda01bdeb30fdc57f5b407.sub_400D0688)
9:strchr:0x40087350
	(0.8227:1b98c6a53f14355b6c27c08bdc92e8e6.sub_40087350)
9:strtoul:0x40087b14
	(0.9138:4f527a1d1754ef546171712f918759b3.sub_40087B14)
9:sprintf:0x400d23e4
	(0.8839:528279ebbd6b0d30d5ef56748ba9927f.sub_400D23E4)
9:recvfrom:0x40088208
	(0.8837:9be84a70e4e5bea96a754ed75dcae70f.sub_40088208)
9:sendto:0x40087554
	(0.8471:12fdcd9c83074113786144c390c45e65.sub_40087554)
9:strlen:0x4008a18c
	(0.9854:5d7e754ebbebe6339b4bc0d394e36296.sub_4008A18C)
6:strcat:0x80202db8
        (0.8968:79381a8d8d42f7153ff3f309b1339885.sub_80202DB8)
6:strcmp:0x802035b4
        (0.8309:61b0decdba7de073d2157e8a32bd3e36.sub_802035B4)
6:atoi:0x80202b94
        (0.8269:5e93a75ef6758c6bfe1743a86e23ea60.sub_80202B94)
6:send:0x802036f8
        (0.8646:e8669c0f07cdf158b3fda84fed58d122.sub_802036F8)
6:strtol:0x80201c08
        (0.8057:f058a23bebed77568720f8d418d0a46e.sub_80201C08)
6:snprintf:0x80201c38
        (0.8110:507dda9894df5efb9c312a1da25362a1.sub_80201C38)
6:strcpy:0x80203694
        (0.8532:a9fb342937da982e659653c4cc22193d.sub_80203694)
6:strrchr:0x80202c28
        (0.8115:ebe749951e39af345e62f1725b29df42.sub_80202C28)
6:recv:0x80203ac0
        (0.8925:ef83920435fb56386fa0ce527e3b0a14.sub_80203AC0)
10:strncmp:0x4242f0
        (0.8789:27bbb0bfa17144b37a3ae5cb6f7697e8.sub_4242F0)
10:strcmp:0x4321c0
        (0.9000:1262b09b3ff418aea89bb0a3ec707ff4.sub_4321C0)
10:strncat:0x4b1890
        (0.9000:3e2d962182e1863346fdad0b9c022948.sub_4B1890)
10:memcpy:0x431f50
        (0.8249:d798248af11b479f0ec7f7157cf556c6.sub_431F50)
10:strcat:0x40c4d0
        (0.9179:8a86acdba8c219f768b1763eb1e27664.sub_40C4D0)
10:memset:0x4330f0
        (0.9081:c966d3789cece04f9ccbe591e27c07de.sub_4330F0)
10:strcpy:0x433170
        (0.9000:226566464534930177d78eb70ec5e995.sub_433170)
10:sscanf:0x418d70
        (0.8898:00b04e3e2b196b2c10b6bcece82cfaa2.sub_418D70)
10:memcmp:0x4d81e0
        (0.8570:6694a52a7ba7a9f7db0dc73853ad8989.sub_4D81E0)
10:send:0x4bc740
        (0.9425:24a9cf35cc7dbea80e731770ce3fd5d2.sub_4BC740)
10:snprintf:0x471e00
        (0.9199:0c1a9bdf280b54f59cb3245bef0bdffa.sub_471E00)
10:strncpy:0x40b1a0
        (0.8072:8579e0121cee6fe709273879aceaf08b.sub_40B1A0)
10:recvfrom:0x4e3910
        (0.9399:71c43bc081adbb5c30c1bacfad6686fb.sub_4E3910)
10:strlen:0x432f40
        (0.9152:cf9f8656cdec03ec6da1c6228ce39215.sub_432F40)
10:strrchr:0x4b1a40
        (0.9152:e29cddfb2ea91c442af5845d806ae343.sub_4B1A40)
10:strnlen:0x4b9770
        (0.8801:5eec62f1f57d3e21b3cbe64d6d4fd863.sub_4B9770)
10:recv:0x4e39e0
        (0.8402:edd1a6d4fe6d91967faee58a94815087.sub_4E39E0)
10:sendto:0x4e6160
        (0.9400:96c9d3a488bc1558beb20756779a4bf0.sub_4E6160)
10:memmove:0x432c60
        (0.8066:fdfef113da1ec14e9fb9b5904640d0fa.sub_432C60)
10:strchr:0x432ef0
        (0.9599:831a8498011254e0ba6d3aa83b5acab6.sub_432EF0)
10:sprintf:0x4d6d20
        (1.0000:845a220ddb794b0d92f01a3eaaca3d39.sprintf)
10:getenv:0x417760
        (1.0000:92b7683f82e35839bdc26d0717532ac0.getenv)
4:memmove:0x37ff2
        (0.9948:0ed72ab4369f8404c6f3d8043224e388.sub_37FF2)
4:strncpy:0x64662
        (0.9907:f408cc39518adfce414bb4b3c874c132.sub_64662)
4:strncmp:0x3752a
        (0.9541:8a2183c292972ade8170dbedafc9aac3.sub_3752A)
4:send:0x400ac
        (0.9830:183819168cede842c8fa096b02c2f7f9.sub_400AC)
4:sscanf:0x10e9a
        (0.9939:3db1595b12fc8be0393330db599af992.sub_10E9A)
4:strchr:0x370f2
        (0.9988:e1c197db46c3e816e43e09ff6ba054cf.sub_370F2)
4:memcpy:0x38222
        (0.9973:114a9903b1e1b43a4c6ea51b323238a5.sub_38222)
4:strnlen:0x37460
        (0.9815:1004d54ba65fdf312cdf33e9d9857740.sub_37460)
4:strncat:0x1d00a
        (0.9419:10ad3dee37fb1f6178dd3010f5668762.sub_1D00A)
4:recv:0x40010
        (0.9893:86f39f66935006a757acd0d68b9b105c.sub_40010)
4:strtoul:0x65a28
        (0.9844:a4e29ebba656d7e435820ad92a11d0dd.sub_65A28)
4:strcat:0x63670
        (0.9529:94def93eed4f7588ec42a488d869f045.sub_63670)
4:strtol:0x1d20a
        (0.9844:f395bdbd3f7880fc641a7049de916b65.sub_1D20A)
4:memset:0x38116
        (0.9913:c4ac19acd2e622291b76a87df473eb3c.sub_38116)
4:getenv:0x20772
        (0.9707:88630f979044ddc92f6802ad3cf668d4.sub_20772)
4:sprintf:0x7604c
        (0.9951:e417a7868981a3a40a52d867758acfb1.sub_7604C)
4:atoi:0x3ddd4
        (0.9910:f10f30c61b8d18e92a57d15ce1af2a9a.sub_3DDD4)
4:strcpy:0x371e4
        (0.9946:1e9d502081f714ec1e06dc629683f8d0.sub_371E4)
4:memcmp:0x65260
        (0.8298:1617e46f820914b207071c86f1f344cb.sub_65260)
4:strlen:0x373b6
        (0.9982:9330fe7f529c5d604aff55e2b8a4eac1.sub_373B6)
4:strcmp:0x371c6
        (0.9857:8f19408e8c5f4a91a12a539f4a3daa7c.sub_371C6)
4:recvfrom:0x76206
        (0.9816:4c3a202a9c46d7237546661b844825de.sub_76206)
4:snprintf:0x1c468
        (0.9943:ad9cb54557eb4b67e5716498e3ce9cff.sub_1C468)
4:sendto:0x77e76
        (0.9813:c79a94718d2831e80059ec81101d58f2.sub_77E76)
4:strrchr:0x375bc
        (0.9870:9acf1e096aa1e1afd65717fa398ed79e.sub_375BC)
16:getenv:0x4038106c
        (0.8103:c19673197852423a90e4da9e322cff29.sub_4038106C)
16:strcmp:0x42012078
        (0.8690:894313f646d520aead2d64ee2673f26a.sub_42012078)
16:strtol:0x403816d8
        (0.9286:ff6e435c4567e2c449a72f2a5dd13a73.sub_403816D8)
16:strrchr:0x42011dbc
        (0.8412:21674eef355199276116d9b3f54ba9be.sub_42011DBC)
16:strcat:0x42011cc0
        (0.9418:a9d4a0c99ff95b5b1e5a9b081827e815.sub_42011CC0)
16:sscanf:0x4038272c
        (0.9371:e6b8d36508e07e8fd7ff5ce0237766bd.sub_4038272C)
16:sprintf:0x40381958
        (0.9305:d04c43023c0cdeb9114680f4aab281ea.sub_40381958)
16:strncpy:0x42011bd0
        (0.8427:fec38eab049e5f933ea724f9c7447c68.sub_42011BD0)
16:strcpy:0x40380fcc
        (0.9731:378362d5a4461210110f5fd1bd0dbbf1.sub_40380FCC)
16:snprintf:0x42012114
        (0.9806:10d31e90e5fcfc067bf92e4f9def5a5d.sub_42012114)
16:strncat:0x42011c48
        (0.9129:a0d0b701a542f1b7868f382d29712ffb.sub_42011C48)
16:strtoul:0x40381660
        (0.9286:ad97604039f2906e07889789badb3476.sub_40381660)
16:atoi:0x4038103c
        (0.9286:439aed51b0ee8c1f5abe1ffb8fd905cf.sub_4038103C)
1:atoi:0x40002730
        (0.9091:bda35f6fc46117ffda548386714c2ec7.sub_40002730)
1:sscanf:0x400013ec
        (0.9929:15d806713e5e97d239423e93728033bc.sub_400013EC)
1:strnlen:0x400011ac
        (0.8019:5dba2779085570494231c0f9c0d0cf81.sub_400011AC)
1:sendto:0x40002a20
        (0.8027:7187c0999ee91ba1a4ee232f7646010c.sub_40002A20)
1:recvfrom:0x400013a0
        (0.8857:07953b6a99679484291a3a7f06c6764b.sub_400013A0)
1:sprintf:0x40003a6c
        (0.9388:6fbfa957b1174ff7cc98e7b1a05b11ca.sub_40003A6C)
1:send:0x40002f78
        (0.8625:cfa0cf7a969ba27a4df8a7c0cb183fac.sub_40002F78)
1:recv:0x400030e0
        (0.8561:1785dae14419ed9ba07b16d1f9734dbb.sub_400030E0)
1:snprintf:0x4000355c
        (0.9730:5787b1dd83ed58ba0bc9ea4d62f2d5a1.sub_4000355C)
1:strtoul:0x40002df0
        (0.9394:5c9425b5757a0a4a055753fcbe437d1a.sub_40002DF0)
1:strncmp:0x40001444
        (0.8287:b502b1c12f0956b6a0d7021ed39cfabf.sub_40001444)
1:strncat:0x40003dcc
        (0.8067:8042ed27cd07d7ebdaca173fce4abddc.sub_40003DCC)
1:strtol:0x4000137c
        (0.9815:0280c266c7776660aac081a7e1436176.sub_4000137C)
1:memcmp:0x400037e8
        (0.8798:32c7a1af66353a286db56356b078019c.sub_400037E8)
3:memcpy:0x2e660
	(0.8116:4c6feb81649c80953c709195db9a01aa.sub_2E660)
3:strncmp:0x4bd48
	(1.0000:1710738e05f26996a78393e8114f9ab9.sub_4BD48)
3:recv:0x4f800
	(0.9532:93b87cdd8b31353c7e9a8e02ad5c679b.sub_4F800)
3:snprintf:0x4ff18
	(0.9080:e6374c47061a4491d3b7fae355a61fc4.sub_4FF18)
3:strtoul:0x21e30
	(0.8973:c7fde06301382c69067ffcfb513254cc.sub_21E30)
3:strncpy:0x4be44
	(0.9988:708b2de1012b9b99bfd736234ddc0063.sub_4BE44)
3:atoi:0x51be0
	(0.8696:6679cdcdcf445acde776735d9c141e0d.sub_51BE0)
3:strncat:0x32bac
	(0.8908:3347cca9950cfe0f2a9154ddb9144493.sub_32BAC)
3:send:0x4f690
	(0.9533:b827e8dd877268e93268b6a83ab4036c.sub_4F690)
3:strcpy:0x4bcf0
	(1.0000:57aa17badc67cffc6860cb959db069d4.sub_4BCF0)
3:recvfrom:0x45a60
	(0.8781:ccf6cb2fe51b8dfabe3d5ec42cc7f81d.sub_45A60)
3:strchr:0x4bc00
	(1.0000:b98eac1b4f7ecce64249db174f8e2b4f.sub_4BC00)
3:sprintf:0x52900
	(0.9116:92764a5799fa8413738807a5479fadee.sub_52900)
3:strcmp:0x4ba70
	(1.0000:387dbc3ae92b51e42f087fe392ce16e2.sub_4BA70)
3:sscanf:0x361b0
	(0.9054:6c146e5ef995f30296867d9eac46bec2.sub_361B0)
3:sendto:0x4f904
	(0.9897:163d5df91b60fdeccd2084e2055e43b5.sub_4F904)
3:strtol:0x4d988
	(0.9059:3ee99bae894cf3cb19e147ba0a797941.sub_4D988)
3:memcmp:0x4b980
	(1.0000:ab6605c1f654561ffbc1197c390acf05.memcmp)
3:getenv:0x50fe4
	(1.0000:abbbc0c09189cd752e7459a0f7adfedf.getenv)
3:strrchr:0x4c014
	(1.0000:9a34018bea71dab3faaa713eec914f6e.strrchr)
3:strnlen:0x4bf3c
	(1.0000:c644e4cb6f9a38690d125cf97ebaf402.strnlen)
3:memset:0x4b9d0
	(1.0000:281c4a97ffa0cf9ec96302af558adee9.memset)
3:strcat:0x5c474
	(1.0000:173f8e2f765d1a8a4b9dee10cfe40da7.strcat)
7:atoi:0x3b38
	(0.8261:4a22c8892f9a04d2ecc097747a5e7820.sub_3B38)
7:strtol:0x1748
	(0.9114:db372accf68ae3ed8a3f2f3b7a035334.sub_1748)
7:strcpy:0x43fc
	(0.9252:9ef3f73cc721069586be6f25cb5f51d5.sub_43FC)
7:recvfrom:0x5590
	(0.8198:c3bfdba6d93b858f6dce0187ea956c8e.sub_5590)
7:recv:0x4a80
	(0.8182:e6eff1c5aca2fbeba9de2715369b733b.sub_4A80)
7:snprintf:0x1208
	(0.9221:3db150c4d260d9d803f0f1033ad386cb.sub_1208)
7:strncat:0x7f4
	(0.8362:9c15106a70fcba5be79aaf702212846d.sub_7F4)
7:strrchr:0x1b6c
	(0.8045:39e0062a72ac9376f2724988de2eea50.sub_1B6C)
7:strncpy:0x2200
	(0.8409:c6415350e4ee9bfc7b8e025fb6b04572.sub_2200)
7:strcmp:0x649a
	(0.8328:eb61e7798ef76f5fea46e637e7c4805e.sub_649A)
7:sendto:0x2af8
	(0.8531:321a0599c15ba728c942b041d3337480.sub_2AF8)
7:sprintf:0x1bc8
	(0.9167:5ed2be5476dceddd2a9179d1101d6c44.sub_1BC8)
7:strcat:0x5cde
	(0.8750:28b20d7910ee90ce71760bf54b156f5a.sub_5CDE)
7:strtoul:0x53f0
	(0.8861:30850ebae5d06c55ae879c6231f15afb.sub_53F0)
7:sscanf:0x1b48
	(0.9167:92d964bbed11220e9baad73fd9157302.sub_1B48)
8:strcmp:0x206318
	(0.8485:c2f6123e99a7e1c2ac9993432f6fff1f.sub_206318)
8:strtoul:0x204820
	(0.8791:d47c68ebb6e4983f184528297f64e9ad.sub_204820)
8:sscanf:0x204a5c
	(0.9167:4d83b662f16f3fe7934193d193326fa2.sub_204A5C)
8:sprintf:0x206960
	(0.8545:65918ab6040c45abd352e451c217ae45.sub_206960)
8:sendto:0x209078
	(0.8502:4252af97028fb7bffdca830b07460c4f.sub_209078)
8:recvfrom:0x202320
	(0.8411:143916145a1afdf4d8b006a288361edc.sub_202320)
8:strcat:0x20b734
	(0.9186:4739e9691119c13938defd51bf8bbb39.sub_20B734)
8:strtol:0x2064e4
	(0.8734:61cc8a6601ef6a2fd81972ed9bc405b7.sub_2064E4)
8:snprintf:0x20b824
	(0.9104:4ce178354c0b2659a0a0be5868518250.sub_20B824)
8:recv:0x2032c4
	(0.8302:eebdaaef9e6e9b21c4b233692cdb93a9.sub_2032C4)
8:strncat:0x20b50e
	(0.8966:6036f82a5f0481d83e9ed55db0716183.sub_20B50E)
8:strncpy:0x20627c
	(0.8268:d629be910ca990f3eb179e219a84dafe.sub_20627C)
8:atoi:0x20b3c6
	(0.8261:1cc8c7f116c6cf99e5877d5b5b969e6c.sub_20B3C6)
8:getenv:0x2062f0
	(0.8485:3ea6bdd2f1d7160bfb389664d91e354a.sub_2062F0)
8:strncmp:0x2055a4
	(0.8182:3fbe77d5f79aa5a356f7a512362737b7.sub_2055A4)
8:strchr:0x20b02a
	(0.8022:0ac35fff7900a0c3b4762fbf51ec16dc.sub_20B02A)
8:strcpy:0x20b376
	(0.9362:ef624c5df6f38838aecab09e6fcdb837.sub_20B376)
8:memset:0x20ace0
	(1.0000:b9457cb6625621d2294d28bcbbc4b5ae.memset)
8:memmove:0x20abe8
	(1.0000:f758c58b1292c9b2edbe87f46b86b71d.memmove)
8:memcpy:0x20aafc
	(1.0000:dcc02c345e09ee1c16aa7127b3ea44ed.memcpy)
8:strlen:0x20ad84
	(1.0000:9640a6ed6d08648b9335952efa00feaa.strlen)
11:sscanf:0x1b70
	(0.9167:5ed2be5476dceddd2a9179d1101d6c44.sub_1B70)
11:memset:0x1f8e8
	(0.8182:f0ea4ce16db9d49e44725b41050c89dd.sub_1F8E8)
11:strcpy:0x51a0
	(0.9252:52bd7d44ab8811b21b19cfd08865eed5.sub_51A0)
11:strrchr:0x27084
	(0.8764:76163f03cfb533324b7eecd12452daa8.sub_27084)
11:strcat:0x257b0
	(0.9077:60d6f0781ddff91a240937822dfc6e71.sub_257B0)
11:strtoul:0x1f0b0
	(0.8861:3fd633e1337bd1c3d654e77a285c5231.sub_1F0B0)
11:atoi:0x48dc
	(0.8261:4a22c8892f9a04d2ecc097747a5e7820.sub_48DC)
11:snprintf:0x11b0
	(0.9221:6f85bcf5e4dc5bd3afd6795b96dea129.sub_11B0)
11:strcmp:0x206bc
	(0.8784:bddda8ee0f58e575b313d917501456ff.sub_206BC)
11:recvfrom:0x79c
	(0.8491:9c15106a70fcba5be79aaf702212846d.sub_79C)
11:strncpy:0x1de1c
	(0.8881:bf5a32174e4036dfa0a0556d4a087d26.sub_1DE1C)
11:strncat:0x270c6
	(0.8773:86e1259d6e94727fdced1debd2583637.sub_270C6)
11:sprintf:0x1af0
	(0.9167:92d964bbed11220e9baad73fd9157302.sub_1AF0)
11:sendto:0x2b58
	(0.8531:78f31221ab6aa06644b565a05ada1f54.sub_2B58)
11:strtol:0x16f0
	(0.9114:5bd6b4a1869790105a88a7572f8122c7.sub_16F0)
11:recv:0xc6d8
	(0.8068:54a68e63b2562ab5b18cb90bb12313b3.sub_C6D8)
11:send:0x24994
	(0.8131:e7ddb67a6151f387960bf349692ec65b.sub_24994)
12:sscanf:0xc067f5a
	(0.9104:8f4016cb420388a48bdb5bb9d9a43264.sub_C067F5A)
12:sprintf:0xc072438
	(0.9178:570ce5d7830191b1fb50fa58482b70d1.sub_C072438)
12:strncmp:0xc075394
	(0.8182:d1fbd575fc22a7769ab232eea2f08c7a.sub_C075394)
12:snprintf:0xc066e84
	(0.9104:c536147bbf059d665c0ab599bfd5d4f3.sub_C066E84)
12:recvfrom:0xc0bfcdc
	(0.8704:ef1f70e3eecf2b70838241a8aa1a8bfe.sub_C0BFCDC)
12:strtoul:0xc0e3d0c
	(0.9341:cc2a5554d4edadeaa7dc2bb900896e23.sub_C0E3D0C)
12:strrchr:0x227170
	(0.8512:da75aea1cc76d9ac39f04e9078e343db.sub_227170)
12:strncat:0x213194
	(0.8760:43cd858114a9323e7eaf6070e0bdaa58.sub_213194)
12:strtol:0xc0e42b8
	(0.9341:5a995f4264b78d586efb677b491876cc.sub_C0E42B8)
12:memset:0x22843c
	(0.8485:f4e3b9b6522e073bde14f08c458cc70b.sub_22843C)
12:strncpy:0xc0ea710
	(0.8673:2cf77665f1e663e5211e5450732e2a71.sub_C0EA710)
12:recv:0xc074f58
	(0.8182:bd335afe197d3f2060043e2e5f5f0217.sub_C074F58)
12:atoi:0xc0e339c
	(0.8649:284634d835809338eda7f04ef7b432f4.sub_C0E339C)
12:send:0x21e2c8
	(0.8403:a2048cbbedb04ebe6a93a835a27644e6.sub_21E2C8)
12:sendto:0xc0e3a14
	(0.8804:22f14f5079c6a8695e1b4d9bdd8ff080.sub_C0E3A14)
12:memcmp:0x22308a
	(0.8120:86da22582c4094e5997bf59ae20ea876.sub_22308A)
12:getenv:0xc069864
	(0.8235:1d3eb7633929f7f58668fbf105cada2f.sub_C069864)
12:strcat:0xc0e7b80
	(0.8824:81e690d39900bcb3e945f2fbecaa0fd1.sub_C0E7B80)
12:strchr:0xc0788f0
	(0.8485:9df19f26c79ff71896afe278eb5ddb05.sub_C0788F0)
12:strcpy:0xc0e543c
	(1.0000:2f68f65e9457164cdb47bf8363916b8c.strcpy)
12:memcpy:0x2001a8
	(1.0000:dcc02c345e09ee1c16aa7127b3ea44ed.memcpy)
12:strcmp:0xc0e5280
	(1.0000:d8a22399a9849f350edfee4563f910d3.strcmp)
12:strlen:0xc0e58e0
	(1.0000:9640a6ed6d08648b9335952efa00feaa.strlen)
13:strncat:0x8002cd8
	(0.8487:180268b633bdce3fdd96ac3d15c9c2c7.sub_8002CD8)
13:sprintf:0x8000c90
	(0.8468:9b2c75a386f87d16028a44e5a4ba9acd.sub_8000C90)
13:snprintf:0x800816c
	(0.8714:0710a7c3bffa6762ee23b2a482bbc2c9.sub_800816C)
13:strtol:0x8002c6c
	(0.8313:43ef235cec9967e1cf2336fff7740a5a.sub_8002C6C)
13:atoi:0x8000710
	(0.8043:841c42d0c883797524a6299dd58a63d5.sub_8000710)
13:sendto:0x8004224
	(0.8304:4fc87f7a022edd4904db6c06b919c201.sub_8004224)
13:recvfrom:0x8000bd4
	(0.8190:373f37a58b2103eca37d5b92c7f6b0b1.sub_8000BD4)
13:strcmp:0x80025b4
	(0.8324:0c9c98d6137ec0509b03b8d96e888949.sub_80025B4)
13:strcat:0x800a518
	(0.8611:1a0aee6d5cfc5853641486071dbf58e1.sub_800A518)
13:strtoul:0x8002020
	(0.8252:f1b96175ed753a3c536a5bb4e88a8e44.sub_8002020)
13:sscanf:0x8002cbc
	(0.8621:8c4ee2bb386d0d36325df5c2fa3721f1.sub_8002CBC)
14:strcmp:0xe131a538
	(0.8375:7707a581e52c11037361a4cf63963df2.sub_E131A538)
14:memcpy:0xe131d710
	(0.8108:c03335b850b03d67b54ae36f59fd28f8.sub_E131D710)
14:atoi:0xe1318874
	(0.8298:230da12400bbd9c8e86e13ecfc03197a.sub_E1318874)
14:sscanf:0xe13149f0
	(0.8806:0a30119779c7223856b63a45ec1de812.sub_E13149F0)
14:memmove:0xe13140de
	(0.9714:019285cdbed6dc5ad44d68e49c34fffe.sub_E13140DE)
14:strtol:0xe131aea4
	(0.8854:9a16b23f97c132ae248daafbf235d5aa.sub_E131AEA4)
14:sendto:0xe131b658
	(0.8785:080bff6dccd68cbc9cf40df2054fca5a.sub_E131B658)
14:sprintf:0xe131af68
	(0.9318:da75e4796d7e6349314492add8a36428.sub_E131AF68)
14:memset:0xe131a378
	(0.8182:8a69bc0bd8fb714646275b011cb3ac68.sub_E131A378)
14:strncpy:0xe1319f98
	(0.8309:3d1618bb117057510ddbe72b679bd20f.sub_E1319F98)
14:strncat:0xe131aef0
	(0.8642:40a34fbb5e3bf0342acabdbd991e93ec.sub_E131AEF0)
14:strcpy:0xe13128f0
	(0.8943:da2f8103bb2b2cdc2732c1b6c9e84925.sub_E13128F0)
14:strrchr:0xe131a660
	(0.8607:8f1b01e89e750f930fdcb2d1a40b3b66.sub_E131A660)
14:snprintf:0xe1314a80
	(0.9104:fdcbfc3c05af560aa5d2f7747846e6fe.sub_E1314A80)
14:recvfrom:0xe131aec8
	(0.8519:45964d3d4635b673ba33af1918a31441.sub_E131AEC8)
14:strcat:0xe131566c
	(0.8462:3246cb2bf9237666c88a4d2eaaf369f9.sub_E131566C)
14:recv:0xe13136e8
	(0.8182:be0eb23ae4add669882708fdbca3cacc.sub_E13136E8)
14:strtoul:0xe131b558
	(0.8854:4291833e22820c1a8c4d816738b0db37.sub_E131B558)
17:strtol:0x10e60
	(0.8810:f445f232ef33334670ff67db7762a491.sub_10E60)
17:strcpy:0x1ae58
	(0.9091:b9314f336f1b1be06d717306d4090790.sub_1AE58)
17:atoi:0x10cac
	(0.8247:d0488ef6fc38c195f208dcd9251adad7.sub_10CAC)
17:strncpy:0x5db0
	(0.8324:022bbe3f6e09ac1f0cf86b1a180649b8.sub_5DB0)
17:sscanf:0x2520c
	(0.9112:fa8065c491805c05a24cf95d2c0bc5ff.sub_2520C)
17:snprintf:0x20b90
	(0.8889:da691bb2825814fdbd3fe21d39b13400.sub_20B90)
17:sprintf:0x1a994
	(0.8933:ec28c446b58e2737618a24af53d5a555.sub_1A994)
17:strcat:0x3980
	(0.8636:bac5322b3470253aa66248b7fe0da390.sub_3980)
17:strtoul:0x1dd1c
	(0.9114:a88a2a621abbf8d2137567c86cf5c12c.sub_1DD1C)
17:strrchr:0x11d38
	(0.8025:78b4611e3738cdc82825dd3af8655170.sub_11D38)
17:strncat:0x24970
	(0.8896:05e7a5c9465a16a1df6891a4a53d3117.sub_24970)
17:sendto:0x1620c
	(1.0000:f9d5a93fe8c03ee67c932c9798676c1b.sendto)
17:strcmp:0x1aab8
	(1.0000:c0f5f60884af5b0656ae77d0ac40c674.strcmp)
17:recvfrom:0x21bd8
	(1.0000:d5f6aa500797ebcb7656956d8e6f2bc2.recvfrom)
17:memcpy:0x1a110
	(1.0000:8330de00bc2a292dcc7d80af58c762bd.memcpy)
18:recv:0x80074f8
	(0.8485:498d2db4e6b8b9036353dfc405332bc1.sub_80074F8)
18:recvfrom:0x8009238
	(0.8226:a7daadd4939e1b3d5097c9a314884167.sub_8009238)
18:sendto:0x8004ce2
	(0.8393:2c9730cd7c60390373022edbc55e5501.sub_8004CE2)
18:atoi:0x8008c94
	(0.8261:40a7261e25379826c1ec37a661b4599e.sub_8008C94)
18:sprintf:0x8001ea0
	(0.8994:c9f5c6e8342ee6f0824f3099da73297c.sub_8001EA0)
18:memcpy:0x80041a4
	(0.8485:b8781e4ea0a2dd53f14bb52cb11aed54.sub_80041A4)
18:memcmp:0x8002960
	(0.8228:7f2abba720df20542a2ce07c7ca663c3.sub_8002960)
18:strtol:0x8001c60
	(0.9114:fb774f6cee5c20b2c3eda999606548e3.sub_8001C60)
18:strcpy:0x800d8c4
	(0.9296:d04d182903daf99efa33e17f63d6c826.sub_800D8C4)
18:strcmp:0x8000cd8
	(0.9039:593e262b379ae9b00b46b562f0be1e6d.sub_8000CD8)
18:strchr:0x8004174
	(0.8485:cc5f839785a8446e3c21980423bc71dc.sub_8004174)
18:strncpy:0x8009042
	(0.8704:b4a2f4769ff741b72d9721c4663c1ec1.sub_8009042)
18:strrchr:0x800d194
	(0.8303:f4654c80fdfac9159ee4f9bd67806b09.sub_800D194)
18:strtoul:0x800e778
	(0.9024:5ca8d03ddb383b2c2594d6b913e1e8ba.sub_800E778)
18:snprintf:0x8009278
	(0.9104:28d77d57dd8e08fafed78466eaceb734.sub_8009278)
18:strncat:0x80038d2
	(0.8594:180798f1ff01516c8f7ca64b23a961f7.sub_80038D2)
18:sscanf:0x800d53a
	(0.9104:d140038c9c85b2210767eee72f20eacb.sub_800D53A)
18:strcat:0x800d804
	(1.0000:648a6a2feb934f4e1f451ca74b373922.strcat)
19:strcpy:0x40006c80
	(0.9258:ea9f489acfb61bc3763ff56207947d83.sub_40006C80)
19:strncat:0x40002010
	(0.8313:e41c74806c6dead843eb8f1035b438d4.sub_40002010)
19:strtoul:0x4000691c
	(0.8261:5a954b45d2824aef0da4b7fce0421bbf.sub_4000691C)
19:sprintf:0x40001d54
	(0.9695:2d7aa20dd5b71fae11b3cd9dbd3c4db5.sub_40001D54)
19:recv:0x40010238
	(0.8358:dbd6ff7f1e79b5cc688346b576c45d2a.sub_40010238)
19:recvfrom:0x4000c4ac
	(0.8216:322fd754188512ae3c1e9c97194a9ef9.sub_4000C4AC)
19:sscanf:0x400042cc
	(0.9636:6b4ed6d51059c47a6b64db1247a47384.sub_400042CC)
19:snprintf:0x40004510
	(0.9695:1d54736e0ec0cf85314518cc20566a68.sub_40004510)
19:strcat:0x400075f8
	(0.9008:d05ec1a337eaa9f805cbfeb031545c00.sub_400075F8)
19:strtol:0x40002e70
	(0.8305:4701a297e52b3ca17ab0144c7b8bf754.sub_40002E70)
19:strrchr:0x40007594
	(0.8568:b30ec2bc1dbc16aa1305b09879232544.sub_40007594)
19:memcmp:0x40006c5c
	(0.8034:8a3f957eccd41b4fb80cba03c25f5853.sub_40006C5C)
19:strncpy:0x4000f04c
	(0.8849:052c10fdc71ec535867a3ac2518fc9ab.sub_4000F04C)
19:strcmp:0x40006c38
	(0.8592:41d9a26de3f7162c3a0f455da31c8319.sub_40006C38)
2:atoi:0x100d7298
        (0.9939:f7eb9bb1aa6bc717509475600fddc7fd.sub_100D7298)
2:recv:0x10082600
        (0.9778:52275e0ffa6ea4fc1693cc3d51e3923c.sub_10082600)
2:strncpy:0x100da040
        (0.9778:52275e0ffa6ea4fc1693cc3d51e3923c.sub_100DA040)
2:strrchr:0x10057308
        (0.9545:ac8c92496279b0563f8d2670cd99e0bc.sub_10057308)
2:strcat:0x100a98b0
        (0.9956:af083638a91d9c38ae5e6beeb4dca673.sub_100A98B0)
2:memset:0x100aa690
        (0.9182:2fb166fec233791694f7a083e7c04a10.sub_100AA690)
2:memmove:0x10062ad0
        (0.9778:52275e0ffa6ea4fc1693cc3d51e3923c.sub_10062AD0)
2:getenv:0x10044610
        (0.9778:52275e0ffa6ea4fc1693cc3d51e3923c.sub_10044610)
2:send:0x100a7280
        (0.9778:52275e0ffa6ea4fc1693cc3d51e3923c.sub_100A7280)
2:sscanf:0x10073950
        (0.9778:52275e0ffa6ea4fc1693cc3d51e3923c.sub_10073950)
2:strtoul:0x10028ef0
        (0.9815:98c2581601641aea457d2ecd8cb63b51.sub_10028EF0)
2:strtol:0x10015a84
        (0.9815:cd5ccc29924b6c2ed19c24955f446a34.sub_10015A84)
2:strncat:0x100d4960
        (0.9651:b46ba40524d1fa7e4b0638d8448d8d2f.sub_100D4960)
2:sendto:0x100708a0
        (0.9778:52275e0ffa6ea4fc1693cc3d51e3923c.sub_100708A0)
2:strnlen:0x1003a210
        (0.8637:5c7c981363365c593752e40de010a8c9.sub_1003A210)
2:memcmp:0x1003a130
        (0.9108:905534ed7798ebb315844b24a228d282.sub_1003A130)
2:strcpy:0x1003a7c0
        (0.9100:c4688d615fef4e3688292488f676a940.sub_1003A7C0)
2:sprintf:0x10032ac0
        (0.9778:52275e0ffa6ea4fc1693cc3d51e3923c.sub_10032AC0)
2:recvfrom:0x1005f4c0
        (0.9778:52275e0ffa6ea4fc1693cc3d51e3923c.sub_1005F4C0)
2:snprintf:0x100e7900
        (0.9778:52275e0ffa6ea4fc1693cc3d51e3923c.sub_100E7900)
2:memcpy:0x1003b100
        (1.0000:c0357e476b84e845a7127834a3a12a9e.memcpy)
2:strchr:0x1003cd60
        (1.0000:734f0d53cbf859139292df506a3ca166.strchr)
2:strlen:0x1003c028
        (1.0000:284a960055721ca67f6bd32998985a06.strlen)
2:strncmp:0x1003cba0
        (1.0000:6a7bd3394d8a4af1aa6b3a50ce31ed50.strncmp)
2:strcmp:0x1003ecf0
        (1.0000:ac4a6f05e4765396a5ae13c19073067f.strcmp)