1:memcmp:0x400037e8
	(0.7435:32c7a1af66353a286db56356b078019c.sub_400037E8:-)
1:recv:0x40002d14
	(0.6452:960f526d5afaba17b016c2b122e1e77e.sub_40002D14:-)
1:snprintf:0x40003c3c
	(0.7783:c7084e3f5f7633be4f186a7f026598e5.sub_40003C3C:-)
1:sscanf:0x400013a0
	(0.7377:07953b6a99679484291a3a7f06c6764b.sub_400013A0:-)
1:send:0x40003da4
	(0.6322:6a717db03c6ec955c4acfdb76b500041.sub_40003DA4:-)
1:strncmp:0x4000341c
	(0.6045:43eefcd67edadecb98c5205c7e3e00ee.sub_4000341C:-)
1:sendto:0x40002f78
	(0.6384:cfa0cf7a969ba27a4df8a7c0cb183fac.sub_40002F78:-)
1:sprintf:0x400013ec
	(0.9024:15d806713e5e97d239423e93728033bc.sub_400013EC:*)
1:strncat:0x40003dcc
	(0.6996:8042ed27cd07d7ebdaca173fce4abddc.sub_40003DCC:-)
1:strnlen:0x40001000
	(0.6993:18fd9e7f3de9316861b3867af4e09068.sub_40001000:-)
1:strlen:0x40003058
	(0.6640:2369a1abe3907e062cb8c75caaaef75f.sub_40003058:-)
1:strtoul:0x40003114
	(0.7879:74d0b21d8bf9de599fc59477ff58dfeb.sub_40003114:-)
1:getenv:0x40003e70
	(0.6148:e5370fe95bfdee1ed3f9b1dff1efebe4.sub_40003E70:-)
1:strtol:0x4000137c
	(0.6154:0280c266c7776660aac081a7e1436176.sub_4000137C:-)
1:memset:0x400036a4
	(0.6258:f3da6de31e37c6c0ddf4cd5004e51e8a.sub_400036A4:-)
2:getenv:0x10009690
	(0.8490:52275e0ffa6ea4fc1693cc3d51e3923c.sub_10009690:-)
2:sscanf:0x1004bd40
	(0.8490:52275e0ffa6ea4fc1693cc3d51e3923c.sub_1004BD40:-)
2:strtoul:0x100b275c
	(0.8490:52275e0ffa6ea4fc1693cc3d51e3923c.sub_100B275C:-)
2:snprintf:0x10025690
	(0.8490:52275e0ffa6ea4fc1693cc3d51e3923c.sub_10025690:-)
2:strncat:0x1003a440
	(0.7870:e7e6322aeb89c3eaf2ea525bba0ed69e.sub_1003A440:-)
2:recvfrom:0x100b8830
	(0.8490:52275e0ffa6ea4fc1693cc3d51e3923c.sub_100B8830:-)
2:recv:0x10078c20
	(0.8490:52275e0ffa6ea4fc1693cc3d51e3923c.sub_10078C20:-)
2:strrchr:0x100b5970
	(0.8490:52275e0ffa6ea4fc1693cc3d51e3923c.sub_100B5970:-)
2:strcat:0x1003a7c0
	(0.8496:c4688d615fef4e3688292488f676a940.sub_1003A7C0:-)
2:strcpy:0x1003a130
	(0.8496:905534ed7798ebb315844b24a228d282.sub_1003A130:-)
2:strncpy:0x100a6410
	(0.8490:52275e0ffa6ea4fc1693cc3d51e3923c.sub_100A6410:-)
2:strtol:0x100f2b34
	(0.8535:52275e0ffa6ea4fc1693cc3d51e3923c.sub_100F2B34:-)
2:strnlen:0x100f1364
	(0.8490:52275e0ffa6ea4fc1693cc3d51e3923c.sub_100F1364:-)
2:memcmp:0x10057308
	(0.9545:ac8c92496279b0563f8d2670cd99e0bc.sub_10057308:*)
2:sprintf:0x100e69e0
	(0.8490:52275e0ffa6ea4fc1693cc3d51e3923c.sub_100E69E0:-)
2:memset:0x100aa690
	(0.8608:2fb166fec233791694f7a083e7c04a10.sub_100AA690:-)
2:atoi:0x100f29a8
	(0.9545:e7b39a3570e5b5de59eecc030a63ca00.sub_100F29A8:*)
2:send:0x1004b640
	(0.8490:52275e0ffa6ea4fc1693cc3d51e3923c.sub_1004B640:-)
2:sendto:0x10001b14
	(0.8490:52275e0ffa6ea4fc1693cc3d51e3923c.sub_10001B14:-)
2:memmove:0x100aa980
	(0.8852:7776c001abe0231345df085e7cf32355.sub_100AA980:-)
2:memcpy:0x1003b100
	(1.0000:c0357e476b84e845a7127834a3a12a9e.memcpy)
2:strchr:0x1003cd60
	(1.0000:734f0d53cbf859139292df506a3ca166.strchr)
2:strlen:0x1003c028
	(1.0000:284a960055721ca67f6bd32998985a06.strlen)
2:strncmp:0x1003cba0
	(1.0000:6a7bd3394d8a4af1aa6b3a50ce31ed50.strncmp)
2:strcmp:0x1003ecf0
	(1.0000:ac4a6f05e4765396a5ae13c19073067f.strcmp)
3:atoi:0x51a04
	(0.7636:bf422a6b06491a46a1343c631ccc26b8.sub_51A04:-)
3:recvfrom:0x45a60
	(0.9408:ccf6cb2fe51b8dfabe3d5ec42cc7f81d.sub_45A60:*)
3:strncpy:0x4be44
	(0.9983:708b2de1012b9b99bfd736234ddc0063.sub_4BE44:*)
3:strncmp:0x4bd48
	(0.9987:1710738e05f26996a78393e8114f9ab9.sub_4BD48:*)
3:strtoul:0x5ea98
	(0.9135:ebb4d8d818d39d816e0fa9fd29344910.sub_5EA98:*)
3:send:0x4f690
	(0.9040:b827e8dd877268e93268b6a83ab4036c.sub_4F690:*)
3:sendto:0x4f904
	(0.9905:163d5df91b60fdeccd2084e2055e43b5.sub_4F904:*)
3:strlen:0x5c57c
	(0.7321:f9d74c8600cbbdbe1448a14d29801cf2.sub_5C57C:-)
3:strncat:0x4c2a4
	(0.7771:2d524944bd9c2c20d91b3f8ca5c4e13e.sub_4C2A4:-)
3:strcpy:0x4bcf0
	(1.0000:57aa17badc67cffc6860cb959db069d4.sub_4BCF0:*)
3:recv:0x52994
	(0.9783:5e4c917fb2eec177c9579e7d7f1433d9.sub_52994:*)
3:memmove:0x41494
	(0.9583:320e726cbd87f047a92ba282a7508d33.sub_41494:*)
3:strtol:0x2a230
	(0.9778:d4a7cf4fc88ae949b9342392e55993e8.sub_2A230:*)
3:strchr:0x4bc00
	(1.0000:b98eac1b4f7ecce64249db174f8e2b4f.sub_4BC00:*)
3:memcpy:0x35f48
	(0.7500:0d453a69435d337b0c14177b9b31adcd.sub_35F48:-)
3:sscanf:0x361dc
	(0.7486:54119304d80d216f0f667e5e89add76a.sub_361DC:-)
3:sprintf:0x361b0
	(0.7486:6c146e5ef995f30296867d9eac46bec2.sub_361B0:-)
3:strcmp:0x4ba70
	(1.0000:387dbc3ae92b51e42f087fe392ce16e2.sub_4BA70:*)
3:memcmp:0x4b980
	(1.0000:ab6605c1f654561ffbc1197c390acf05.memcmp)
3:getenv:0x50fe4
	(1.0000:abbbc0c09189cd752e7459a0f7adfedf.getenv)
3:strrchr:0x4c014
	(1.0000:9a34018bea71dab3faaa713eec914f6e.strrchr)
3:strnlen:0x4bf3c
	(1.0000:c644e4cb6f9a38690d125cf97ebaf402.strnlen)
3:memset:0x4b9d0
	(1.0000:281c4a97ffa0cf9ec96302af558adee9.memset)
3:strcat:0x5c474
	(1.0000:173f8e2f765d1a8a4b9dee10cfe40da7.strcat)
4:send:0x49670
	(0.9565:de6ccf536f3720fce26fbfa66366b8bb.sub_49670:*)
4:strcat:0x1c448
	(0.8046:4e9704d86546ab202880ebfdb58a4570.sub_1C448:-)
4:strnlen:0x37460
	(0.9710:1004d54ba65fdf312cdf33e9d9857740.sub_37460:*)
4:strtoul:0x20b82
	(0.7391:0154348c7bfa453d54d19de015b74860.sub_20B82:-)
4:memset:0x38116
	(0.9872:c4ac19acd2e622291b76a87df473eb3c.sub_38116:*)
4:sprintf:0x29b48
	(0.9389:f2dea926af156177121213232283c0c6.sub_29B48:*)
4:recv:0x40010
	(0.9681:86f39f66935006a757acd0d68b9b105c.sub_40010:*)
4:sendto:0x77e76
	(0.9677:c79a94718d2831e80059ec81101d58f2.sub_77E76:*)
4:snprintf:0x21410
	(0.8316:a920ca6ebf4b632ac5264419bbc1825e.sub_21410:-)
4:memmove:0x37ff2
	(0.9936:0ed72ab4369f8404c6f3d8043224e388.sub_37FF2:*)
4:strrchr:0x375bc
	(0.9711:9acf1e096aa1e1afd65717fa398ed79e.sub_375BC:*)
4:strcmp:0x371c6
	(0.9549:8f19408e8c5f4a91a12a539f4a3daa7c.sub_371C6:*)
4:strncmp:0x3752a
	(0.9315:8a2183c292972ade8170dbedafc9aac3.sub_3752A:*)
4:memcmp:0x7b882
	(0.7204:465f233056f0d91c0b7680fcd176f6e6.sub_7B882:-)
4:recvfrom:0x76206
	(0.9684:4c3a202a9c46d7237546661b844825de.sub_76206:*)
4:atoi:0x2034a
	(0.9103:fe470e4c30849543d975b7d8db59a5ab.sub_2034A:*)
4:sscanf:0x213ec
	(0.8682:9abed343f338edceee19f43d6584b766.sub_213EC:-)
4:strtol:0x7b876
	(0.7609:daf89d39bd7a9cbbe736979bc469171f.sub_7B876:-)
4:getenv:0x20772
	(0.9574:88630f979044ddc92f6802ad3cf668d4.sub_20772:*)
4:strlen:0x373b6
	(0.9978:9330fe7f529c5d604aff55e2b8a4eac1.sub_373B6:*)
4:strncpy:0x64662
	(0.9677:f408cc39518adfce414bb4b3c874c132.sub_64662:*)
4:strncat:0x1c6cc
	(0.7150:223403c91426f577c4f1135363a5181c.sub_1C6CC:-)
4:strchr:0x370f2
	(0.9971:e1c197db46c3e816e43e09ff6ba054cf.sub_370F2:*)
4:strcpy:0x371e4
	(0.9600:1e9d502081f714ec1e06dc629683f8d0.sub_371E4:*)
4:memcpy:0x38222
	(0.9965:114a9903b1e1b43a4c6ea51b323238a5.sub_38222:*)
7:strcmp:0x4004
	(0.7003:d3ed400d2f6981beb2e697e957cdafa8.sub_4004:-)
7:snprintf:0x5cf8
	(0.8229:96371a4387ae157dcda23a6f8d95078f.sub_5CF8:-)
7:strtoul:0x1748
	(0.7027:db372accf68ae3ed8a3f2f3b7a035334.sub_1748:-)
7:strnlen:0x6962
	(0.7884:39264c9bed4717342c43b3f2e3d3f41e.sub_6962:-)
7:strrchr:0x29d4
	(0.7305:842a54332691f61f8f30f4b8de4d4978.sub_29D4:-)
7:strcat:0x5cde
	(0.7771:28b20d7910ee90ce71760bf54b156f5a.sub_5CDE:-)
7:strncat:0x7f4
	(0.7556:9c15106a70fcba5be79aaf702212846d.sub_7F4:-)
7:strtol:0x6376
	(0.7111:ff8f4f07eb313eae7b6f685d50a09519.sub_6376:-)
7:strncpy:0x6800
	(0.7179:4d2a8f1315aa30ab90df52ed2c285dbe.sub_6800:-)
7:recv:0x63fa
	(0.8967:a7aea0bba0cbb08a6df55cf0f25b52e3.sub_63FA:-)
7:sprintf:0x1b48
	(0.7166:92d964bbed11220e9baad73fd9157302.sub_1B48:-)
7:sscanf:0x1bc8
	(0.7166:5ed2be5476dceddd2a9179d1101d6c44.sub_1BC8:-)
7:strchr:0x7d8
	(0.7498:7363c75f9ead66558d3e0ea4dad16b53.sub_7D8:-)
7:strcpy:0x64ae
	(0.7249:22c5b68a5ce2a086879c2866c51517f0.sub_64AE:-)
8:strchr:0x20b02a
	(0.7619:0ac35fff7900a0c3b4762fbf51ec16dc.sub_20B02A:-)
8:strncpy:0x20477c
	(0.7500:7aa3fd4e8646540298fdd004f60fad68.sub_20477C:-)
8:strtoul:0x20b734
	(0.7143:4739e9691119c13938defd51bf8bbb39.sub_20B734:-)
8:strcpy:0x20b8a2
	(0.7905:2abee6d5ba3f707c6366dc22f79c6014.sub_20B8A2:-)
8:strcmp:0x209368
	(0.7778:59eef926375183e9e17bb085dc4e1cb9.sub_209368:-)
8:strrchr:0x20ae6e
	(0.7988:e5522b87b4714a435ce74d65bb17a5f3.sub_20AE6E:-)
8:strtol:0x20464c
	(0.7210:4b04a82899249d613ab7f717c2c3d4a3.sub_20464C:-)
8:sscanf:0x20b824
	(0.8531:4ce178354c0b2659a0a0be5868518250.sub_20B824:-)
8:strcat:0x2048a0
	(0.7189:c344bef8fe681f8df9f0d6a32f5eb2d9.sub_2048A0:-)
8:strnlen:0x2037b8
	(0.7593:b59a4ce742ebb0aa4d41df2ce4e9137c.sub_2037B8:-)
8:send:0x203824
	(0.7917:53f26c3535cce4afd4f7dfb8022e9c3b.sub_203824:-)
8:recv:0x20ae92
	(0.8696:1706f048f296ffb829824fc9189bf608.sub_20AE92:-)
8:sprintf:0x204a5c
	(0.8704:4d83b662f16f3fe7934193d193326fa2.sub_204A5C:-)
8:strncat:0x20627c
	(0.7289:d629be910ca990f3eb179e219a84dafe.sub_20627C:-)
8:memset:0x20ace0
	(1.0000:b9457cb6625621d2294d28bcbbc4b5ae.memset)
8:memmove:0x20abe8
	(1.0000:f758c58b1292c9b2edbe87f46b86b71d.memmove)
8:memcpy:0x20aafc
	(1.0000:dcc02c345e09ee1c16aa7127b3ea44ed.memcpy)
8:strlen:0x20ad84
	(1.0000:9640a6ed6d08648b9335952efa00feaa.strlen)
9:memset:0x40090048
	(0.9915:779a149b674ff70dcf6738945308ca74.sub_40090048:*)
9:strtoul:0x400d1d7c
	(0.8450:5a0340221a2d2b5cf07fcc78fb5252e0.sub_400D1D7C:-)
9:strtol:0x400870c0
	(0.9156:159cbb48a855aadc55e6ab9743431a4d.sub_400870C0:*)
9:strncmp:0x40081084
	(0.7319:6da1e421f988c1449622732530f2ca2b.sub_40081084:-)
9:strrchr:0x400825ac
	(0.7488:840e20b49a30c0ccd2f940f6766afa0f.sub_400825AC:-)
9:strcat:0x40083be0
	(0.7581:d389c5c8580d2893877c70c3bd4259ed.sub_40083BE0:-)
9:snprintf:0x400857c8
	(0.7572:da40764446438125b8fb62f8bad8eae6.sub_400857C8:-)
9:memmove:0x400823a8
	(0.7274:539c08736120511769bf56937c870094.sub_400823A8:-)
9:getenv:0x400870d4
	(0.7803:b435056e6bd1e864a779539b61ae1933.sub_400870D4:-)
9:strncat:0x400871d8
	(0.7239:2c8ce6c9096b085a3e13cf59e48f4704.sub_400871D8:-)
9:strlen:0x4008a18c
	(0.9969:5d7e754ebbebe6339b4bc0d394e36296.sub_4008A18C:*)
9:memcmp:0x40082840
	(0.7094:3bb6acbee788f16ec0207d7a111455bd.sub_40082840:-)
9:sprintf:0x4008917c
	(0.8239:d0117e1e9f083034643d3493a674d46d.sub_4008917C:-)
9:recvfrom:0x40083c8c
	(0.7535:5079846d351fa86716996f190aef3dc1.sub_40083C8C:-)
9:strnlen:0x40085db0
	(0.7361:fc8286958fcc60c9eb922cac4805b6f6.sub_40085DB0:-)
9:sscanf:0x400d0688
	(0.8016:b0a8dfb331eda01bdeb30fdc57f5b407.sub_400D0688:-)
9:strchr:0x400870a0
	(0.7392:61b5e87117efe4d403a9216bdd6a81c3.sub_400870A0:-)
9:sendto:0x40087554
	(0.7773:12fdcd9c83074113786144c390c45e65.sub_40087554:-)
9:memcpy:0x4008fe70
	(1.0000:d7ebad0113120977b4308f9834b72c80.sub_4008FE70:*)
10:strcat:0x40c4d0
	(0.8268:8a86acdba8c219f768b1763eb1e27664.sub_40C4D0:-)
10:memset:0x4d81e0
	(0.7595:6694a52a7ba7a9f7db0dc73853ad8989.sub_4D81E0:-)
10:recvfrom:0x4e3910
	(0.8941:71c43bc081adbb5c30c1bacfad6686fb.sub_4E3910:-)
10:strcpy:0x4ab680
	(0.7661:b6b6447732beb6f17515ed713706ca99.sub_4AB680:-)
10:strncmp:0x432f90
	(0.8622:4ee5d6875e1d41fe399eaf6922969710.sub_432F90:-)
10:sendto:0x4e6160
	(0.8941:96c9d3a488bc1558beb20756779a4bf0.sub_4E6160:-)
10:strchr:0x40b1a0
	(0.7536:8579e0121cee6fe709273879aceaf08b.sub_40B1A0:-)
10:send:0x4bc740
	(0.8947:24a9cf35cc7dbea80e731770ce3fd5d2.sub_4BC740:-)
10:strlen:0x472150
	(0.7500:fe325bdb86593df88bed9ef99cd86916.sub_472150:-)
10:strncpy:0x4af1d0
	(0.7049:5b94c1208024973029d7b87a1fee1d51.sub_4AF1D0:-)
10:memcpy:0x4b8b10
	(0.7261:062624a89477af79a6999f5a3c6645e9.sub_4B8B10:-)
10:strcmp:0x432f40
	(0.7972:cf9f8656cdec03ec6da1c6228ce39215.sub_432F40:-)
10:snprintf:0x471e00
	(0.9097:0c1a9bdf280b54f59cb3245bef0bdffa.sub_471E00:*)
10:strnlen:0x4b9770
	(0.8336:5eec62f1f57d3e21b3cbe64d6d4fd863.sub_4B9770:-)
10:sscanf:0x418d70
	(0.8524:00b04e3e2b196b2c10b6bcece82cfaa2.sub_418D70:-)
10:memmove:0x4d9200
	(0.7045:34b873516da52ed9c26af3ee5ae17a6c.sub_4D9200:-)
10:strncat:0x432ef0
	(0.7972:831a8498011254e0ba6d3aa83b5acab6.sub_432EF0:-)
10:recv:0x46bf60
	(0.8047:ae9852fc134b957e3477caba612b945a.sub_46BF60:-)
10:memcmp:0x4320b0
	(0.7776:66326b37b896261c05ea311b48fcd322.sub_4320B0:-)
10:sprintf:0x4d6d20
	(1.0000:845a220ddb794b0d92f01a3eaaca3d39.sprintf)
10:getenv:0x417760
	(1.0000:92b7683f82e35839bdc26d0717532ac0.getenv)
11:strcpy:0x2c03a
	(0.7797:12d8bdf17e0036f5d4d9c3dea45ac79f.sub_2C03A:-)
11:strcat:0x10e8c
	(0.8085:3f8bac3cc63ceb9372a50cb77c3ad05c.sub_10E8C:-)
11:snprintf:0x1fa34
	(0.8229:01a6538bf9a5faa203907cfea3de40dc.sub_1FA34:-)
11:atoi:0x22974
	(0.8527:26bbc49882e8ff96a2555d99a8659810.sub_22974:-)
11:strncpy:0x21d0
	(0.7480:600e7909a7766a96efd234056cb0d445.sub_21D0:-)
11:recv:0x205e8
	(0.8967:9b0893175db50dc381494f8e9a64bc01.sub_205E8:-)
11:strncat:0x79c
	(0.7556:9c15106a70fcba5be79aaf702212846d.sub_79C:-)
11:strtol:0x2bf1c
	(0.7111:90ecd221e3e12cbed32bbb7f26b03f2f.sub_2BF1C:-)
11:strncmp:0x23c16
	(0.7036:ca00297bc14d590775fff587ac22691d.sub_23C16:-)
11:strtoul:0xe730
	(0.7152:bfd227276d6a7664fb79ab71b7b8fcfc.sub_E730:-)
11:sprintf:0x16f0
	(0.8947:5bd6b4a1869790105a88a7572f8122c7.sub_16F0:-)
11:strcmp:0x206bc
	(0.7862:bddda8ee0f58e575b313d917501456ff.sub_206BC:-)
11:strchr:0x1e548
	(0.7917:dea41d2aed3a873f3bd0fec3c5419e0f.sub_1E548:-)
11:strrchr:0x2690e
	(0.7971:c1c0db7791fada549ed40525009e7b52.sub_2690E:-)
11:sscanf:0x1fa1a
	(0.8147:324c52eb6a0122d5045a598a416669a2.sub_1FA1A:-)
11:strnlen:0x21170
	(0.7884:39264c9bed4717342c43b3f2e3d3f41e.sub_21170:-)
13:strcat:0x8002cbc
        (0.7583:8c4ee2bb386d0d36325df5c2fa3721f1.sub_8002CBC:-)
13:strcmp:0x8004200
        (0.7778:59eef926375183e9e17bb085dc4e1cb9.sub_8004200:-)
13:strrchr:0x8001ff4
        (0.7169:a75db0d8af71b396681271cc062a4ee9.sub_8001FF4:-)
14:strchr:0xe1315aa8
        (0.8104:0e6f8b4ac366ad5d2561a33d97458ca9.sub_E1315AA8:-)
14:strcat:0xe1314a80
        (0.7812:fdcbfc3c05af560aa5d2f7747846e6fe.sub_E1314A80:-)
14:strnlen:0xe1315688
        (0.8992:dc18e275f1580c0b4962bb4789268f9e.sub_E1315688:-)
14:strncpy:0xe13161d8
        (0.7308:1f489b22ec23848680cd20308dfc043c.sub_E13161D8:-)
14:strncat:0xe13156a0
        (0.7154:089f303162f3dfc6bc715c6fa32ffe03.sub_E13156A0:-)
14:strcpy:0xe131b658
        (0.7439:080bff6dccd68cbc9cf40df2054fca5a.sub_E131B658:-)
14:strcmp:0xe1312470
        (0.7496:8ab75eb5f1dc5243b5a07c43fc28fc45.sub_E1312470:-)
14:strtol:0xe1315962
        (0.7963:ae8ec0e9d4f420f959dcf8424ed8dbaa.sub_E1315962:-)
14:strrchr:0xe13121e0
        (0.7379:84597b321913b0fa10462f2f96fde634.sub_E13121E0:-)
14:memmove:0xe13170a6
        (0.7083:e19491a6f5df491708b99b90630ab068.sub_E13170A6:-)
14:sprintf:0xe131566c
        (0.7193:3246cb2bf9237666c88a4d2eaaf369f9.sub_E131566C:-)
14:strtoul:0xe13187cc
        (0.7564:5a703b19e754097b5f254cd69d2bdc3b.sub_E13187CC:-)
14:recv:0xe131698c
        (0.7627:e1fe7cb9a766e896d4cc1f4f536bfabe.sub_E131698C:-)
16:strcmp:0x403827f8
	(0.7263:6ecb26626aaeff658d9900ea1cb96ca8.sub_403827F8:-)
16:send:0x42010150
	(0.7800:7b3a822855ae72feccc675e466a3cd8c.sub_42010150:-)
16:sscanf:0x4038272c
	(0.7018:e6b8d36508e07e8fd7ff5ce0237766bd.sub_4038272C:-)
16:strlen:0x4038281c
	(0.7409:ff0c287317b8a545c9c60d3f40c1f2f0.sub_4038281C:-)
16:snprintf:0x42012114
	(0.7756:10d31e90e5fcfc067bf92e4f9def5a5d.sub_42012114:-)
16:strcpy:0x42012168
	(0.7378:42f0ffba1040a943d4563021fe555d63.sub_42012168:-)
16:strncpy:0x42012148
	(0.7378:d0fd25e6c6a2865332ccee910c0fd1e7.sub_42012148:-)
16:strcat:0x40381958
	(0.7363:d04c43023c0cdeb9114680f4aab281ea.sub_40381958:-)
16:recv:0x403805c4
	(0.7172:e2a9868f7541c5e72c12e6a56ade0eaa.sub_403805C4:-)
16:getenv:0x40381afc
	(0.7109:5a246e5208874ca26eb09cf641003157.sub_40381AFC:-)
16:sprintf:0x42011d68
	(0.8211:192a1a6d871aaf2ddc6ce30bf8075d7c.sub_42011D68:-)
16:memcmp:0x42012e74
	(0.7533:3977296913f04cd129bae651c08d8a56.sub_42012E74:-)
16:strtoul:0x4038118c
	(0.7045:f7f584b28abf55990e4207b3a330e0d7.sub_4038118C:-)
16:strtol:0x42010418
	(0.9545:d0de286be91350cc8e904cc27ca0c2de.sub_42010418:*)
17:memcmp:0x1a4f8
        (0.7874:fc3a4008a63682be01cf4dbe8e13caea.sub_1A4F8:-)
17:sscanf:0x19ffc
        (0.7220:e031c7845d2d8fad9bf5feaf6d5504e2.sub_19FFC:-)
17:getenv:0x10914
        (0.9876:bf6950221b9f6578a659f9c6996473d4.sub_10914:*)
17:strcpy:0x1aaec
        (0.9615:fcabb7fecd0093fa162a1d6be5e4bb8d.sub_1AAEC:*)
17:strrchr:0x1ae58
        (0.9513:b9314f336f1b1be06d717306d4090790.sub_1AE58:*)
17:recv:0x161f0
        (1.0000:1232bfa22f6f5a34cc0c18037eb6d51a.sub_161F0:*)
17:strtol:0x1a0ec
        (1.0000:33a5a6fac11258239fdab5a9b6cd1193.sub_1A0EC:*)
17:sprintf:0x1dd1c
        (0.7467:a88a2a621abbf8d2137567c86cf5c12c.sub_1DD1C:-)
17:memmove:0x26e10
        (0.9583:078cf51adce55799ecaa239952b922c2.sub_26E10:*)
17:strncpy:0x1adfc
        (0.9615:fcdf5e87104a7000e3071497a121d45e.sub_1ADFC:*)
17:strchr:0x1a9c0
        (0.9144:e84e92730a9e87534bd30de0c28247fe.sub_1A9C0:*)
17:memset:0x1a7f4
        (0.8441:e9b4fa18ece6212b63359fde5508a5e9.sub_1A7F4:-)
17:atoi:0x19e8c
        (0.9944:cd62f18406b4c10b90773cac1c34dc21.sub_19E8C:*)
17:strcat:0x1a098
        (0.7453:ba1a633e36d613fe9af8463fbc209417.sub_1A098:-)
17:strnlen:0x3b74
        (0.8029:d76b8c92c3d1f950dbab8eb1caba0dac.sub_3B74:-)
17:snprintf:0x1a994
        (0.7243:ec28c446b58e2737618a24af53d5a555.sub_1A994:-)
17:strtoul:0x1a0d0
        (1.0000:458bc8bb553ebf89bfd8803e8f0f91c0.sub_1A0D0:*)
17:send:0x1a0b4
        (0.7692:fe40a441e6f4d0f98051e239cc35ec22.sub_1A0B4:-)
17:strncat:0x1dd50
        (0.7280:be6be936a3ed72b1cf371b3a6fc8e65f.sub_1DD50:-)
17:sendto:0x1620c
        (1.0000:f9d5a93fe8c03ee67c932c9798676c1b.sendto)
17:strcmp:0x1aab8
        (1.0000:c0f5f60884af5b0656ae77d0ac40c674.strcmp)
17:recvfrom:0x21bd8
        (1.0000:d5f6aa500797ebcb7656956d8e6f2bc2.recvfrom)
17:memcpy:0x1a110
        (1.0000:8330de00bc2a292dcc7d80af58c762bd.memcpy)
18:strrchr:0x8002186
        (0.7483:b409b9a3a1870f9f6b7d55346347915e.sub_8002186:-)
18:strncpy:0x800e27c
        (0.7308:15c6e788bb952bbd2ee986464c9de565.sub_800E27C:-)
18:sscanf:0x800d53a
        (0.8531:d140038c9c85b2210767eee72f20eacb.sub_800D53A:-)
18:strnlen:0x8001f56
        (0.8740:a19980a7bbd6914eb8051480b60c4238.sub_8001F56:-)
18:memmove:0x8001840
        (0.9583:b92f196d4493f4138c739d14b9b3c8f1.sub_8001840:*)
18:strcmp:0x8001678
        (0.7778:931ee41727299b9a18c147688fcc5d79.sub_8001678:-)
18:recv:0x800a130
        (0.8199:4f6ebd2f014fac6ef7170b8463ae38f5.sub_800A130:-)
18:sprintf:0x800d8f8
        (0.8531:d74d7fd6e092572abec5f53d277073e2.sub_800D8F8:-)
18:strtoul:0x800e778
        (0.7949:5ca8d03ddb383b2c2594d6b913e1e8ba.sub_800E778:-)
18:strchr:0x8001f88
        (0.8466:aa538d804d7d68335e621e83b193cf42.sub_8001F88:-)
18:strncat:0x800106c
        (0.7241:64b822cd60010e22a4243f722e677796.sub_800106C:-)
18:snprintf:0x8009278
        (0.8531:28d77d57dd8e08fafed78466eaceb734.sub_8009278:-)
18:strcpy:0x8004036
        (0.9136:447a6b4240c9cec096b9180e23699406.sub_8004036:*)
18:send:0x800c88c
        (0.7538:5c898d0fd739c6f8359f44a686eb2b16.sub_800C88C:-)
18:atoi:0x800d584
        (0.7075:0c56efd53603bc7302d8303cc530443f.sub_800D584:-)
18:strtol:0x80013b4
        (0.8074:844cde84c3f82e229b986ba6710484c4.sub_80013B4:-)
18:memcpy:0x8008bda
        (0.7083:ef95c040ff36376f180811bef42e0ae1.sub_8008BDA:-)
18:strcat:0x800d804
        (1.0000:648a6a2feb934f4e1f451ca74b373922.strcat)
19:strtoul:0x40005238
        (0.7296:16dee4ae1e53d6ee5c0ffd79445aef02.sub_40005238:-)
19:sscanf:0x40004510
        (0.8103:1d54736e0ec0cf85314518cc20566a68.sub_40004510:-)
19:sprintf:0x40001d54
        (0.8147:2d7aa20dd5b71fae11b3cd9dbd3c4db5.sub_40001D54:-)
19:memcpy:0x4000d718
        (0.7500:caa45b66c3e0576e659541170377d041.sub_4000D718:-)
19:strcmp:0x40006c5c
        (0.7150:8a3f957eccd41b4fb80cba03c25f5853.sub_40006C5C:-)
19:snprintf:0x400042cc
        (0.8147:6b4ed6d51059c47a6b64db1247a47384.sub_400042CC:-)
19:memmove:0x4000fc00
        (0.7500:5f868c8d246769426afe87dcf040d720.sub_4000FC00:-)
19:strcat:0x4000c4ac
        (0.7406:322fd754188512ae3c1e9c97194a9ef9.sub_4000C4AC:-)
19:recv:0x4000cc84
        (0.7039:4b61e62a703df27f4f0cfd3007e55946.sub_4000CC84:-)
19:strchr:0x4000926c
        (0.7700:4297f04dbf427d5d93f02ccc9670562d.sub_4000926C:-)
19:strtol:0x40002e70
        (0.9778:4701a297e52b3ca17ab0144c7b8bf754.sub_40002E70:*)
