1:strtol:0x4000137c
	(0.6897:0280c266c7776660aac081a7e1436176.sub_4000137C:-)
1:strnlen:0x40001000
	(0.6994:18fd9e7f3de9316861b3867af4e09068.sub_40001000:-)
1:snprintf:0x40003c3c
	(0.7485:c7084e3f5f7633be4f186a7f026598e5.sub_40003C3C:-)
1:memcmp:0x40003c70
	(0.6735:6dcbcaaa27c6c009767c0f58562ae7fc.sub_40003C70:-)
1:strtoul:0x40003114
	(0.7600:74d0b21d8bf9de599fc59477ff58dfeb.sub_40003114:-)
1:sscanf:0x400013a0
	(0.7194:07953b6a99679484291a3a7f06c6764b.sub_400013A0:-)
1:sprintf:0x40003a6c
	(0.7086:6fbfa957b1174ff7cc98e7b1a05b11ca.sub_40003A6C:-)
1:strlen:0x40003058
	(0.6664:2369a1abe3907e062cb8c75caaaef75f.sub_40003058:-)
1:strncat:0x400037e8
	(0.7663:32c7a1af66353a286db56356b078019c.sub_400037E8:-)
2:recvfrom:0x1001e3b0
	(0.8258:52275e0ffa6ea4fc1693cc3d51e3923c.sub_1001E3B0:-)
2:sscanf:0x10056630
	(0.8258:52275e0ffa6ea4fc1693cc3d51e3923c.sub_10056630:-)
2:strcpy:0x1003a7c0
	(0.8757:c4688d615fef4e3688292488f676a940.sub_1003A7C0:-)
2:send:0x100392f0
	(0.8258:52275e0ffa6ea4fc1693cc3d51e3923c.sub_100392F0:-)
2:atoi:0x100f29a8
	(1.0000:e7b39a3570e5b5de59eecc030a63ca00.sub_100F29A8:*)
2:recv:0x10054d20
	(0.8258:52275e0ffa6ea4fc1693cc3d51e3923c.sub_10054D20:-)
2:strnlen:0x10044f00
	(0.8258:52275e0ffa6ea4fc1693cc3d51e3923c.sub_10044F00:-)
2:memset:0x100aa690
	(0.8974:2fb166fec233791694f7a083e7c04a10.sub_100AA690:-)
2:strtoul:0x100f2b34
	(0.8333:52275e0ffa6ea4fc1693cc3d51e3923c.sub_100F2B34:-)
2:memcmp:0x1003af60
	(0.8796:5f2fbe00418c15711a742fa14634ef5c.sub_1003AF60:-)
2:sendto:0x1004b308
	(0.8276:5e8b42aa73ca3211f3acc3c76ffc4ab0.sub_1004B308:-)
2:getenv:0x1004a010
	(0.8258:52275e0ffa6ea4fc1693cc3d51e3923c.sub_1004A010:-)
2:strrchr:0x1002d2b8
	(1.0000:9dde7d92fe34cb08d8c9da242e394dc2.sub_1002D2B8:*)
2:strtol:0x10015abc
	(0.8413:77d177e7eef73982d9328ec7d4f5ebb6.sub_10015ABC:-)
2:strcat:0x1003a130
	(0.8757:905534ed7798ebb315844b24a228d282.sub_1003A130:-)
2:strncpy:0x1003e160
	(0.8295:b646152685dee8332d6568952b7757c0.sub_1003E160:-)
2:snprintf:0x10028fc0
	(0.8258:52275e0ffa6ea4fc1693cc3d51e3923c.sub_10028FC0:-)
2:strncat:0x1003b040
	(0.8134:6e6f753dfb3f8d98c058be08ef34ab11.sub_1003B040:-)
2:sprintf:0x100a6530
	(0.8258:52275e0ffa6ea4fc1693cc3d51e3923c.sub_100A6530:-)
2:memmove:0x1003a3a0
	(0.9126:3f1cdf9b6e0c5291ec1049f0ac7c5901.sub_1003A3A0:*)
2:memcpy:0x1003b100
	(1.0000:c0357e476b84e845a7127834a3a12a9e.memcpy)
2:strchr:0x1003cd60
	(1.0000:734f0d53cbf859139292df506a3ca166.strchr)
2:strlen:0x1003c028
	(1.0000:284a960055721ca67f6bd32998985a06.strlen)
2:strncmp:0x1003cba0
	(1.0000:6a7bd3394d8a4af1aa6b3a50ce31ed50.strncmp)
2:strcmp:0x1003ecf0
	(1.0000:ac4a6f05e4765396a5ae13c19073067f.strcmp)
3:strtol:0x2a230
	(1.0000:d4a7cf4fc88ae949b9342392e55993e8.sub_2A230:*)
3:sprintf:0x21e30
	(0.7500:c7fde06301382c69067ffcfb513254cc.sub_21E30:-)
3:memcpy:0x36518
	(0.8000:073b141609274c005bc68d7f8b2c22a6.sub_36518:-)
3:snprintf:0x361dc
	(0.8161:54119304d80d216f0f667e5e89add76a.sub_361DC:-)
3:send:0x4f690
	(0.9276:b827e8dd877268e93268b6a83ab4036c.sub_4F690:*)
3:sscanf:0x361b0
	(0.8161:6c146e5ef995f30296867d9eac46bec2.sub_361B0:-)
3:strlen:0x5c57c
	(0.7281:f9d74c8600cbbdbe1448a14d29801cf2.sub_5C57C:-)
3:strtoul:0x5ea98
	(0.9569:ebb4d8d818d39d816e0fa9fd29344910.sub_5EA98:*)
3:atoi:0x51a04
	(0.8649:bf422a6b06491a46a1343c631ccc26b8.sub_51A04:-)
3:recvfrom:0x45a60
	(0.9693:ccf6cb2fe51b8dfabe3d5ec42cc7f81d.sub_45A60:*)
3:memmove:0x41494
	(1.0000:320e726cbd87f047a92ba282a7508d33.sub_41494:*)
3:strchr:0x4bc00
	(1.0000:b98eac1b4f7ecce64249db174f8e2b4f.sub_4BC00:*)
3:sendto:0x4f904
	(1.0000:163d5df91b60fdeccd2084e2055e43b5.sub_4F904:*)
3:strcmp:0x4ba70
	(1.0000:387dbc3ae92b51e42f087fe392ce16e2.sub_4BA70:*)
3:strncmp:0x4bd48
	(1.0000:1710738e05f26996a78393e8114f9ab9.sub_4BD48:*)
3:strncat:0x4c2a4
	(0.7995:2d524944bd9c2c20d91b3f8ca5c4e13e.sub_4C2A4:-)
3:strncpy:0x4be44
	(1.0000:708b2de1012b9b99bfd736234ddc0063.sub_4BE44:*)
3:strcpy:0x4bcf0
	(1.0000:57aa17badc67cffc6860cb959db069d4.sub_4BCF0:*)
3:recv:0x52994
	(1.0000:5e4c917fb2eec177c9579e7d7f1433d9.sub_52994:*)
3:memcmp:0x4b980
	(1.0000:ab6605c1f654561ffbc1197c390acf05.memcmp)
3:getenv:0x50fe4
	(1.0000:abbbc0c09189cd752e7459a0f7adfedf.getenv)
3:strrchr:0x4c014
	(1.0000:9a34018bea71dab3faaa713eec914f6e.strrchr)
3:strnlen:0x4bf3c
	(1.0000:c644e4cb6f9a38690d125cf97ebaf402.strnlen)
3:memset:0x4b9d0
	(1.0000:281c4a97ffa0cf9ec96302af558adee9.memset)
3:strcat:0x5c474
	(1.0000:173f8e2f765d1a8a4b9dee10cfe40da7.strcat)
4:strncpy:0x64662
	(1.0000:f408cc39518adfce414bb4b3c874c132.sub_64662:*)
4:sendto:0x77e76
	(0.9922:c79a94718d2831e80059ec81101d58f2.sub_77E76:*)
4:strtol:0x20b82
	(0.7727:0154348c7bfa453d54d19de015b74860.sub_20B82:-)
4:strncmp:0x3752a
	(0.9521:8a2183c292972ade8170dbedafc9aac3.sub_3752A:*)
4:send:0x49670
	(1.0000:de6ccf536f3720fce26fbfa66366b8bb.sub_49670:*)
4:atoi:0x2034a
	(0.9540:fe470e4c30849543d975b7d8db59a5ab.sub_2034A:*)
4:strcat:0x10e36
	(0.8463:fafdf5b2690bd5f6f9484b8eb26db274.sub_10E36:-)
4:strtoul:0x7b876
	(0.7955:daf89d39bd7a9cbbe736979bc469171f.sub_7B876:-)
4:strnlen:0x37460
	(0.9969:1004d54ba65fdf312cdf33e9d9857740.sub_37460:*)
4:strcpy:0x371e4
	(1.0000:1e9d502081f714ec1e06dc629683f8d0.sub_371E4:*)
4:sprintf:0x21410
	(0.9797:a920ca6ebf4b632ac5264419bbc1825e.sub_21410:*)
4:recv:0x40010
	(1.0000:86f39f66935006a757acd0d68b9b105c.sub_40010:*)
4:memmove:0x37ff2
	(1.0000:0ed72ab4369f8404c6f3d8043224e388.sub_37FF2:*)
4:strlen:0x373b6
	(1.0000:9330fe7f529c5d604aff55e2b8a4eac1.sub_373B6:*)
4:sscanf:0x29b48
	(0.9163:f2dea926af156177121213232283c0c6.sub_29B48:*)
4:strrchr:0x375bc
	(0.9894:9acf1e096aa1e1afd65717fa398ed79e.sub_375BC:*)
4:strchr:0x370f2
	(0.9995:e1c197db46c3e816e43e09ff6ba054cf.sub_370F2:*)
4:memcmp:0x79a8a
	(0.7277:1fb020f4bcda3c2bffec8eb3c97344a4.sub_79A8A:-)
4:strcmp:0x371c6
	(0.9567:8f19408e8c5f4a91a12a539f4a3daa7c.sub_371C6:*)
4:memset:0x38116
	(1.0000:c4ac19acd2e622291b76a87df473eb3c.sub_38116:*)
4:snprintf:0x213ec
	(0.8835:9abed343f338edceee19f43d6584b766.sub_213EC:-)
4:memcpy:0x38222
	(1.0000:114a9903b1e1b43a4c6ea51b323238a5.sub_38222:*)
4:recvfrom:0x76206
	(0.9922:4c3a202a9c46d7237546661b844825de.sub_76206:*)
4:strncat:0x1c6cc
	(0.7639:223403c91426f577c4f1135363a5181c.sub_1C6CC:-)
4:getenv:0x20772
	(0.9922:88630f979044ddc92f6802ad3cf668d4.sub_20772:*)
6:strtoul:0x80204314
	(0.6528:b34905c4d9ca89880eefbb5f065e7d4f.sub_80204314:-)
6:strcat:0x80202db8
	(0.6959:79381a8d8d42f7153ff3f309b1339885.sub_80202DB8:-)
6:send:0x80203ac0
	(0.6538:ef83920435fb56386fa0ce527e3b0a14.sub_80203AC0:-)
6:getenv:0x80203b68
	(0.6849:8a7d4c314fb6f674c02a7d70ed5e928f.sub_80203B68:-)
6:strncat:0x80201e00
	(0.6570:7b3ea21d46afff27f925c4247756000b.sub_80201E00:-)
6:recv:0x80202a18
	(0.7971:507dda9894df5efb9c312a1da25362a1.sub_80202A18:-)
6:snprintf:0x80201c38
	(0.7949:507dda9894df5efb9c312a1da25362a1.sub_80201C38:-)
6:memcmp:0x80202ddc
	(0.7735:2ac7be39bf2233fcf858ec6d93a48257.sub_80202DDC:-)
7:strtoul:0x6632
	(0.7374:bf9d7c3272ec65798c055183842d2335.sub_6632:-)
7:send:0x3b38
	(0.7155:4a22c8892f9a04d2ecc097747a5e7820.sub_3B38:-)
7:strncpy:0x6800
	(0.7816:4d2a8f1315aa30ab90df52ed2c285dbe.sub_6800:-)
7:strchr:0x6a36
	(0.6923:e93120ae67c834bce72936eacf76267d.sub_6A36:-)
7:memcmp:0x4f8
	(0.7025:03407b06753d204b3f1a3bbdb2d69697.sub_4F8:-)
7:strtol:0x1bc8
	(0.6823:5ed2be5476dceddd2a9179d1101d6c44.sub_1BC8:-)
7:atoi:0x647e
	(0.7304:4016418bdbf5161a884e1a1862632a35.sub_647E:-)
7:strrchr:0x29d4
	(0.6833:842a54332691f61f8f30f4b8de4d4978.sub_29D4:-)
7:recv:0x63fa
	(0.9038:a7aea0bba0cbb08a6df55cf0f25b52e3.sub_63FA:*)
7:sprintf:0x1b48
	(0.7804:92d964bbed11220e9baad73fd9157302.sub_1B48:-)
7:strcpy:0x6c90
	(0.7126:4490414b0633862aedac29d53252bb45.sub_6C90:-)
7:snprintf:0x5cf8
	(0.9177:96371a4387ae157dcda23a6f8d95078f.sub_5CF8:*)
7:strncat:0x2200
	(0.7130:c6415350e4ee9bfc7b8e025fb6b04572.sub_2200:-)
7:strnlen:0x7f4
	(0.7447:9c15106a70fcba5be79aaf702212846d.sub_7F4:-)
7:strcmp:0x43c4
	(0.6886:52fee479be1d85685fa5fcacd4756e14.sub_43C4:-)
7:sscanf:0x1748
	(0.9401:db372accf68ae3ed8a3f2f3b7a035334.sub_1748:*)
7:strcat:0x5cde
	(0.8346:28b20d7910ee90ce71760bf54b156f5a.sub_5CDE:-)
8:atoi:0x20b2ba
	(0.7374:5d6250ee3dd1bdbf68d917faf95a09fa.sub_20B2BA:-)
8:strcat:0x2048a0
	(0.7502:c344bef8fe681f8df9f0d6a32f5eb2d9.sub_2048A0:-)
8:strcpy:0x20477c
	(0.8103:7aa3fd4e8646540298fdd004f60fad68.sub_20477C:-)
8:snprintf:0x204a5c
	(0.9339:4d83b662f16f3fe7934193d193326fa2.sub_204A5C:*)
8:memcmp:0x209dfc
	(0.6680:01b3eba665a8fb03acf18e0a1a98e7cd.sub_209DFC:-)
8:strncmp:0x2091a4
	(0.6533:7276fa7e2a7e149cb9af9e44988566c6.sub_2091A4:-)
8:strcmp:0x204750
	(0.8267:59eef926375183e9e17bb085dc4e1cb9.sub_204750:-)
8:getenv:0x20aea2
	(0.6847:39c706c88797d61428e6a54105c9237a.sub_20AEA2:-)
8:strnlen:0x2037b8
	(0.6904:b59a4ce742ebb0aa4d41df2ce4e9137c.sub_2037B8:-)
8:send:0x20b3c6
	(0.7615:1cc8c7f116c6cf99e5877d5b5b969e6c.sub_20B3C6:-)
8:strncpy:0x2082bc
	(0.7931:c3a202067a3a9be86b863d1b9b6ba419.sub_2082BC:-)
8:sprintf:0x203624
	(0.6933:8100fc478d46c407a07d5627acace553.sub_203624:-)
8:sscanf:0x20b824
	(0.9477:4ce178354c0b2659a0a0be5868518250.sub_20B824:*)
8:strtol:0x20b734
	(0.7783:4739e9691119c13938defd51bf8bbb39.sub_20B734:-)
8:strchr:0x20b02a
	(0.7785:0ac35fff7900a0c3b4762fbf51ec16dc.sub_20B02A:-)
8:strtoul:0x2047cc
	(0.8046:edf5780dff2016dc01cd7ed513fdd30d.sub_2047CC:-)
8:strncat:0x20b50e
	(0.8848:6036f82a5f0481d83e9ed55db0716183.sub_20B50E:-)
8:strrchr:0x20b8a2
	(0.7699:2abee6d5ba3f707c6366dc22f79c6014.sub_20B8A2:-)
8:recv:0x20ae92
	(0.8718:1706f048f296ffb829824fc9189bf608.sub_20AE92:-)
8:memset:0x20ace0
	(1.0000:b9457cb6625621d2294d28bcbbc4b5ae.memset)
8:memmove:0x20abe8
	(1.0000:f758c58b1292c9b2edbe87f46b86b71d.memmove)
8:memcpy:0x20aafc
	(1.0000:dcc02c345e09ee1c16aa7127b3ea44ed.memcpy)
8:strlen:0x20ad84
	(1.0000:9640a6ed6d08648b9335952efa00feaa.strlen)
9:strrchr:0x40086cdc
	(0.7657:a059c03b3d0dc0abca82eb7b1e252060.sub_40086CDC:-)
9:memset:0x40090048
	(0.9835:779a149b674ff70dcf6738945308ca74.sub_40090048:*)
9:memmove:0x400d0bf8
	(0.7449:09be2b23a44578d415f22d63e8fe0355.sub_400D0BF8:-)
9:sendto:0x40087c14
	(0.7824:38ae84885f12e7ae0bc69377777f17c7.sub_40087C14:-)
9:strcat:0x40083be0
	(0.7594:d389c5c8580d2893877c70c3bd4259ed.sub_40083BE0:-)
9:strnlen:0x4008ff68
	(0.7466:6d7cd5682d853e264d1b0c8763720741.sub_4008FF68:-)
9:sscanf:0x400d352c
	(0.7977:ccfb3aab320f2c4df8567d5e31756a9f.sub_400D352C:-)
9:recvfrom:0x400883e4
	(0.7735:612901dc761021d5cf13895ac985a83e.sub_400883E4:-)
9:snprintf:0x400d0688
	(0.8530:b0a8dfb331eda01bdeb30fdc57f5b407.sub_400D0688:-)
9:sprintf:0x4008917c
	(0.8766:d0117e1e9f083034643d3493a674d46d.sub_4008917C:-)
9:memcpy:0x4008fe70
	(1.0000:d7ebad0113120977b4308f9834b72c80.sub_4008FE70:*)
9:strtol:0x400d1d8c
	(0.8973:21a4aa7cecded74b82ed891c1b2a1f31.sub_400D1D8C:-)
9:strlen:0x4008a18c
	(1.0000:5d7e754ebbebe6339b4bc0d394e36296.sub_4008A18C:*)
9:strncmp:0x400833a4
	(0.7661:2eaf0e23948180a75b2932f6794bd49e.sub_400833A4:-)
9:strtoul:0x400870c0
	(0.9603:159cbb48a855aadc55e6ab9743431a4d.sub_400870C0:*)
9:strchr:0x40085db0
	(0.7653:fc8286958fcc60c9eb922cac4805b6f6.sub_40085DB0:-)
9:strncpy:0x4008f914
	(0.6982:aa0774f3a5c1921c9f6c768b94eb759e.sub_4008F914:-)
9:strncat:0x40085fec
	(0.7413:6df84d5be33007f012e2d536068dcb11.sub_40085FEC:-)
9:getenv:0x40080f14
	(0.7852:667363d86c798551676e8a7b86549af0.sub_40080F14:-)
9:memcmp:0x40082840
	(0.7117:3bb6acbee788f16ec0207d7a111455bd.sub_40082840:-)
10:recvfrom:0x4e6160
	(0.9343:96c9d3a488bc1558beb20756779a4bf0.sub_4E6160:*)
10:strncat:0x4320b0
	(0.7477:66326b37b896261c05ea311b48fcd322.sub_4320B0:-)
10:sscanf:0x418d70
	(0.8926:00b04e3e2b196b2c10b6bcece82cfaa2.sub_418D70:-)
10:memmove:0x4d9200
	(0.7314:34b873516da52ed9c26af3ee5ae17a6c.sub_4D9200:-)
10:strncpy:0x4ab680
	(0.7165:b6b6447732beb6f17515ed713706ca99.sub_4AB680:-)
10:strnlen:0x4b9770
	(0.8636:5eec62f1f57d3e21b3cbe64d6d4fd863.sub_4B9770:-)
10:strcmp:0x472150
	(0.8000:fe325bdb86593df88bed9ef99cd86916.sub_472150:-)
10:memcpy:0x4b9060
	(0.7436:3c228393b09590764af4bbd9d06904e1.sub_4B9060:-)
10:memcmp:0x433170
	(0.7668:226566464534930177d78eb70ec5e995.sub_433170:-)
10:sendto:0x4e3910
	(0.9343:71c43bc081adbb5c30c1bacfad6686fb.sub_4E3910:*)
10:strcat:0x4ebac0
	(0.7136:9ef603ef97f606d0dbd343a676be3d84.sub_4EBAC0:-)
10:strchr:0x4d81e0
	(0.7487:6694a52a7ba7a9f7db0dc73853ad8989.sub_4D81E0:-)
10:strrchr:0x432ef0
	(0.8401:831a8498011254e0ba6d3aa83b5acab6.sub_432EF0:-)
10:recv:0x4bc740
	(0.9343:24a9cf35cc7dbea80e731770ce3fd5d2.sub_4BC740:*)
10:strncmp:0x4b1a40
	(0.8965:e29cddfb2ea91c442af5845d806ae343.sub_4B1A40:-)
10:atoi:0x4dbf30
	(0.7304:3dfab3dd91b49ba2f641e2a31af3abe1.sub_4DBF30:-)
10:strlen:0x432f40
	(0.8401:cf9f8656cdec03ec6da1c6228ce39215.sub_432F40:-)
10:strcpy:0x4b1890
	(0.7477:3e2d962182e1863346fdad0b9c022948.sub_4B1890:-)
10:send:0x4e39e0
	(0.8519:edd1a6d4fe6d91967faee58a94815087.sub_4E39E0:-)
10:memset:0x4d8160
	(0.8109:4dd3e692ee385de45cbb01aa2eff079f.sub_4D8160:-)
10:snprintf:0x471e00
	(0.9630:0c1a9bdf280b54f59cb3245bef0bdffa.sub_471E00:*)
10:sprintf:0x4d6d20
	(1.0000:845a220ddb794b0d92f01a3eaaca3d39.sprintf)
10:getenv:0x417760
	(1.0000:92b7683f82e35839bdc26d0717532ac0.getenv)
11:strncpy:0x2100e
	(0.7816:b2b4c9fa7935d5da84e14eb560f38031.sub_2100E:-)
11:strchr:0x1e548
	(0.7800:dea41d2aed3a873f3bd0fec3c5419e0f.sub_1E548:-)
11:strcpy:0x2c03a
	(0.7799:12d8bdf17e0036f5d4d9c3dea45ac79f.sub_2C03A:-)
11:strcat:0xbcc8
	(0.8283:975d9e469e03878b7196b321130d400e.sub_BCC8:-)
11:strncmp:0x23bd0
	(0.6879:fad3686829fafd516a17a41889e557c3.sub_23BD0:-)
11:strcmp:0x206bc
	(0.7603:bddda8ee0f58e575b313d917501456ff.sub_206BC:-)
11:strtoul:0xd580
	(0.7791:79de8e2f4a8890df9f055fe6edcd09ea.sub_D580:-)
11:memcmp:0x4a0
	(0.7025:845f5c192b79a5ac47fa313a3cd67e9e.sub_4A0:-)
11:sscanf:0x16f0
	(0.9401:5bd6b4a1869790105a88a7572f8122c7.sub_16F0:*)
11:sprintf:0x1fa1a
	(0.8787:324c52eb6a0122d5045a598a416669a2.sub_1FA1A:-)
11:strncat:0x1de1c
	(0.7929:bf5a32174e4036dfa0a0556d4a087d26.sub_1DE1C:-)
11:snprintf:0x1fa34
	(0.9177:01a6538bf9a5faa203907cfea3de40dc.sub_1FA34:*)
11:recv:0x205e8
	(0.9038:9b0893175db50dc381494f8e9a64bc01.sub_205E8:*)
11:send:0x48dc
	(0.7155:4a22c8892f9a04d2ecc097747a5e7820.sub_48DC:-)
11:getenv:0x26f2e
	(0.7017:9dbeb3a3917137cb21dc6553068a93a9.sub_26F2E:-)
11:strlen:0x244f8
	(0.6645:0f204bb0efb8401f09d7fe939946c0a7.sub_244F8:-)
11:strrchr:0x2690e
	(0.7616:c1c0db7791fada549ed40525009e7b52.sub_2690E:-)
11:strnlen:0x79c
	(0.7447:9c15106a70fcba5be79aaf702212846d.sub_79C:-)
11:strtol:0x84c8
	(0.7532:461629fb416da6228b2e5d23d6a6e291.sub_84C8:-)
11:atoi:0x22974
	(0.8431:26bbc49882e8ff96a2555d99a8659810.sub_22974:-)
12:strtoul:0xc0e3d0c
	(0.8224:cc2a5554d4edadeaa7dc2bb900896e23.sub_C0E3D0C:-)
12:sprintf:0xc0d7234
	(0.7936:c7986bbe5ca63ad2affc9b63573c45a6.sub_C0D7234:-)
12:sscanf:0xc066e84
	(0.9177:c536147bbf059d665c0ab599bfd5d4f3.sub_C066E84:*)
12:atoi:0xc0e339c
	(0.9265:284634d835809338eda7f04ef7b432f4.sub_C0E339C:*)
12:send:0xc067e9c
	(0.6977:05096f38d699d8cb04753cb8b0672735.sub_C067E9C:-)
12:memmove:0x204940
	(0.8077:ced078faafb7c46d0b27c3131926ae8e.sub_204940:-)
12:strncat:0x20f040
	(0.8264:28a4a48586bd8cce70c7ef0617bcfd80.sub_20F040:-)
12:strtol:0xc0e42b8
	(0.8224:5a995f4264b78d586efb677b491876cc.sub_C0E42B8:-)
12:strncpy:0xc06d630
	(0.8506:3711ab5ad698c17c8a97bf97d91146dc.sub_C06D630:-)
12:snprintf:0xc067f5a
	(0.9177:8f4016cb420388a48bdb5bb9d9a43264.sub_C067F5A:*)
12:recv:0x2262ac
	(0.8355:7d64589f08deccf33a98207f12b47c5a.sub_2262AC:-)
12:memcmp:0xc0689d8
	(0.7057:d9070f62ebe47edbce43b787d3b6066c.sub_C0689D8:-)
12:sendto:0xc073154
	(0.6592:cb18ced335c2b8253fb58419fe56b180.sub_C073154:-)
12:strncmp:0xc0ec6a8
	(0.7555:95021709c14e376fa0dd993ae5731d97.sub_C0EC6A8:-)
12:getenv:0xc08c6c4
	(0.6882:20c5cbf81238277ad635c644e87e8de0.sub_C08C6C4:-)
12:strrchr:0xc06f9b4
	(0.8198:cb401c734104452e7459d8d36e6f56a7.sub_C06F9B4:-)
12:strchr:0xc0d9168
	(0.8358:de077666045f880bb6d14aea009967e7.sub_C0D9168:-)
12:strcat:0x22a138
	(0.8178:9e805ea9b3abf6182a03a84b667a99cc.sub_22A138:-)
12:strnlen:0x2276c0
	(0.8604:5c2c9df88eb58841f4106f9d441add7f.sub_2276C0:-)
12:strcpy:0xc0e543c
	(1.0000:2f68f65e9457164cdb47bf8363916b8c.strcpy)
12:memcpy:0x2001a8
	(1.0000:dcc02c345e09ee1c16aa7127b3ea44ed.memcpy)
12:strcmp:0xc0e5280
	(1.0000:d8a22399a9849f350edfee4563f910d3.strcmp)
12:strlen:0xc0e58e0
	(1.0000:9640a6ed6d08648b9335952efa00feaa.strlen)
13:strtoul:0x8002020
	(0.6638:f1b96175ed753a3c536a5bb4e88a8e44.sub_8002020:-)
13:send:0x80012d0
	(0.6925:3d961ea7d5f16c1155ec7f4fd51a8a9c.sub_80012D0:-)
13:strtol:0x8002cbc
	(0.7212:8c4ee2bb386d0d36325df5c2fa3721f1.sub_8002CBC:-)
13:strchr:0x800450c
	(0.6508:2d40cdba63ae6b9fed23fea88fa72ab5.sub_800450C:-)
13:strcmp:0x8008390
	(0.8267:59eef926375183e9e17bb085dc4e1cb9.sub_8008390:-)
13:strrchr:0x80086cc
	(0.6998:80dac5d3aa9da95527ee29921b483fbb.sub_80086CC:-)
13:memmove:0x8000e6c
	(0.8077:68365fb2f3b09bfac403b5ac71ab6cdc.sub_8000E6C:-)
13:getenv:0x800263c
	(0.6534:6a3843b88c0fbafd0fe0d445bb8bd907.sub_800263C:-)
13:memcpy:0x8009cfc
	(0.7692:f929f3d8388b4d295be759f70772b805.sub_8009CFC:-)
13:strcat:0x8005944
	(0.6654:eab0889b0e1c0fb68806e888c04cb394.sub_8005944:-)
14:strlen:0xe1319f44
	(0.6726:00bb4a592658395067b962ea9875d3cb.sub_E1319F44:-)
14:memmove:0xe131d650
	(0.8077:68365fb2f3b09bfac403b5ac71ab6cdc.sub_E131D650:-)
14:strchr:0xe13156a0
	(0.7790:089f303162f3dfc6bc715c6fa32ffe03.sub_E13156A0:-)
14:getenv:0xe131a340
	(0.7030:bb202c6e9c010e8953b453e94fcb6f55.sub_E131A340:-)
14:strncmp:0xe1315f08
	(0.6620:836eb538fd8c42856952d7d2cd05f6aa.sub_E1315F08:-)
14:strcpy:0xe131d630
	(0.9200:1d9a7200b35ba60f84950c47c633f6c5.sub_E131D630:*)
14:strcmp:0xe1315a7c
	(0.7333:fd01168735650721ee14075b40929eb9.sub_E1315A7C:-)
14:strrchr:0xe131a43c
	(0.7043:8bd9864b611ddeeb366c798ce781db44.sub_E131A43C:-)
14:atoi:0xe1315578
	(0.7304:2285914352a830239abd0297c73c6832.sub_E1315578:-)
14:send:0xe13128d8
	(0.7155:1dd62ea671e197821884fe6802c769ad.sub_E13128D8:-)
14:strcat:0xe131406c
	(0.7935:22b9c32e533286838ac3195f5c5addc0.sub_E131406C:-)
14:strncpy:0xe13161d8
	(0.7931:1f489b22ec23848680cd20308dfc043c.sub_E13161D8:-)
14:strtol:0xe1315962
	(0.7731:ae8ec0e9d4f420f959dcf8424ed8dbaa.sub_E1315962:-)
14:snprintf:0xe1314a80
	(0.7116:fdcbfc3c05af560aa5d2f7747846e6fe.sub_E1314A80:-)
14:memcpy:0xe13170a6
	(0.7600:e19491a6f5df491708b99b90630ab068.sub_E13170A6:-)
14:recv:0xe1315aa8
	(0.8141:0e6f8b4ac366ad5d2561a33d97458ca9.sub_E1315AA8:-)
14:memcmp:0xe1312470
	(0.7008:8ab75eb5f1dc5243b5a07c43fc28fc45.sub_E1312470:-)
14:strncat:0xe1311560
	(0.6960:b42dce716dc617d5c2952c0aed4834c2.sub_E1311560:-)
14:sprintf:0xe131566c
	(0.7705:3246cb2bf9237666c88a4d2eaaf369f9.sub_E131566C:-)
14:strtoul:0xe13187cc
	(0.8161:5a703b19e754097b5f254cd69d2bdc3b.sub_E13187CC:-)
14:strnlen:0xe1315688
	(0.9068:dc18e275f1580c0b4962bb4789268f9e.sub_E1315688:*)
14:sscanf:0xe1315ab8
	(0.6624:29208ce01f17ed2f8166bcee0886bece.sub_E1315AB8:-)
16:strlen:0x4038281c
	(0.7745:ff0c287317b8a545c9c60d3f40c1f2f0.sub_4038281C:-)
16:getenv:0x40381afc
	(0.7157:5a246e5208874ca26eb09cf641003157.sub_40381AFC:-)
16:sscanf:0x42012114
	(0.7425:10d31e90e5fcfc067bf92e4f9def5a5d.sub_42012114:-)
16:strncpy:0x42012168
	(0.7994:42f0ffba1040a943d4563021fe555d63.sub_42012168:-)
16:strncat:0x40380ccc
	(0.6856:3ace4fe91d54f2c388a56dcb07f6097b.sub_40380CCC:-)
16:memcmp:0x42012e74
	(0.7723:3977296913f04cd129bae651c08d8a56.sub_42012E74:-)
16:memmove:0x42012be0
	(0.6901:cf5d02a91c79f69dcea886f193c40dad.sub_42012BE0:-)
16:atoi:0x420100e4
	(0.7504:efcc54e7e90f690b77b6d9c95ca26979.sub_420100E4:-)
16:sendto:0x42011c18
	(0.7083:e7d1a4e2efcaea07a8ddba317d919d5d.sub_42011C18:-)
16:memcpy:0x4201191c
	(0.6531:83ca0e23562b03d4fc6275d8dfbcaa11.sub_4201191C:-)
16:sprintf:0x42011d68
	(0.8741:192a1a6d871aaf2ddc6ce30bf8075d7c.sub_42011D68:-)
16:strrchr:0x42011dbc
	(0.6949:21674eef355199276116d9b3f54ba9be.sub_42011DBC:-)
16:strtoul:0x42010418
	(1.0000:d0de286be91350cc8e904cc27ca0c2de.sub_42010418:*)
16:strcat:0x40381958
	(0.7618:d04c43023c0cdeb9114680f4aab281ea.sub_40381958:-)
16:strtol:0x40381640
	(0.7381:0b53adb10467dea529eedf48fadecc57.sub_40381640:-)
16:snprintf:0x4038272c
	(0.9569:e6b8d36508e07e8fd7ff5ce0237766bd.sub_4038272C:*)
16:send:0x42010150
	(0.8125:7b3a822855ae72feccc675e466a3cd8c.sub_42010150:-)
16:strcmp:0x42011624
	(0.6855:57720e8ba78355f201eddc003a747245.sub_42011624:-)
16:recvfrom:0x403805c4
	(0.7434:e2a9868f7541c5e72c12e6a56ade0eaa.sub_403805C4:-)
16:strcpy:0x42012148
	(0.7994:d0fd25e6c6a2865332ccee910c0fd1e7.sub_42012148:-)
17:strchr:0x1a9c0
	(0.9241:e84e92730a9e87534bd30de0c28247fe.sub_1A9C0:*)
17:strtol:0x1a0ec
	(1.0000:33a5a6fac11258239fdab5a9b6cd1193.sub_1A0EC:*)
17:recv:0x161f0
	(1.0000:1232bfa22f6f5a34cc0c18037eb6d51a.sub_161F0:*)
17:strncmp:0x1b774
	(0.6904:3eb4ae2821a5d95fd5fb61ffdc3062ee.sub_1B774:-)
17:strcpy:0x1adfc
	(1.0000:fcdf5e87104a7000e3071497a121d45e.sub_1ADFC:*)
17:getenv:0x10914
	(0.9964:bf6950221b9f6578a659f9c6996473d4.sub_10914:*)
17:strrchr:0x1ae58
	(0.9633:b9314f336f1b1be06d717306d4090790.sub_1AE58:*)
17:strncat:0x19c5c
	(0.6910:a79ace0142010ae8d512926168343117.sub_19C5C:-)
17:sprintf:0x17d88
	(0.7102:81276e44c7d6d8e762fda9e56fbcefe9.sub_17D88:-)
17:sscanf:0x19ffc
	(0.7507:e031c7845d2d8fad9bf5feaf6d5504e2.sub_19FFC:-)
17:atoi:0x19e8c
	(0.9984:cd62f18406b4c10b90773cac1c34dc21.sub_19E8C:*)
17:strlen:0x1ad6c
	(0.7037:630e18372cae8a72ee8f45ebb5542b61.sub_1AD6C:-)
17:strncpy:0x1aaec
	(1.0000:fcabb7fecd0093fa162a1d6be5e4bb8d.sub_1AAEC:*)
17:snprintf:0x1dd1c
	(0.8074:a88a2a621abbf8d2137567c86cf5c12c.sub_1DD1C:-)
17:send:0x1a0b4
	(0.8276:fe40a441e6f4d0f98051e239cc35ec22.sub_1A0B4:-)
17:memmove:0x26e10
	(1.0000:078cf51adce55799ecaa239952b922c2.sub_26E10:*)
17:strnlen:0x1ae10
	(0.9716:f69900fac3398bef2681f53218e02705.sub_1AE10:*)
17:strtoul:0x1a098
	(1.0000:ba1a633e36d613fe9af8463fbc209417.sub_1A098:*)
17:memcmp:0x1a4f8
	(0.8236:fc3a4008a63682be01cf4dbe8e13caea.sub_1A4F8:-)
17:memset:0x1a7f4
	(0.8603:e9b4fa18ece6212b63359fde5508a5e9.sub_1A7F4:-)
17:strcat:0x1a994
	(0.9494:ec28c446b58e2737618a24af53d5a555.sub_1A994:*)
17:sendto:0x1620c
	(1.0000:f9d5a93fe8c03ee67c932c9798676c1b.sendto)
17:strcmp:0x1aab8
	(1.0000:c0f5f60884af5b0656ae77d0ac40c674.strcmp)
17:recvfrom:0x21bd8
	(1.0000:d5f6aa500797ebcb7656956d8e6f2bc2.recvfrom)
17:memcpy:0x1a110
	(1.0000:8330de00bc2a292dcc7d80af58c762bd.memcpy)
18:atoi:0x800d584
	(0.7857:0c56efd53603bc7302d8303cc530443f.sub_800D584:-)
18:strtoul:0x8004158
	(0.8082:d6076af9de7a7e88f550464bdde13b1a.sub_8004158:-)
18:memmove:0x8001840
	(1.0000:b92f196d4493f4138c739d14b9b3c8f1.sub_8001840:*)
18:strchr:0x8001f88
	(0.8447:aa538d804d7d68335e621e83b193cf42.sub_8001F88:-)
18:getenv:0x800e7d0
	(0.7046:a4e7134fba51c164c6c1fa1abc38b003.sub_800E7D0:-)
18:memcpy:0x8008bda
	(0.7600:ef95c040ff36376f180811bef42e0ae1.sub_8008BDA:-)
18:strtol:0x800e778
	(0.8506:5ca8d03ddb383b2c2594d6b913e1e8ba.sub_800E778:-)
18:strnlen:0x8001f56
	(0.8770:a19980a7bbd6914eb8051480b60c4238.sub_8001F56:-)
18:sprintf:0x800d8f8
	(0.9477:d74d7fd6e092572abec5f53d277073e2.sub_800D8F8:*)
18:sscanf:0x8009278
	(0.9477:28d77d57dd8e08fafed78466eaceb734.sub_8009278:*)
18:snprintf:0x800ce20
	(0.9477:c546bff19316df69ce267b435428f6f2.sub_800CE20:*)
18:strncat:0x800e000
	(0.6990:2c86555b2bee118452816e79dfc25b8f.sub_800E000:-)
18:strcpy:0x8004036
	(0.9042:447a6b4240c9cec096b9180e23699406.sub_8004036:*)
18:recv:0x800106c
	(0.8222:64b822cd60010e22a4243f722e677796.sub_800106C:-)
18:send:0x800c88c
	(0.8138:5c898d0fd739c6f8359f44a686eb2b16.sub_800C88C:-)
18:strncpy:0x800e27c
	(0.7931:15c6e788bb952bbd2ee986464c9de565.sub_800E27C:-)
18:strcmp:0x8001658
	(0.8267:4464bf57a344d57fa08e05ca26cef508.sub_8001658:-)
18:strncmp:0x800408e
	(0.7056:68263d03823e5f466d1fb19080203505.sub_800408E:-)
18:strrchr:0x800af16
	(0.7532:bc021f6977fab543c79ecbb37b8558c4.sub_800AF16:-)
18:memcmp:0x8002960
	(0.6981:7f2abba720df20542a2ce07c7ca663c3.sub_8002960:-)
18:strcat:0x800d804
	(1.0000:648a6a2feb934f4e1f451ca74b373922.strcat)
19:atoi:0x40004b58
	(0.8148:6adce0e1647bb00fb4467d559364bacd.sub_40004B58:-)
19:sprintf:0x40004510
	(0.8621:1d54736e0ec0cf85314518cc20566a68.sub_40004510:-)
19:strcat:0x4000c4ac
	(0.7798:322fd754188512ae3c1e9c97194a9ef9.sub_4000C4AC:-)
19:strrchr:0x4000b16c
	(0.6731:1bad804faaa5ad21e7f07cd31878fd9f.sub_4000B16C:-)
19:sendto:0x4000bf74
	(0.7143:6dde060f20435e3cfe397547524a8b5a.sub_4000BF74:-)
19:memcmp:0x40006c38
	(0.6750:41d9a26de3f7162c3a0f455da31c8319.sub_40006C38:-)
19:strcmp:0x40006c5c
	(0.6729:8a3f957eccd41b4fb80cba03c25f5853.sub_40006C5C:-)
19:memcpy:0x40000e00
	(0.8077:eb528a30fad7f40ffc709d0f4a542fd2.sub_40000E00:-)
19:strtol:0x40002e70
	(1.0000:4701a297e52b3ca17ab0144c7b8bf754.sub_40002E70:*)
19:strtoul:0x40005238
	(0.8687:16dee4ae1e53d6ee5c0ffd79445aef02.sub_40005238:-)
19:recvfrom:0x40001b68
	(0.7143:6e13a65cb5e0148f0fb7f72d70fe06a7.sub_40001B68:-)
19:memmove:0x40000b00
	(0.8077:eb528a30fad7f40ffc709d0f4a542fd2.sub_40000B00:-)
19:strcpy:0x4000ed18
	(0.6618:7981298741e6b56ed50fd9f93f68c4cc.sub_4000ED18:-)
19:sscanf:0x40001d54
	(0.8579:2d7aa20dd5b71fae11b3cd9dbd3c4db5.sub_40001D54:-)
19:strchr:0x4000926c
	(0.7030:4297f04dbf427d5d93f02ccc9670562d.sub_4000926C:-)
19:strncpy:0x40008f98
	(0.6605:dd7288ae6b2a2c2abcd1d2ddf62adf9b.sub_40008F98:-)
19:snprintf:0x400042cc
	(0.8621:6b4ed6d51059c47a6b64db1247a47384.sub_400042CC:-)
