add zephyr
add zephyr
add zephyr
1:strnlen:0x40002934
	(1.0000:514cf287d251b5bc57e137ca54785fcf.sub_40002934)
1:strrchr:0x40002d14
	(0.7741:960f526d5afaba17b016c2b122e1e77e.sub_40002D14)
1:strlen:0x40002918
	(1.0000:cb0cf2d8b12ed5298b3441250ce7ae32.sub_40002918)
1:memcpy:0x40002958
	(1.0000:b13a0bc2304a4a2c80f8f4ecba5522da.sub_40002958)
1:strncat:0x400037e8
	(0.7663:32c7a1af66353a286db56356b078019c.sub_400037E8)
1:memset:0x4000297c
	(1.0000:a445908c6631d0cf60864f181751ec51.sub_4000297C)
1:strnlen:0x40002934
1:strlen:0x40002918
1:memcpy:0x40002958
1:memset:0x4000297c
1:atoi:0x0
1:checksum:0x0
1:csum:0x0
1:memcmp:0x0
1:memmove:0x0
1:recvfrom:0x0
1:sendto:0x0
1:recv:0x0
1:send:0x0
1:snprintf:0x0
1:sprintf:0x0
1:sscanf:0x0
1:strcat:0x0
1:strcmp:0x0
1:strcpy:0x0
1:strncat:0x0
1:strncmp:0x0
1:strncpy:0x0
1:strtol:0x0
1:getenv:0x0
1:strchr:0x0
1:strrchr:0x0
1:strtoul:0x0
add zephyr
5:memset:0x80016e3c
	(0.8144:f6a426476619c453466885a03d3a987c.sub_80016E3C)
5:snprintf:0x8000077c
	(0.8209:5568ed45f9b7d1c78ac6f814a3d459f8.sub_8000077C)
5:strnlen:0x80019210
	(0.7579:a934e6e4aec6d35edaac81e093d4b749.sub_80019210)
5:memcpy:0x80016dc8
	(0.7671:1f6835600f7df40be6cf90b55370c3bf.sub_80016DC8)
5:strcpy:0x80017680
	(0.8476:ea598bc9072cce7b404952380d06790b.sub_80017680)
5:strcmp:0x8001765c
	(0.8643:4c06f1ad825efdb6ffe8b970e24eecff.sub_8001765C)
5:strcat:0x80012518
	(0.8385:1be1592d2544fd0182e29bd37aecbc32.sub_80012518)
5:sprintf:0x80001f10
	(0.8553:59cc4c91812e1546c8340d8c27da1972.sub_80001F10)
5:strchr:0x80017648
	(0.7775:7c0d5fe413cbb70fa306081231325214.sub_80017648)
5:strncmp:0x80018aa0
	(0.8091:1e50aaf7b779b403499b747a4e122cd8.sub_80018AA0)
5:strtol:0x80017914
	(1.0000:8a02114f3314b53178fc313cc32d51d1.sub_80017914)
5:sscanf:0x80016b38
	(0.8232:8a311c1975052fe69e9f39690fdc65e7.sub_80016B38)
5:strncat:0x800176b0
	(0.8319:bfb3e2fe5da42f35f8eea4be5d3bf06a.sub_800176B0)
5:strlen:0x80009c14
	(0.8245:2ce89794a7a34b1bda8c8ce3cae9cf4a.sub_80009C14)
5:strrchr:0x80017670
	(0.8528:1dfb2f59b3524557c39ab2711494de5b.sub_80017670)
5:getenv:0x80007160
	(0.7530:3a9396f25b38d4828d658767f8903599.sub_80007160)
5:strtoul:0x80017804
	(1.0000:2d156ed8bcee2b8d2312f165626c4300.sub_80017804)
5:strtol:0x80017914
5:strtoul:0x80017804
5:atoi:0x0
5:checksum:0x0
5:csum:0x0
5:memcmp:0x0
5:memcpy:0x0
5:memmove:0x0
5:recvfrom:0x0
5:sendto:0x0
5:recv:0x0
5:send:0x0
5:snprintf:0x0
5:sprintf:0x0
5:sscanf:0x0
5:strcat:0x0
5:strcmp:0x0
5:strcpy:0x0
5:strncat:0x0
5:strncmp:0x0
5:strncpy:0x0
5:getenv:0x0
5:strchr:0x0
5:strlen:0x0
5:strnlen:0x0
5:strrchr:0x0
5:memset:0x0
6:strnlen:0x80202ddc
	(1.0000:2ac7be39bf2233fcf858ec6d93a48257.sub_80202DDC)
6:strtol:0x80201bd0
	(0.9152:b4204ab8331743c298db0cff841bbdc3.sub_80201BD0)
6:strncmp:0x80203d58
	(0.7558:27cbf18202ad63bc2f8b1fe3f87d51aa.sub_80203D58)
6:memcpy:0x80202e08
	(1.0000:5193639f8afc0170de2ee6d7a26b1d83.sub_80202E08)
6:strlen:0x80202db8
	(1.0000:79381a8d8d42f7153ff3f309b1339885.sub_80202DB8)
6:strnlen:0x80202ddc
6:strtol:0x80201bd0
6:memcpy:0x80202e08
6:strlen:0x80202db8
6:atoi:0x0
6:checksum:0x0
6:csum:0x0
6:memcmp:0x0
6:memmove:0x0
6:recvfrom:0x0
6:sendto:0x0
6:recv:0x0
6:send:0x0
6:snprintf:0x0
6:sprintf:0x0
6:sscanf:0x0
6:strcat:0x0
6:strcmp:0x0
6:strcpy:0x0
6:strncat:0x0
6:strncmp:0x0
6:strncpy:0x0
6:getenv:0x0
6:strchr:0x0
6:strrchr:0x0
6:strtoul:0x0
6:memset:0x0
add zephyr
9:strchr:0x400d3114
	(0.7892:50189b96450ea522cd2bde817d1abb43.sub_400D3114)
9:memmove:0x4008ff68
	(0.7745:6d7cd5682d853e264d1b0c8763720741.sub_4008FF68)
9:sscanf:0x400d0688
	(0.8530:b0a8dfb331eda01bdeb30fdc57f5b407.sub_400D0688)
9:memcpy:0x4008fe70
	(1.0000:d7ebad0113120977b4308f9834b72c80.sub_4008FE70)
9:strnlen:0x40087af0
	(0.8002:09cc215ebdf306e2d809e6cb23c8f725.sub_40087AF0)
9:snprintf:0x4008923c
	(0.7811:55e4a844388d6090c0f2ddb4708cf192.sub_4008923C)
9:sprintf:0x4008917c
	(0.8766:d0117e1e9f083034643d3493a674d46d.sub_4008917C)
9:strcat:0x40082128
	(0.8548:8b1ac3c09e82094a162eed46c47e7f7b.sub_40082128)
9:strncmp:0x40081ec4
	(0.7556:7b4967b667d8096576759cbe1349631b.sub_40081EC4)
9:getenv:0x400d1d54
	(0.8469:5f49e41a7a565bf3474e44560550447b.sub_400D1D54)
9:memset:0x40090048
	(0.9835:779a149b674ff70dcf6738945308ca74.sub_40090048)
9:strrchr:0x40085db0
	(0.7660:fc8286958fcc60c9eb922cac4805b6f6.sub_40085DB0)
9:strtol:0x400870c0
	(0.9603:159cbb48a855aadc55e6ab9743431a4d.sub_400870C0)
9:strtoul:0x400d1da8
	(0.8973:f18a12ab08c03448968eebd59a8598d7.sub_400D1DA8)
9:strncpy:0x40082778
	(0.7610:ebaf6a709638bd5889ea9d243e2d4db7.sub_40082778)
9:atoi:0x4008fdd4
	(0.7509:f9a2bb6c1dde909fa340fecaab46e6a5.sub_4008FDD4)
9:strlen:0x4008a18c
	(1.0000:5d7e754ebbebe6339b4bc0d394e36296.sub_4008A18C)
9:memcpy:0x4008fe70
9:memset:0x40090048
9:strtol:0x400870c0
9:strlen:0x4008a18c
9:atoi:0x0
9:checksum:0x0
9:csum:0x0
9:memcmp:0x0
9:memmove:0x0
9:recvfrom:0x0
9:sendto:0x0
9:recv:0x0
9:send:0x0
9:snprintf:0x0
9:sprintf:0x0
9:sscanf:0x0
9:strcat:0x0
9:strcmp:0x0
9:strcpy:0x0
9:strncat:0x0
9:strncmp:0x0
9:strncpy:0x0
9:getenv:0x0
9:strchr:0x0
9:strnlen:0x0
9:strrchr:0x0
9:strtoul:0x0
7:sprintf:0x1208
	(0.7583:3db150c4d260d9d803f0f1033ad386cb.sub_1208)
7:snprintf:0x5cf8
	(0.9177:96371a4387ae157dcda23a6f8d95078f.sub_5CF8)
7:memset:0x64e4
	(0.9728:6dbf7248271822f7e90c4302a7cccc6e.sub_64E4)
7:strlen:0x64ae
	(1.0000:22c5b68a5ce2a086879c2866c51517f0.sub_64AE)
7:strnlen:0x64bc
	(1.0000:b83296653c53e1f22747b20f9799fdbe.sub_64BC)
7:memcpy:0x64ce
	(0.8973:710e97e46545434b23125db3a34c48a6.sub_64CE)
7:recv:0x63fa
	(0.9038:a7aea0bba0cbb08a6df55cf0f25b52e3.sub_63FA)
7:strcpy:0x649a
	(0.9506:eb61e7798ef76f5fea46e637e7c4805e.sub_649A)
7:snprintf:0x5cf8
7:memset:0x64e4
7:strlen:0x64ae
7:strnlen:0x64bc
7:recv:0x63fa
7:strcpy:0x649a
7:atoi:0x0
7:checksum:0x0
7:csum:0x0
7:memcmp:0x0
7:memcpy:0x0
7:memmove:0x0
7:recvfrom:0x0
7:sendto:0x0
7:send:0x0
7:sprintf:0x0
7:sscanf:0x0
7:strcat:0x0
7:strcmp:0x0
7:strncat:0x0
7:strncmp:0x0
7:strncpy:0x0
7:strtol:0x0
7:getenv:0x0
7:strchr:0x0
7:strrchr:0x0
7:strtoul:0x0
add zephyr
8:strcat:0x20b734
	(0.7865:4739e9691119c13938defd51bf8bbb39.sub_20B734)
8:strtoul:0x203624
	(0.8267:8100fc478d46c407a07d5627acace553.sub_203624)
8:strncat:0x20b50e
	(0.8848:6036f82a5f0481d83e9ed55db0716183.sub_20B50E)
8:strncpy:0x20477c
	(0.8103:7aa3fd4e8646540298fdd004f60fad68.sub_20477C)
8:strcpy:0x2082bc
	(0.7931:c3a202067a3a9be86b863d1b9b6ba419.sub_2082BC)
8:sprintf:0x20b824
	(0.9477:4ce178354c0b2659a0a0be5868518250.sub_20B824)
8:strrchr:0x20ae6e
	(0.7636:e5522b87b4714a435ce74d65bb17a5f3.sub_20AE6E)
8:sscanf:0x204a5c
	(0.9339:4d83b662f16f3fe7934193d193326fa2.sub_204A5C)
8:getenv:0x20614c
	(0.7522:84ef902967a7a017895e4e49262e10af.sub_20614C)
8:sprintf:0x20b824
8:sscanf:0x204a5c
8:memset:0x20ace0
8:memmove:0x20abe8
8:memcpy:0x20aafc
8:strlen:0x20ad84
8:atoi:0x0
8:checksum:0x0
8:csum:0x0
8:memcmp:0x0
8:recvfrom:0x0
8:sendto:0x0
8:recv:0x0
8:send:0x0
8:snprintf:0x0
8:strcat:0x0
8:strcmp:0x0
8:strcpy:0x0
8:strncat:0x0
8:strncmp:0x0
8:strncpy:0x0
8:strtol:0x0
8:getenv:0x0
8:strchr:0x0
8:strnlen:0x0
8:strrchr:0x0
8:strtoul:0x0
3:strcmp:0x4ba70
	(1.0000:387dbc3ae92b51e42f087fe392ce16e2.sub_4BA70)
3:strcpy:0x4bcf0
	(1.0000:57aa17badc67cffc6860cb959db069d4.sub_4BCF0)
3:send:0x4f800
	(0.9276:93b87cdd8b31353c7e9a8e02ad5c679b.sub_4F800)
3:recv:0x52994
	(1.0000:5e4c917fb2eec177c9579e7d7f1433d9.sub_52994)
3:strtoul:0x5ea98
	(0.9569:ebb4d8d818d39d816e0fa9fd29344910.sub_5EA98)
3:sendto:0x4f904
	(1.0000:163d5df91b60fdeccd2084e2055e43b5.sub_4F904)
3:strchr:0x4bc00
	(1.0000:b98eac1b4f7ecce64249db174f8e2b4f.sub_4BC00)
3:recvfrom:0x45a60
	(0.9703:ccf6cb2fe51b8dfabe3d5ec42cc7f81d.sub_45A60)
3:sscanf:0x361b0
	(0.8161:6c146e5ef995f30296867d9eac46bec2.sub_361B0)
3:strncpy:0x4be44
	(1.0000:708b2de1012b9b99bfd736234ddc0063.sub_4BE44)
3:memcpy:0x5bf00
	(0.9911:2a567d55b9431d054094ab43bc6014a2._memcpy)
3:strtol:0x4d988
	(0.8562:3ee99bae894cf3cb19e147ba0a797941.sub_4D988)
3:strlen:0x4ba90
	(0.9812:cd9b9d5d33e6404d1799dcaffa9fafb0.strlen_1)
3:strncmp:0x4bd48
	(1.0000:1710738e05f26996a78393e8114f9ab9.sub_4BD48)
3:sprintf:0x49650
	(1.0000:4ced1ee681598a1790550307d4d6fa8f.PerlIO_sprintf)
3:strcmp:0x4ba70
3:strcpy:0x4bcf0
3:send:0x4f800
3:recv:0x52994
3:strtoul:0x5ea98
3:sendto:0x4f904
3:strchr:0x4bc00
3:recvfrom:0x45a60
3:strncpy:0x4be44
3:memcpy:0x5bf00
3:strlen:0x4ba90
3:strncmp:0x4bd48
3:sprintf:0x49650
3:memcmp:0x4b980
3:getenv:0x50fe4
3:strrchr:0x4c014
3:strnlen:0x4bf3c
3:memset:0x4b9d0
3:strcat:0x5c474
3:atoi:0x0
3:checksum:0x0
3:csum:0x0
3:memmove:0x0
3:snprintf:0x0
3:sscanf:0x0
3:strncat:0x0
3:strtol:0x0
11:strcmp:0x206bc
	(1.0000:bddda8ee0f58e575b313d917501456ff.sub_206BC)
11:atoi:0x24c22
	(0.7807:6b01903590207f5969a46034dfeb28c4.sub_24C22)
11:memcpy:0x206d4
	(0.8973:710e97e46545434b23125db3a34c48a6.sub_206D4)
11:strcpy:0x20688
	(0.9506:eb61e7798ef76f5fea46e637e7c4805e.sub_20688)
11:strnlen:0x206aa
	(0.9895:b83296653c53e1f22747b20f9799fdbe.sub_206AA)
11:recv:0x205e8
	(0.9038:9b0893175db50dc381494f8e9a64bc01.sub_205E8)
11:strrchr:0x2c03a
	(0.7625:12d8bdf17e0036f5d4d9c3dea45ac79f.sub_2C03A)
11:strncat:0x1de1c
	(0.7929:bf5a32174e4036dfa0a0556d4a087d26.sub_1DE1C)
11:sprintf:0x2a88
	(0.8901:38198fdef3e63194fad347f5acd1d287.sub_2A88)
11:memset:0x206ea
	(0.9728:6dbf7248271822f7e90c4302a7cccc6e.sub_206EA)
11:strlen:0x2069c
	(1.0000:22c5b68a5ce2a086879c2866c51517f0.sub_2069C)
11:strtol:0x10e8c
	(0.8467:3f8bac3cc63ceb9372a50cb77c3ad05c.sub_10E8C)
11:strcat:0x22b3c
	(0.7943:57b182d34c795a1771e2ade3567d1ef8.sub_22B3C)
11:snprintf:0x2a54
	(0.9285:07e8cf9f6f57b82a59059e6f8465372c.sub_2A54)
11:strcmp:0x206bc
11:strcpy:0x20688
11:strnlen:0x206aa
11:recv:0x205e8
11:memset:0x206ea
11:strlen:0x2069c
11:snprintf:0x2a54
11:atoi:0x0
11:checksum:0x0
11:csum:0x0
11:memcmp:0x0
11:memcpy:0x0
11:memmove:0x0
11:recvfrom:0x0
11:sendto:0x0
11:send:0x0
11:sprintf:0x0
11:sscanf:0x0
11:strcat:0x0
11:strncat:0x0
11:strncmp:0x0
11:strncpy:0x0
11:strtol:0x0
11:getenv:0x0
11:strchr:0x0
11:strrchr:0x0
11:strtoul:0x0
add liteos
14:recv:0xe1315aa8
        (0.8141:0e6f8b4ac366ad5d2561a33d97458ca9.sub_E1315AA8)
14:sprintf:0xe131566c
        (0.7705:3246cb2bf9237666c88a4d2eaaf369f9.sub_E131566C)
14:strcat:0xe131406c
        (0.7935:22b9c32e533286838ac3195f5c5addc0.sub_E131406C)
14:strnlen:0xe1315688
        (0.9068:dc18e275f1580c0b4962bb4789268f9e.sub_E1315688)
14:strcpy:0xe131d630
        (0.9200:1d9a7200b35ba60f84950c47c633f6c5.sub_E131D630)
14:strrchr:0xe13121e0
        (0.7671:84597b321913b0fa10462f2f96fde634.sub_E13121E0)
14:strncpy:0xe13161d8
        (0.7931:1f489b22ec23848680cd20308dfc043c.sub_E13161D8)
14:strtol:0xe1318874
        (0.8516:230da12400bbd9c8e86e13ecfc03197a.sub_E1318874)
14:getenv:0xe13140e2
        (0.9242:0966048713158686b6c7d11af96a392c.sub_E13140E2)
14:strnlen:0xe1315688
14:strcpy:0xe131d630
14:getenv:0xe13140e2
14:atoi:0x0
14:checksum:0x0
14:csum:0x0
14:memcmp:0x0
14:memcpy:0x0
14:memmove:0x0
14:recvfrom:0x0
14:sendto:0x0
14:recv:0x0
14:send:0x0
14:snprintf:0x0
14:sprintf:0x0
14:sscanf:0x0
14:strcat:0x0
14:strcmp:0x0
14:strncat:0x0
14:strncmp:0x0
14:strncpy:0x0
14:strtol:0x0
14:strchr:0x0
14:strlen:0x0
14:strrchr:0x0
14:strtoul:0x0
14:memset:0x0
15:strchr:0x107fd80
	(0.8517:23be6ffebdd18a1343fc5c2779631879.sub_107FD80)
15:strncpy:0x10160b8
	(0.9617:f305ed01c362632da31a7801a3874b95.sub_10160B8)
15:recv:0x1080778
	(0.9248:6d57a4b2970a9230a47c0521adb73820.sub_1080778)
15:strnlen:0x1037e40
	(0.9032:24f643d63defc949967af3f827b95d9a.sub_1037E40)
15:recvfrom:0x109f860
	(0.9273:7f7b069e11ce6a7b163361a8fbb7a757.sub_109F860)
15:strcat:0x104b138
	(0.8515:0b5d5973345128538da77edf4dd89d7c.sub_104B138)
15:send:0x100f350
	(0.9194:69fa094d61c3c6f4ef937f6f247fd7a4.sub_100F350)
15:strncat:0x1006ef0
	(0.7525:2d4b67e4b52a3e5bb42c5df7935cf2be.sub_1006EF0)
15:strcpy:0x1015b08
	(0.9617:aed42c828b5996b615a78ff755aeab15.sub_1015B08)
15:strrchr:0x1007820
	(0.8692:fcdcf581dc9fa149d0913eb96286c92f.sub_1007820)
15:getenv:0x1053e98
	(0.7948:e6abf89800520c0c613cdf0a77138f77.sub_1053E98)
15:sendto:0x10a2080
	(0.9276:6ab6aff4749a85929281d5385b7f3554.sub_10A2080)
15:memmove:0x102aee8
	(0.7542:5189ddf82323b9a69933526c70dbd072.sub_102AEE8)
15:sprintf:0x1016430
	(0.9583:2fba3fdd140669ef95b1045a0cf08125.sub_1016430)
15:strncpy:0x10160b8
15:recv:0x1080778
15:strnlen:0x1037e40
15:recvfrom:0x109f860
15:send:0x100f350
15:strcpy:0x1015b08
15:sendto:0x10a2080
15:sprintf:0x1016430
15:atoi:0x0
15:checksum:0x0
15:csum:0x0
15:memcmp:0x0
15:memcpy:0x0
15:memmove:0x0
15:snprintf:0x0
15:sscanf:0x0
15:strcat:0x0
15:strcmp:0x0
15:strncat:0x0
15:strncmp:0x0
15:strtol:0x0
15:getenv:0x0
15:strchr:0x0
15:strlen:0x0
15:strrchr:0x0
15:strtoul:0x0
15:memset:0x0
add zephyr
16:strncpy:0x42012168
	(0.7994:42f0ffba1040a943d4563021fe555d63.sub_42012168)
16:strlen:0x403827d8
	(1.0000:a18d10ecd8eaadbeefda0d6c0844b53f.sub_403827D8)
16:strnlen:0x403827f8
	(0.9810:6ecb26626aaeff658d9900ea1cb96ca8.sub_403827F8)
16:snprintf:0x42012114
	(0.8333:10d31e90e5fcfc067bf92e4f9def5a5d.sub_42012114)
16:strcat:0x42011c18
	(0.7693:e7d1a4e2efcaea07a8ddba317d919d5d.sub_42011C18)
16:atoi:0x420100e4
	(0.7504:efcc54e7e90f690b77b6d9c95ca26979.sub_420100E4)
16:strcpy:0x42012148
	(0.7994:d0fd25e6c6a2865332ccee910c0fd1e7.sub_42012148)
16:sprintf:0x42011d68
	(0.8741:192a1a6d871aaf2ddc6ce30bf8075d7c.sub_42011D68)
16:strlen:0x403827d8
16:strnlen:0x403827f8
16:atoi:0x0
16:checksum:0x0
16:csum:0x0
16:memcmp:0x0
16:memcpy:0x0
16:memmove:0x0
16:recvfrom:0x0
16:sendto:0x0
16:recv:0x0
16:send:0x0
16:snprintf:0x0
16:sprintf:0x0
16:sscanf:0x0
16:strcat:0x0
16:strcmp:0x0
16:strcpy:0x0
16:strncat:0x0
16:strncmp:0x0
16:strncpy:0x0
16:strtol:0x0
16:getenv:0x0
16:strchr:0x0
16:strrchr:0x0
16:strtoul:0x0
16:memset:0x0
add liteos
13:getenv:0x8003d88
        (0.9242:0966048713158686b6c7d11af96a392c.sub_8003D88)
13:strtoul:0x8002cbc
        (0.8046:8c4ee2bb386d0d36325df5c2fa3721f1.sub_8002CBC)
13:strcmp:0x8005944
        (1.0000:eab0889b0e1c0fb68806e888c04cb394.sub_8005944)
13:memset:0x8005894
        (0.9695:cdb3fb59c09998e939f0f6ddeebbce56.sub_8005894)
13:strncmp:0x800a4d8
        (0.9669:73166ec391be0069505b88a6cf393058.sub_800A4D8)
13:strnlen:0x8007b40
        (0.9866:671df64e466f206e7efbd76ee9d878e7.sub_8007B40)
13:memcpy:0x80054f0
        (0.9358:318c00184fcb6d281b7980db40835832.sub_80054F0)
13:strcat:0x80012d0
        (0.7885:3d961ea7d5f16c1155ec7f4fd51a8a9c.sub_80012D0)
13:strlen:0x8005960
        (0.7969:f5543d37bb267f5739a6de552e2c6603.sub_8005960)
13:strtol:0x80006c8
        (0.8045:12bc860868b8c8704fd2425df27a587d.sub_80006C8)
13:getenv:0x8003d88
13:strcmp:0x8005944
13:memset:0x8005894
13:strncmp:0x800a4d8
13:strnlen:0x8007b40
13:memcpy:0x80054f0
13:atoi:0x0
13:checksum:0x0
13:csum:0x0
13:memcmp:0x0
13:memmove:0x0
13:recvfrom:0x0
13:sendto:0x0
13:recv:0x0
13:send:0x0
13:snprintf:0x0
13:sprintf:0x0
13:sscanf:0x0
13:strcat:0x0
13:strcpy:0x0
13:strncat:0x0
13:strncpy:0x0
13:strtol:0x0
13:strchr:0x0
13:strlen:0x0
13:strrchr:0x0
13:strtoul:0x0
add nuttx
18:strcpy:0x8004036
        (1.0000:447a6b4240c9cec096b9180e23699406.sub_8004036)
18:snprintf:0x800ce3a
        (1.0000:42cc1722e325ee8f66fdc679935a7e71.sub_800CE3A)
18:strcat:0x800d804
        (1.0000:648a6a2feb934f4e1f451ca74b373922.sub_800D804)
18:strnlen:0x800408e
        (0.9567:68263d03823e5f466d1fb19080203505.sub_800408E)
18:strlen:0x800407e
        (1.0000:0087e0a1ed63f88d5fa362ff4cac13eb.sub_800407E)
18:strrchr:0x800d87c
        (1.0000:f9e3cdff9c7301f814ee8f98223b2c79.sub_800D87C)
18:strncmp:0x800d85c
        (1.0000:eb2d84e94acb2b7b4e5ab14598bbfbf0.sub_800D85C)
18:strncpy:0x800e27c
        (0.7931:15c6e788bb952bbd2ee986464c9de565.sub_800E27C)
18:strcmp:0x800d8c4
        (0.8137:d04d182903daf99efa33e17f63d6c826.sub_800D8C4)
18:getenv:0x800b918
        (0.9846:ffeb168fdbc2fa26941d99f44d30b2d2.sub_800B918)
18:atoi:0x800d584
        (1.0000:0c56efd53603bc7302d8303cc530443f.sub_800D584)
18:strchr:0x8004020
        (1.0000:a4a7f2a176ef2dd9d5fdcd4ccb25f0b7.sub_8004020)
18:sprintf:0x80038d2
        (1.0000:180798f1ff01516c8f7ca64b23a961f7.sub_80038D2)
18:memcmp:0x800d894
        (0.9786:c2f94483a96571e5a368c9be42c8445f.sub_800D894)
18:strtoul:0x800d600
        (0.9930:f4b452e938b078faf2902d2daaa76d34.sub_800D600)
18:memset:0x8004010
        (1.0000:7943bf0a41cb571927e9452e16f918a4.sub_8004010)
18:strtol:0x800d58c
        (1.0000:f8815f0c96c64f9339baf190dee8b1f7.sub_800D58C)
18:memcpy:0x8003ff4
        (1.0000:84ede362d73fbf62a558356425ad2380.sub_8003FF4)
18:recv:0x800a130
        (0.8132:4f6ebd2f014fac6ef7170b8463ae38f5.sub_800A130)
18:strcpy:0x8004036
18:snprintf:0x800ce3a
18:strcat:0x800d804
18:strnlen:0x800408e
18:strlen:0x800407e
18:strrchr:0x800d87c
18:strncmp:0x800d85c
18:getenv:0x800b918
18:atoi:0x800d584
18:strchr:0x8004020
18:sprintf:0x80038d2
18:memcmp:0x800d894
18:strtoul:0x800d600
18:memset:0x8004010
18:strtol:0x800d58c
18:memcpy:0x8003ff4
18:checksum:0x0
18:csum:0x0
18:memmove:0x0
18:recvfrom:0x0
18:sendto:0x0
18:recv:0x0
18:send:0x0
18:sscanf:0x0
18:strcmp:0x0
18:strncat:0x0
18:strncpy:0x0
add zephyr
19:strlen:0x40006c1c
	(1.0000:91c332cce18539b768b72c180b405577.sub_40006C1C)
19:strncpy:0x40006bd8
	(0.9872:5cf5fe9babc9f9983353a30ecdd67f1f.sub_40006BD8)
19:sscanf:0x40001d54
	(0.9652:2d7aa20dd5b71fae11b3cd9dbd3c4db5.sub_40001D54)
19:memset:0x40006ca0
	(1.0000:38382202a2ae569cce569b90d3df90ce.sub_40006CA0)
19:memcpy:0x40004b64
	(0.8670:82b697c3616fc18689bbf5019037e87d.sub_40004B64)
19:strcmp:0x40006c5c
	(1.0000:8a3f957eccd41b4fb80cba03c25f5853.sub_40006C5C)
19:strtol:0x40002e70
	(0.7826:4701a297e52b3ca17ab0144c7b8bf754.sub_40002E70)
19:strnlen:0x40006c38
	(1.0000:41d9a26de3f7162c3a0f455da31c8319.sub_40006C38)
19:strcat:0x4000c4ac
	(0.8054:322fd754188512ae3c1e9c97194a9ef9.sub_4000C4AC)
19:strchr:0x4000926c
	(0.9178:4297f04dbf427d5d93f02ccc9670562d.sub_4000926C)
19:getenv:0x4000e3a8
	(0.9133:c80753992cc8cdf48abca22b96b90521.sub_4000E3A8)
19:strlen:0x40006c1c
19:strncpy:0x40006bd8
19:sscanf:0x40001d54
19:memset:0x40006ca0
19:strcmp:0x40006c5c
19:strnlen:0x40006c38
19:strchr:0x4000926c
19:getenv:0x4000e3a8
19:atoi:0x0
19:checksum:0x0
19:csum:0x0
19:memcmp:0x0
19:memcpy:0x0
19:memmove:0x0
19:recvfrom:0x0
19:sendto:0x0
19:recv:0x0
19:send:0x0
19:snprintf:0x0
19:sprintf:0x0
19:strcat:0x0
19:strcpy:0x0
19:strncat:0x0
19:strncmp:0x0
19:strtol:0x0
19:strrchr:0x0
19:strtoul:0x0
add zephyr
20:snprintf:0x420f6c
	(0.7683:02221d7c45a8063e34a3dc953255e0d9.sub_420F6C)
20:memset:0x422c1c
	(0.9688:c519e3d890fc10fad936da27430bc9c5.sub_422C1C)
20:strlen:0x422bb8
	(1.0000:06d31ef19a7815db72b42cd8f579c61c.sub_422BB8)
20:strncpy:0x422b6c
	(0.9878:b91111349e5d8bfc04b3b298000bca98.sub_422B6C)
20:strnlen:0x422bd4
	(1.0000:4d034afb8721d5bd0a1759591f5422e4.sub_422BD4)
20:strcat:0x4234b4
	(0.7548:0dcc760841eee9afd4b8c5c6182bdfc4.sub_4234B4)
20:memset:0x422c1c
20:strlen:0x422bb8
20:strncpy:0x422b6c
20:strnlen:0x422bd4
20:atoi:0x0
20:checksum:0x0
20:csum:0x0
20:memcmp:0x0
20:memcpy:0x0
20:memmove:0x0
20:recvfrom:0x0
20:sendto:0x0
20:recv:0x0
20:send:0x0
20:snprintf:0x0
20:sprintf:0x0
20:sscanf:0x0
20:strcat:0x0
20:strcmp:0x0
20:strcpy:0x0
20:strncat:0x0
20:strncmp:0x0
20:strtol:0x0
20:getenv:0x0
20:strchr:0x0
20:strrchr:0x0
20:strtoul:0x0
17:strcat:0x1a994
	(0.9494:ec28c446b58e2737618a24af53d5a555.sub_1A994)
17:memset:0x1a7f4
	(0.9475:e9b4fa18ece6212b63359fde5508a5e9.sub_1A7F4)
17:strlen:0x1ac18
	(0.9917:e06a5825ad3174a8788c6dfd85f91cda.sub_1AC18)
17:strnlen:0x1ae10
	(0.9767:f69900fac3398bef2681f53218e02705.sub_1AE10)
17:memmove:0x1a53c
	(0.9582:8b041aae749920b928727b52265063c4.sub_1A53C)
17:strrchr:0x1ae58
	(0.9633:b9314f336f1b1be06d717306d4090790.sub_1AE58)
17:strtoul:0x1a098
	(1.0000:ba1a633e36d613fe9af8463fbc209417.sub_1A098)
17:strchr:0x1a9c0
	(0.9729:e84e92730a9e87534bd30de0c28247fe.sub_1A9C0)
17:memcmp:0x1a4f8
	(0.9861:fc3a4008a63682be01cf4dbe8e13caea.sub_1A4F8)
17:snprintf:0x17f8c
	(1.0000:e8e37370342a2669cb3faeafccb81d6c.snprintf_0)
17:strcpy:0x1aaec
	(1.0000:fcabb7fecd0093fa162a1d6be5e4bb8d.sub_1AAEC)
17:strtol:0x1a0ec
	(1.0000:33a5a6fac11258239fdab5a9b6cd1193.sub_1A0EC)
17:atoi:0x19e8c
	(0.9984:cd62f18406b4c10b90773cac1c34dc21.sub_19E8C)
17:sprintf:0x17fdc
	(1.0000:d7c1b2192fa8694f6041529f243fc616.sprintf_0_3)
17:recv:0x161f0
	(1.0000:1232bfa22f6f5a34cc0c18037eb6d51a.sub_161F0)
17:send:0x214cc
	(0.7756:08612640e68b26669cae8db8dec470c2.sub_214CC)
17:strncpy:0x1adfc
	(1.0000:fcdf5e87104a7000e3071497a121d45e.sub_1ADFC)
17:getenv:0x10914
	(0.9982:bf6950221b9f6578a659f9c6996473d4.sub_10914)
17:strncmp:0x1ad6c
	(0.9646:630e18372cae8a72ee8f45ebb5542b61.sub_1AD6C)
17:strcat:0x1a994
17:memset:0x1a7f4
17:strlen:0x1ac18
17:strnlen:0x1ae10
17:memmove:0x1a53c
17:strrchr:0x1ae58
17:strtoul:0x1a098
17:strchr:0x1a9c0
17:memcmp:0x1a4f8
17:snprintf:0x17f8c
17:strcpy:0x1aaec
17:strtol:0x1a0ec
17:atoi:0x19e8c
17:sprintf:0x17fdc
17:recv:0x161f0
17:strncpy:0x1adfc
17:getenv:0x10914
17:strncmp:0x1ad6c
17:sendto:0x1620c
17:strcmp:0x1aab8
17:recvfrom:0x21bd8
17:memcpy:0x1a110
17:checksum:0x0
17:csum:0x0
17:send:0x0
17:sscanf:0x0
17:strncat:0x0
2:memset:0x100aa690
	(0.8974:2fb166fec233791694f7a083e7c04a10.sub_100AA690)
2:strcpy:0x10041cf8
	(0.9241:e910030c7e0694338fa8a7f8f71ef315.sub_10041CF8)
2:recv:0x1005c160
	(0.9253:ee8237fc0a5fa15cb2db43317ffb3af1.sub_1005C160)
2:sendto:0x100a7d28
	(0.8383:c4236de4da7e3cfc3d2ac9df85b5750e.sub_100A7D28)
2:memcmp:0x1003a7c0
	(0.8796:c4688d615fef4e3688292488f676a940.sub_1003A7C0)
2:strtol:0x1000c500
	(0.8333:27202b5f3d5f05f5e1a97ccebc44acb1.sub_1000C500)
2:strncpy:0x10044368
	(0.8383:da72c5215e9f22d2964aa4fc6faf0e21.sub_10044368)
2:send:0x1004ab88
	(0.7620:742e215cfbce65d1af231912e25567f8.sub_1004AB88)
2:strnlen:0x100427c8
	(0.9373:1651ebb7ac8dbbbf859827a51708be9b.sub_100427C8)
2:atoi:0x100d8850
	(0.9298:211c388e6620aed303e2104fea3f72da.sub_100D8850)
2:getenv:0x10016ab8
	(0.8636:72f9c98c1f231b4f42010c6d35ec9092.sub_10016AB8)
2:strcat:0x1005c2c0
	(0.9274:e3a0fd04c86e624a728dc97ef4220eda.sub_1005C2C0)
2:recvfrom:0x10083908
	(0.8679:5d66149332d751bf3f46cd50a56d97ab.sub_10083908)
2:strrchr:0x1003d3c8
	(0.9773:944cd825d90ec00a2f12652b31a3a7f6.sub_1003D3C8)
2:sprintf:0x100a1a68
	(1.0000:05aa007559316c3be531e55cf2004752.sub_100A1A68)
2:memmove:0x1003a3a0
	(0.9126:3f1cdf9b6e0c5291ec1049f0ac7c5901.sub_1003A3A0)
2:snprintf:0x100185e8
	(1.0000:4124e5909297a19c2664d2544e4b4e06.sub_100185E8)
2:strcpy:0x10041cf8
2:recv:0x1005c160
2:strnlen:0x100427c8
2:atoi:0x100d8850
2:strcat:0x1005c2c0
2:strrchr:0x1003d3c8
2:sprintf:0x100a1a68
2:memmove:0x1003a3a0
2:snprintf:0x100185e8
2:memcpy:0x1003b100
2:strchr:0x1003cd60
2:strlen:0x1003c028
2:strncmp:0x1003cba0
2:strcmp:0x1003ecf0
2:checksum:0x0
2:csum:0x0
2:memcmp:0x0
2:recvfrom:0x0
2:sendto:0x0
2:send:0x0
2:sscanf:0x0
2:strncat:0x0
2:strncpy:0x0
2:strtol:0x0
2:getenv:0x0
2:strtoul:0x0
2:memset:0x0
12:snprintf:0xc0e509c
	(0.8195:45b6ad38ecfbab91743d8f86aa7126a6.sub_C0E509C)
12:strrchr:0xc073140
	(0.7666:4fc82188acae64630426e0cf2199c8dd.sub_C073140)
12:sprintf:0xc067f5a
	(0.9177:8f4016cb420388a48bdb5bb9d9a43264.sub_C067F5A)
12:strncat:0x20f040
	(0.8264:28a4a48586bd8cce70c7ef0617bcfd80.sub_20F040)
12:strchr:0xc0d9168
	(0.8358:de077666045f880bb6d14aea009967e7.sub_C0D9168)
12:strcat:0x22a138
	(0.8178:9e805ea9b3abf6182a03a84b667a99cc.sub_22A138)
12:memmove:0x3ea000
	(0.7678:c4f6e6ea7700a16a5b223d9b3c6ae47f.sub_3EA000)
12:recv:0x222ef2
	(0.7969:ca7ea8b3ebc5efb52f017061c0027ef1.sub_222EF2)
12:strtoul:0xc067e9c
	(0.8597:05096f38d699d8cb04753cb8b0672735.sub_C067E9C)
12:strnlen:0x215c8c
	(0.8167:c0d0891530db3c06e1bfaa22a31eb943.sub_215C8C)
12:strtol:0xc0b5bec
	(0.8235:01c95866cca3c83c42ff2602609f2269.sub_C0B5BEC)
12:strncpy:0xc06d630
	(0.8506:3711ab5ad698c17c8a97bf97d91146dc.sub_C06D630)
12:sscanf:0xc066e84
	(0.9177:c536147bbf059d665c0ab599bfd5d4f3.sub_C066E84)
12:sprintf:0xc067f5a
12:sscanf:0xc066e84
12:strcpy:0xc0e543c
12:memcpy:0x2001a8
12:strcmp:0xc0e5280
12:strlen:0xc0e58e0
12:atoi:0x0
12:checksum:0x0
12:csum:0x0
12:memcmp:0x0
12:memmove:0x0
12:recvfrom:0x0
12:sendto:0x0
12:recv:0x0
12:send:0x0
12:snprintf:0x0
12:strcat:0x0
12:strncat:0x0
12:strncmp:0xc0e593c
12:strncpy:0x0
12:strtol:0x0
12:getenv:0x0
12:strchr:0x0
12:strnlen:0x0
12:strrchr:0x0
12:strtoul:0x0
12:memset:0x200294
10:sendto:0x4e6160
	(0.9343:96c9d3a488bc1558beb20756779a4bf0.sub_4E6160)
10:send:0x4bc740
	(0.9343:24a9cf35cc7dbea80e731770ce3fd5d2.sub_4BC740)
10:sscanf:0x418d70
	(0.8926:00b04e3e2b196b2c10b6bcece82cfaa2.sub_418D70)
10:strlen:0x457b00
	(0.9989:fda2f006c0b0398982304a4e242e757e.__strlen_sse2)
10:memmove:0x4b1a40
	(0.8063:e29cddfb2ea91c442af5845d806ae343.sub_4B1A40)
10:snprintf:0x49fcb0
	(0.8978:377528f1d765d0e257f93c6b7258b33f.sub_49FCB0)
10:strchr:0x4dbf30
	(0.7913:3dfab3dd91b49ba2f641e2a31af3abe1.sub_4DBF30)
10:strnlen:0x4b22f0
	(0.9977:2e9bf138bf181c7a959ba025e56ff418.__strnlen_sse2)
10:strncmp:0x432ef0
	(0.8965:831a8498011254e0ba6d3aa83b5acab6.sub_432EF0)
10:recvfrom:0x4e3910
	(0.9343:71c43bc081adbb5c30c1bacfad6686fb.sub_4E3910)
10:memcmp:0x43ae00
	(0.9437:803f094669c358cc3283737d8e59f82f.__memcmp_sse2)
10:strrchr:0x457630
	(0.9991:6ba55ae91af3c3f30b4c7cee499d06b6.__strrchr_sse2)
10:strcpy:0x4581b0
	(0.9934:58d9bdd309e9bffe8f1682cb5abed0c0.__strcpy_sse2)
10:sendto:0x4e6160
10:send:0x4bc740
10:strlen:0x457b00
10:strnlen:0x4b22f0
10:recvfrom:0x4e3910
10:memcmp:0x43ae00
10:strrchr:0x457630
10:strcpy:0x4581b0
10:sprintf:0x4d6d20
10:getenv:0x417760
10:atoi:0x0
10:checksum:0x0
10:csum:0x0
10:memcpy:0x0
10:memmove:0x0
10:recv:0x0
10:snprintf:0x0
10:sscanf:0x0
10:strcat:0x0
10:strcmp:0x0
10:strncat:0x0
10:strncmp:0x0
10:strncpy:0x0
10:strtol:0x0
10:strchr:0x0
10:strtoul:0x0
10:memset:0x0
4:sprintf:0x213ec
	(0.9797:9abed343f338edceee19f43d6584b766.sub_213EC)
4:strcmp:0x371c6
	(0.9567:8f19408e8c5f4a91a12a539f4a3daa7c.sub_371C6)
4:sendto:0x77e76
	(0.9922:c79a94718d2831e80059ec81101d58f2.sub_77E76)
4:strcpy:0x371e4
	(1.0000:1e9d502081f714ec1e06dc629683f8d0.sub_371E4)
4:memmove:0x37ff2
	(1.0000:0ed72ab4369f8404c6f3d8043224e388.sub_37FF2)
4:atoi:0x2034a
	(0.9540:fe470e4c30849543d975b7d8db59a5ab.sub_2034A)
4:strchr:0x370f2
	(0.9995:e1c197db46c3e816e43e09ff6ba054cf.sub_370F2)
4:snprintf:0x1c448
	(0.8768:4e9704d86546ab202880ebfdb58a4570.sub_1C448)
4:strcat:0x1c804
	(0.8922:5a2cc54cb1a9ca9dd8cb9b2fa850a3bf.sub_1C804)
4:strncat:0x1c6cc
	(0.7639:223403c91426f577c4f1135363a5181c.sub_1C6CC)
4:memcmp:0x37cac
	(0.9230:6cb5946f82324f3489b90d6b7d9dc676.sub_37CAC)
4:memcpy:0x38222
	(1.0000:114a9903b1e1b43a4c6ea51b323238a5.sub_38222)
4:getenv:0x20772
	(0.9922:88630f979044ddc92f6802ad3cf668d4.sub_20772)
4:recv:0x400ac
	(0.9887:183819168cede842c8fa096b02c2f7f9.sub_400AC)
4:strnlen:0x37460
	(0.9969:1004d54ba65fdf312cdf33e9d9857740.sub_37460)
4:strtoul:0x20b82
	(0.7727:0154348c7bfa453d54d19de015b74860.sub_20B82)
4:recvfrom:0x76206
	(0.9922:4c3a202a9c46d7237546661b844825de.sub_76206)
4:strrchr:0x375bc
	(0.9894:9acf1e096aa1e1afd65717fa398ed79e.sub_375BC)
4:strncpy:0x64662
	(1.0000:f408cc39518adfce414bb4b3c874c132.sub_64662)
4:memset:0x38116
	(1.0000:c4ac19acd2e622291b76a87df473eb3c.sub_38116)
4:strncmp:0x3752a
	(0.9521:8a2183c292972ade8170dbedafc9aac3.sub_3752A)
4:send:0x40010
	(1.0000:86f39f66935006a757acd0d68b9b105c.sub_40010)
4:sscanf:0x214a4
	(0.7837:68d08cfcf80a87ca22284e51bab9ba75.sub_214A4)
4:strlen:0x373b6
	(1.0000:9330fe7f529c5d604aff55e2b8a4eac1.sub_373B6)
4:sprintf:0x213ec
4:strcmp:0x371c6
4:sendto:0x77e76
4:strcpy:0x371e4
4:memmove:0x37ff2
4:atoi:0x2034a
4:strchr:0x370f2
4:memcmp:0x37cac
4:memcpy:0x38222
4:getenv:0x20772
4:recv:0x400ac
4:strnlen:0x37460
4:recvfrom:0x76206
4:strrchr:0x375bc
4:strncpy:0x64662
4:memset:0x38116
4:strncmp:0x3752a
4:send:0x40010
4:strlen:0x373b6
4:checksum:0x0
4:csum:0x0
4:snprintf:0x0
4:sscanf:0x0
4:strcat:0x0
4:strncat:0x0
4:strtol:0x0
4:strtoul:0x0